Archive member included to satisfy reference by file (symbol)

rp2040_hal/librp2040_hal.a(rp2040_platform.c.o)
                              CMakeFiles/uniprog_bridge.dir/src/main.c.o (hal_platform_init)
rp2040_hal/librp2040_hal.a(rp2040_hal_gpio.c.o)
                              CMakeFiles/uniprog_bridge.dir/src/executor_spi.c.o (hal_gpio_init)
rp2040_hal/librp2040_hal.a(rp2040_hal_spi.c.o)
                              CMakeFiles/uniprog_bridge.dir/src/executor_spi.c.o (hal_spi_init)
rp2040_hal/librp2040_hal.a(rp2040_hal_i2c.c.o)
                              CMakeFiles/uniprog_bridge.dir/src/executor_i2c.c.o (hal_i2c_init)
rp2040_hal/librp2040_hal.a(spi.c.o)
                              rp2040_hal/librp2040_hal.a(rp2040_hal_spi.c.o) (spi_init)
rp2040_hal/librp2040_hal.a(i2c.c.o)
                              rp2040_hal/librp2040_hal.a(rp2040_hal_i2c.c.o) (i2c_deinit)
rp2040_hal/librp2040_hal.a(dma.c.o)
                              rp2040_hal/librp2040_hal.a(rp2040_hal_spi.c.o) (dma_channel_unclaim)
/home/wm/.local/opt/gcc-arm-none-eabi-10.3-2021.10/bin/../lib/gcc/arm-none-eabi/10.3.1/thumb/v6-m/nofp/libgcc.a(_dvmd_tls.o)
                              CMakeFiles/uniprog_bridge.dir/home/wm/pico-sdk/src/rp2_common/pico_divider/divider_hardware.S.o (__aeabi_idiv0)
/home/wm/.local/opt/gcc-arm-none-eabi-10.3-2021.10/bin/../lib/gcc/arm-none-eabi/10.3.1/../../../../arm-none-eabi/lib/thumb/v6-m/nofp/libg.a(lib_a-calloc.o)
                              CMakeFiles/uniprog_bridge.dir/home/wm/pico-sdk/src/rp2_common/pico_malloc/malloc.c.o (calloc)
/home/wm/.local/opt/gcc-arm-none-eabi-10.3-2021.10/bin/../lib/gcc/arm-none-eabi/10.3.1/../../../../arm-none-eabi/lib/thumb/v6-m/nofp/libg.a(lib_a-callocr.o)
                              /home/wm/.local/opt/gcc-arm-none-eabi-10.3-2021.10/bin/../lib/gcc/arm-none-eabi/10.3.1/../../../../arm-none-eabi/lib/thumb/v6-m/nofp/libg.a(lib_a-calloc.o) (_calloc_r)
/home/wm/.local/opt/gcc-arm-none-eabi-10.3-2021.10/bin/../lib/gcc/arm-none-eabi/10.3.1/../../../../arm-none-eabi/lib/thumb/v6-m/nofp/libg.a(lib_a-errno.o)
                              /home/wm/.local/opt/gcc-arm-none-eabi-10.3-2021.10/bin/../lib/gcc/arm-none-eabi/10.3.1/../../../../arm-none-eabi/lib/thumb/v6-m/nofp/libg.a(lib_a-callocr.o) (__errno)
/home/wm/.local/opt/gcc-arm-none-eabi-10.3-2021.10/bin/../lib/gcc/arm-none-eabi/10.3.1/../../../../arm-none-eabi/lib/thumb/v6-m/nofp/libg.a(lib_a-impure.o)
                              /home/wm/.local/opt/gcc-arm-none-eabi-10.3-2021.10/bin/../lib/gcc/arm-none-eabi/10.3.1/../../../../arm-none-eabi/lib/thumb/v6-m/nofp/libg.a(lib_a-calloc.o) (_impure_ptr)
/home/wm/.local/opt/gcc-arm-none-eabi-10.3-2021.10/bin/../lib/gcc/arm-none-eabi/10.3.1/../../../../arm-none-eabi/lib/thumb/v6-m/nofp/libg.a(lib_a-init.o)
                              /home/wm/.local/opt/gcc-arm-none-eabi-10.3-2021.10/bin/../lib/gcc/arm-none-eabi/10.3.1/../../../../arm-none-eabi/lib/thumb/v6-m/nofp/crt0.o (__libc_init_array)
/home/wm/.local/opt/gcc-arm-none-eabi-10.3-2021.10/bin/../lib/gcc/arm-none-eabi/10.3.1/../../../../arm-none-eabi/lib/thumb/v6-m/nofp/libg.a(lib_a-lcltime_r.o)
                              CMakeFiles/uniprog_bridge.dir/home/wm/pico-sdk/src/common/pico_util/datetime.c.o (localtime_r)
/home/wm/.local/opt/gcc-arm-none-eabi-10.3-2021.10/bin/../lib/gcc/arm-none-eabi/10.3.1/../../../../arm-none-eabi/lib/thumb/v6-m/nofp/libg.a(lib_a-malloc.o)
                              CMakeFiles/uniprog_bridge.dir/home/wm/pico-sdk/src/rp2_common/pico_malloc/malloc.c.o (malloc)
/home/wm/.local/opt/gcc-arm-none-eabi-10.3-2021.10/bin/../lib/gcc/arm-none-eabi/10.3.1/../../../../arm-none-eabi/lib/thumb/v6-m/nofp/libg.a(lib_a-mallocr.o)
                              /home/wm/.local/opt/gcc-arm-none-eabi-10.3-2021.10/bin/../lib/gcc/arm-none-eabi/10.3.1/../../../../arm-none-eabi/lib/thumb/v6-m/nofp/libg.a(lib_a-callocr.o) (_malloc_r)
/home/wm/.local/opt/gcc-arm-none-eabi-10.3-2021.10/bin/../lib/gcc/arm-none-eabi/10.3.1/../../../../arm-none-eabi/lib/thumb/v6-m/nofp/libg.a(lib_a-memcmp.o)
                              CMakeFiles/uniprog_bridge.dir/home/wm/pico-sdk/src/rp2_common/pico_atomic/atomic.c.o (memcmp)
/home/wm/.local/opt/gcc-arm-none-eabi-10.3-2021.10/bin/../lib/gcc/arm-none-eabi/10.3.1/../../../../arm-none-eabi/lib/thumb/v6-m/nofp/libg.a(lib_a-mktime.o)
                              CMakeFiles/uniprog_bridge.dir/home/wm/pico-sdk/src/common/pico_util/datetime.c.o (mktime)
/home/wm/.local/opt/gcc-arm-none-eabi-10.3-2021.10/bin/../lib/gcc/arm-none-eabi/10.3.1/../../../../arm-none-eabi/lib/thumb/v6-m/nofp/libg.a(lib_a-mlock.o)
                              /home/wm/.local/opt/gcc-arm-none-eabi-10.3-2021.10/bin/../lib/gcc/arm-none-eabi/10.3.1/../../../../arm-none-eabi/lib/thumb/v6-m/nofp/libg.a(lib_a-mallocr.o) (__malloc_lock)
/home/wm/.local/opt/gcc-arm-none-eabi-10.3-2021.10/bin/../lib/gcc/arm-none-eabi/10.3.1/../../../../arm-none-eabi/lib/thumb/v6-m/nofp/libg.a(lib_a-month_lengths.o)
[...]
Memory Configuration

Name             Origin             Length             Attributes
FLASH            0x0000000010000000 0x0000000000200000 xr
RAM              0x0000000020000000 0x0000000000040000 xrw
SCRATCH_X        0x0000000020040000 0x0000000000001000 xrw
SCRATCH_Y        0x0000000020041000 0x0000000000001000 xrw
*default*        0x0000000000000000 0xffffffffffffffff

Linker script and memory map

LOAD /home/wm/.local/opt/gcc-arm-none-eabi-10.3-2021.10/bin/../lib/gcc/arm-none-eabi/10.3.1/thumb/v6-m/nofp/crti.o
LOAD /home/wm/.local/opt/gcc-arm-none-eabi-10.3-2021.10/bin/../lib/gcc/arm-none-eabi/10.3.1/thumb/v6-m/nofp/crtbegin.o
LOAD /home/wm/.local/opt/gcc-arm-none-eabi-10.3-2021.10/bin/../lib/gcc/arm-none-eabi/10.3.1/../../../../arm-none-eabi/lib/thumb/v6-m/nofp/crt0.o

.flash_begin    0x0000000010000000        0x0
                0x0000000010000000                __flash_binary_start = .

.boot2          0x0000000010000000      0x100
                0x0000000010000000                __boot2_start__ = .
 *(.boot2)
 .boot2         0x0000000010000000      0x100 pico-sdk/src/rp2040/boot_stage2/CMakeFiles/bs2_default_library.dir/bs2_default_padded_checksummed.S.o
                0x0000000010000100                __boot2_end__ = .
                0x0000000000000001                ASSERT (((__boot2_end__ - __boot2_start__) == 0x100), ERROR: Pico second stage bootloader must be 256 bytes in size)

.text           0x0000000010000100     0x5364
                0x0000000010000100                __logical_binary_start = .
 *(.vectors)
 .vectors       0x0000000010000100       0xd4 CMakeFiles/uniprog_bridge.dir/home/wm/pico-sdk/src/rp2_common/pico_crt0/crt0.S.o
                0x0000000010000100                __vectors
                0x0000000010000100                __VECTOR_TABLE
                0x00000000100001c0                isr_irq30
                0x00000000100001c0                __unhandled_user_irq
                0x00000000100001c0                isr_irq13
                0x00000000100001c0                isr_irq27
                0x00000000100001c0                isr_irq31
                0x00000000100001c0                isr_irq5
                0x00000000100001c0                isr_irq11
                0x00000000100001c0                isr_irq23
                0x00000000100001c0                isr_irq18
                0x00000000100001c0                isr_irq28
                0x00000000100001c0                isr_irq19
                0x00000000100001c0                isr_irq0
                0x00000000100001c0                isr_irq6
                0x00000000100001c0                isr_irq22
                0x00000000100001c0                isr_irq17
                0x00000000100001c0                isr_irq14
                0x00000000100001c0                __vectors_end
                0x00000000100001c0                __default_isrs_start
                0x00000000100001c0                isr_irq2
                0x00000000100001c0                isr_irq10
                0x00000000100001c0                isr_irq8
                0x00000000100001c0                isr_irq24
                0x00000000100001c0                isr_irq1
                0x00000000100001c0                isr_irq7
                0x00000000100001c0                isr_irq21
                0x00000000100001c0                isr_irq20
                0x00000000100001c0                isr_irq15
                0x00000000100001c0                isr_irq25
                0x00000000100001c0                isr_irq4
                0x00000000100001c0                isr_irq16
                0x00000000100001c0                isr_irq29
                0x00000000100001c0                isr_irq26
                0x00000000100001c0                isr_irq3
                0x00000000100001c0                isr_irq12
                0x00000000100001c0                isr_irq9
                0x00000000100001c6                unhandled_user_irq_num_in_r0
                0x00000000100001c8                isr_invalid
                0x00000000100001ca                isr_nmi
                0x00000000100001cc                isr_hardfault
                0x00000000100001ce                isr_svcall
                0x00000000100001d0                isr_pendsv
                0x00000000100001d2                isr_systick
                0x00000000100001d4                __default_isrs_end
 *(.binary_info_header)
 .binary_info_header
                0x00000000100001d4       0x14 CMakeFiles/uniprog_bridge.dir/home/wm/pico-sdk/src/rp2_common/pico_crt0/crt0.S.o
                0x00000000100001e8                __binary_info_header_end = .
 *(.embedded_block)
                0x00000000100001e8                __embedded_block_end = .
 *(.reset)
 .reset         0x00000000100001e8       0x9c CMakeFiles/uniprog_bridge.dir/home/wm/pico-sdk/src/rp2_common/pico_crt0/crt0.S.o
                0x00000000100001e8                _entry_point
 *(.init)
 .init          0x0000000010000284        0x4 /home/wm/.local/opt/gcc-arm-none-eabi-10.3-2021.10/bin/../lib/gcc/arm-none-eabi/10.3.1/thumb/v6-m/nofp/crti.o
                0x0000000010000284                _init
 *(EXCLUDE_FILE(*libm.a: *libc.a:*lib_a-mem*.o *libgcc.a:) .text*)
 .text          0x0000000010000288       0x48 /home/wm/.local/opt/gcc-arm-none-eabi-10.3-2021.10/bin/../lib/gcc/arm-none-eabi/10.3.1/thumb/v6-m/nofp/crtbegin.o
 .text.cdc_send_bytes
                0x00000000100002d0       0x24 CMakeFiles/uniprog_bridge.dir/src/main.c.o
                0x00000000100002d0                cdc_send_bytes
 .text.tud_cdc_line_state_cb
                0x00000000100002f4       0x10 CMakeFiles/uniprog_bridge.dir/src/main.c.o
                0x00000000100002f4                tud_cdc_line_state_cb
 .text.startup.main
                0x0000000010000304       0x64 CMakeFiles/uniprog_bridge.dir/src/main.c.o
                0x0000000010000304                main
 .text.up_protocol_send.constprop.0
                0x0000000010000368      0x2b8 CMakeFiles/uniprog_bridge.dir/src/bridge_protocol.c.o
 .text.up_protocol_init
                0x0000000010000620        0xc CMakeFiles/uniprog_bridge.dir/src/bridge_protocol.c.o
                0x0000000010000620                up_protocol_init
 .text.up_protocol_feed
                0x000000001000062c      0x364 CMakeFiles/uniprog_bridge.dir/src/bridge_protocol.c.o
                0x000000001000062c                up_protocol_feed
 .text.up_protocol_send
                0x0000000010000990      0x2e0 CMakeFiles/uniprog_bridge.dir/src/bridge_protocol.c.o
                0x0000000010000990                up_protocol_send
 .text.up_protocol_send_ack
                0x0000000010000c70      0x12c CMakeFiles/uniprog_bridge.dir/src/bridge_protocol.c.o
                0x0000000010000c70                up_protocol_send_ack
 .text.up_protocol_send_error
                0x0000000010000d9c       0x14 CMakeFiles/uniprog_bridge.dir/src/bridge_protocol.c.o
                0x0000000010000d9c                up_protocol_send_error
 .text.exec_spi
                0x0000000010000db0      0x13c CMakeFiles/uniprog_bridge.dir/src/executor_spi.c.o
                0x0000000010000db0                exec_spi
 .text.exec_i2c
                0x0000000010000eec      0x13c CMakeFiles/uniprog_bridge.dir/src/executor_i2c.c.o
                0x0000000010000eec                exec_i2c
 .text.exec_system
                0x0000000010001028       0x40 CMakeFiles/uniprog_bridge.dir/src/executor_sys.c.o
                0x0000000010001028                exec_system
 .text.exec_gpio
                0x0000000010001068       0x78 CMakeFiles/uniprog_bridge.dir/src/executor_gpio.c.o
                0x0000000010001068                exec_gpio
 .text.tud_descriptor_device_cb
                0x00000000100010e0        0x8 CMakeFiles/uniprog_bridge.dir/src/usb_descriptors.c.o
                0x00000000100010e0                tud_descriptor_device_cb
 .text.tud_descriptor_configuration_cb
                0x00000000100010e8        0x8 CMakeFiles/uniprog_bridge.dir/src/usb_descriptors.c.o
                0x00000000100010e8                tud_descriptor_configuration_cb
 .text.tud_descriptor_string_cb
                0x00000000100010f0       0x80 CMakeFiles/uniprog_bridge.dir/src/usb_descriptors.c.o
                0x00000000100010f0                tud_descriptor_string_cb
 .text.gpio_set_function
                0x0000000010001170       0x34 CMakeFiles/uniprog_bridge.dir/home/wm/pico-sdk/src/rp2_common/hardware_gpio/gpio.c.o
                0x0000000010001170                gpio_set_function
 .text.gpio_set_pulls
                0x00000000100011a4       0x34 CMakeFiles/uniprog_bridge.dir/home/wm/pico-sdk/src/rp2_common/hardware_gpio/gpio.c.o
                0x00000000100011a4                gpio_set_pulls
 .text.gpio_init
                0x00000000100011d8       0x40 CMakeFiles/uniprog_bridge.dir/home/wm/pico-sdk/src/rp2_common/hardware_gpio/gpio.c.o
                0x00000000100011d8                gpio_init
 .text.rp2040_chip_version
                0x0000000010001218        0xc CMakeFiles/uniprog_bridge.dir/home/wm/pico-sdk/src/rp2040/pico_platform/platform.c.o
                0x0000000010001218                rp2040_chip_version
 .text.panic    0x0000000010001224       0x30 CMakeFiles/uniprog_bridge.dir/home/wm/pico-sdk/src/rp2_common/pico_platform_panic/panic.c.o
                0x0000000010001224                panic
 .text.hw_claim_or_assert
                0x0000000010001254       0x44 CMakeFiles/uniprog_bridge.dir/home/wm/pico-sdk/src/common/hardware_claim/claim.c.o
                0x0000000010001254                hw_claim_or_assert
 .text.hw_claim_unused_from_range
                0x0000000010001298       0x9c CMakeFiles/uniprog_bridge.dir/home/wm/pico-sdk/src/common/hardware_claim/claim.c.o
                0x0000000010001298                hw_claim_unused_from_range
 .text.hw_claim_clear
                0x0000000010001334       0x38 CMakeFiles/uniprog_bridge.dir/home/wm/pico-sdk/src/common/hardware_claim/claim.c.o
                0x0000000010001334                hw_claim_clear
 .text.next_striped_spin_lock_num
                0x000000001000136c       0x18 CMakeFiles/uniprog_bridge.dir/home/wm/pico-sdk/src/rp2_common/hardware_sync/sync.c.o
                0x000000001000136c                next_striped_spin_lock_num
 .text.spin_lock_claim_unused
                0x0000000010001384       0x20 CMakeFiles/uniprog_bridge.dir/home/wm/pico-sdk/src/rp2_common/hardware_sync/sync.c.o
                0x0000000010001384                spin_lock_claim_unused
 .text.spin_locks_reset
                0x00000000100013a4       0x1c CMakeFiles/uniprog_bridge.dir/home/wm/pico-sdk/src/rp2_common/hardware_sync_spin_lock/sync_spin_lock.c.o
                0x00000000100013a4                spin_locks_reset
 .text.runtime_init_per_core_irq_priorities
                0x00000000100013c0       0x24 CMakeFiles/uniprog_bridge.dir/home/wm/pico-sdk/src/rp2_common/hardware_irq/irq.c.o
                0x00000000100013c0                runtime_init_per_core_irq_priorities
 .text.irq_set_enabled
                0x00000000100013e4       0x24 CMakeFiles/uniprog_bridge.dir/home/wm/pico-sdk/src/rp2_common/hardware_irq/irq.c.o
                0x00000000100013e4                irq_set_enabled
 .text.irq_set_exclusive_handler
                0x0000000010001408       0x54 CMakeFiles/uniprog_bridge.dir/home/wm/pico-sdk/src/rp2_common/hardware_irq/irq.c.o
                0x0000000010001408                irq_set_exclusive_handler
 .text.irq_add_shared_handler
                0x000000001000145c      0x1e8 CMakeFiles/uniprog_bridge.dir/home/wm/pico-sdk/src/rp2_common/hardware_irq/irq.c.o
                0x000000001000145c                irq_add_shared_handler
 .text.irq_remove_handler
                0x0000000010001644      0x1c4 CMakeFiles/uniprog_bridge.dir/home/wm/pico-sdk/src/rp2_common/hardware_irq/irq.c.o
                0x0000000010001644                irq_remove_handler
 .text.irq_add_tail_to_free_list
                0x0000000010001808       0xb4 CMakeFiles/uniprog_bridge.dir/home/wm/pico-sdk/src/rp2_common/hardware_irq/irq.c.o
                0x0000000010001808                irq_add_tail_to_free_list
 .text.lock_init
                0x00000000100018bc       0x10 CMakeFiles/uniprog_bridge.dir/home/wm/pico-sdk/src/common/pico_sync/lock_core.c.o
                0x00000000100018bc                lock_init
 .text.runtime_init_mutex
                0x00000000100018cc       0x58 CMakeFiles/uniprog_bridge.dir/home/wm/pico-sdk/src/common/pico_sync/mutex.c.o
                0x00000000100018cc                runtime_init_mutex
 .text.mutex_init
                0x0000000010001924       0x1c CMakeFiles/uniprog_bridge.dir/home/wm/pico-sdk/src/common/pico_sync/mutex.c.o
                0x0000000010001924                mutex_init
 .text.critical_section_init
                0x0000000010001940       0x20 CMakeFiles/uniprog_bridge.dir/home/wm/pico-sdk/src/common/pico_sync/critical_section.c.o
                0x0000000010001940                critical_section_init
 .text.sleep_until_callback
                0x0000000010001960       0x30 CMakeFiles/uniprog_bridge.dir/home/wm/pico-sdk/src/common/pico_time/time.c.o
 .text.alarm_pool_irq_handler
                0x0000000010001990      0x308 CMakeFiles/uniprog_bridge.dir/home/wm/pico-sdk/src/common/pico_time/time.c.o
 .text.runtime_init_default_alarm_pool
                0x0000000010001c98       0xdc CMakeFiles/uniprog_bridge.dir/home/wm/pico-sdk/src/common/pico_time/time.c.o
                0x0000000010001c98                runtime_init_default_alarm_pool
 .text.alarm_pool_add_alarm_at_force_in_context
                0x0000000010001d74       0xb0 CMakeFiles/uniprog_bridge.dir/home/wm/pico-sdk/src/common/pico_time/time.c.o
                0x0000000010001d74                alarm_pool_add_alarm_at_force_in_context
 .text.alarm_pool_cancel_alarm
                0x0000000010001e24       0x7c CMakeFiles/uniprog_bridge.dir/home/wm/pico-sdk/src/common/pico_time/time.c.o
                0x0000000010001e24                alarm_pool_cancel_alarm
 .text.best_effort_wfe_or_timeout
                0x0000000010001ea0       0xfc CMakeFiles/uniprog_bridge.dir/home/wm/pico-sdk/src/common/pico_time/time.c.o
                0x0000000010001ea0                best_effort_wfe_or_timeout
 .text.timer_hardware_alarm_claim
                0x0000000010001f9c       0x14 CMakeFiles/uniprog_bridge.dir/home/wm/pico-sdk/src/rp2_common/hardware_timer/timer.c.o
                0x0000000010001f9c                timer_hardware_alarm_claim
 .text.timer_time_us_64
                0x0000000010001fb0       0x10 CMakeFiles/uniprog_bridge.dir/home/wm/pico-sdk/src/rp2_common/hardware_timer/timer.c.o
                0x0000000010001fb0                timer_time_us_64
 .text.time_us_64
                0x0000000010001fc0       0x14 CMakeFiles/uniprog_bridge.dir/home/wm/pico-sdk/src/rp2_common/hardware_timer/timer.c.o
                0x0000000010001fc0                time_us_64
 .text.busy_wait_us
                0x0000000010001fd4       0x54 CMakeFiles/uniprog_bridge.dir/home/wm/pico-sdk/src/rp2_common/hardware_timer/timer.c.o
                0x0000000010001fd4                busy_wait_us
 .text.uart_init
                0x0000000010002028      0x11c CMakeFiles/uniprog_bridge.dir/home/wm/pico-sdk/src/rp2_common/hardware_uart/uart.c.o
                0x0000000010002028                uart_init
 .text.clock_configure_int_divider
                0x0000000010002144       0xf4 CMakeFiles/uniprog_bridge.dir/home/wm/pico-sdk/src/rp2_common/hardware_clocks/clocks.c.o
                0x0000000010002144                clock_configure_int_divider
 .text.clock_configure_undivided
                0x0000000010002238       0xe8 CMakeFiles/uniprog_bridge.dir/home/wm/pico-sdk/src/rp2_common/hardware_clocks/clocks.c.o
                0x0000000010002238                clock_configure_undivided
 .text.clock_get_hz
                0x0000000010002320        0xc CMakeFiles/uniprog_bridge.dir/home/wm/pico-sdk/src/rp2_common/hardware_clocks/clocks.c.o
                0x0000000010002320                clock_get_hz
 .text.pll_init
                0x000000001000232c       0xa0 CMakeFiles/uniprog_bridge.dir/home/wm/pico-sdk/src/rp2_common/hardware_pll/pll.c.o
                0x000000001000232c                pll_init
 .text.watchdog_reboot
                0x00000000100023cc       0x98 CMakeFiles/uniprog_bridge.dir/home/wm/pico-sdk/src/rp2_common/hardware_watchdog/watchdog.c.o
                0x00000000100023cc                watchdog_reboot
 .text.tick_start
                0x0000000010002464       0x10 CMakeFiles/uniprog_bridge.dir/home/wm/pico-sdk/src/rp2_common/hardware_ticks/ticks.c.o
                0x0000000010002464                tick_start
 .text.rom_func_lookup
                0x0000000010002474       0x10 CMakeFiles/uniprog_bridge.dir/home/wm/pico-sdk/src/rp2_common/pico_bootrom/bootrom.c.o
                0x0000000010002474                rom_func_lookup
 .text.rom_data_lookup
                0x0000000010002484       0x10 CMakeFiles/uniprog_bridge.dir/home/wm/pico-sdk/src/rp2_common/pico_bootrom/bootrom.c.o
                0x0000000010002484                rom_data_lookup
 .text.rom_funcs_lookup
                0x0000000010002494       0x44 CMakeFiles/uniprog_bridge.dir/home/wm/pico-sdk/src/rp2_common/pico_bootrom/bootrom.c.o
                0x0000000010002494                rom_funcs_lookup
 .text.xosc_init
                0x00000000100024d8       0x28 CMakeFiles/uniprog_bridge.dir/home/wm/pico-sdk/src/rp2_common/hardware_xosc/xosc.c.o
                0x00000000100024d8                xosc_init
 .text.first_per_core_initializer
                0x0000000010002500        0x4 CMakeFiles/uniprog_bridge.dir/home/wm/pico-sdk/src/rp2_common/pico_runtime/runtime.c.o
 .text.hard_assertion_failure
                0x0000000010002504        0xc CMakeFiles/uniprog_bridge.dir/home/wm/pico-sdk/src/rp2_common/pico_runtime/runtime.c.o
                0x0000000010002504                hard_assertion_failure
 .text.runtime_run_initializers
                0x0000000010002510       0x28 CMakeFiles/uniprog_bridge.dir/home/wm/pico-sdk/src/rp2_common/pico_runtime/runtime.c.o
                0x0000000010002510                runtime_run_initializers
 .text.runtime_init_early_resets
                0x0000000010002538       0x2c CMakeFiles/uniprog_bridge.dir/home/wm/pico-sdk/src/rp2_common/pico_runtime_init/runtime_init.c.o
                0x0000000010002538                runtime_init_early_resets
 .text.runtime_init_usb_power_down
                0x0000000010002564       0x1c CMakeFiles/uniprog_bridge.dir/home/wm/pico-sdk/src/rp2_common/pico_runtime_init/runtime_init.c.o
                0x0000000010002564                runtime_init_usb_power_down
 .text.runtime_init_post_clock_resets
                0x0000000010002580       0x20 CMakeFiles/uniprog_bridge.dir/home/wm/pico-sdk/src/rp2_common/pico_runtime_init/runtime_init.c.o
                0x0000000010002580                runtime_init_post_clock_resets
 .text.runtime_init_rp2040_gpio_ie_disable
                0x00000000100025a0       0x14 CMakeFiles/uniprog_bridge.dir/home/wm/pico-sdk/src/rp2_common/pico_runtime_init/runtime_init.c.o
                0x00000000100025a0                runtime_init_rp2040_gpio_ie_disable
 .text.runtime_init_spin_locks_reset
                0x00000000100025b4        0x8 CMakeFiles/uniprog_bridge.dir/home/wm/pico-sdk/src/rp2_common/pico_runtime_init/runtime_init.c.o
                0x00000000100025b4                runtime_init_spin_locks_reset
 .text.runtime_init_install_ram_vector_table
                0x00000000100025bc       0xcc CMakeFiles/uniprog_bridge.dir/home/wm/pico-sdk/src/rp2_common/pico_runtime_init/runtime_init.c.o
                0x00000000100025bc                runtime_init_install_ram_vector_table
 .text.runtime_init_clocks
                0x0000000010002688       0xd8 CMakeFiles/uniprog_bridge.dir/home/wm/pico-sdk/src/rp2_common/pico_runtime_init/runtime_init_clocks.c.o
                0x0000000010002688                runtime_init_clocks
 .text          0x0000000010002760       0x10 CMakeFiles/uniprog_bridge.dir/home/wm/pico-sdk/src/rp2_common/pico_bit_ops/bit_ops_aeabi.S.o
 .text.__wrap___aeabi_uidiv
                0x0000000010002770       0x4c CMakeFiles/uniprog_bridge.dir/home/wm/pico-sdk/src/rp2_common/pico_divider/divider_hardware.S.o
                0x0000000010002770                __wrap___aeabi_uidiv
                0x0000000010002770                __wrap___aeabi_uidivmod
                0x0000000010002770                div_u32u32
                0x0000000010002770                divmod_u32u32
                0x0000000010002778                divmod_u32u32_unsafe
                0x00000000100027a0                divmod_u32u32_savestate
 .text.__aeabi_double_init
                0x00000000100027bc       0xa0 CMakeFiles/uniprog_bridge.dir/home/wm/pico-sdk/src/rp2_common/pico_double/double_init_rom_rp2040.c.o
                0x00000000100027bc                __aeabi_double_init
 .text.double_table_shim_on_use_helper
                0x000000001000285c       0x2c CMakeFiles/uniprog_bridge.dir/home/wm/pico-sdk/src/rp2_common/pico_double/double_v1_rom_shim_rp2040.S.o
                0x000000001000285c                double_table_shim_on_use_helper
 .text.__aeabi_lmul
                0x0000000010002888       0x32 CMakeFiles/uniprog_bridge.dir/home/wm/pico-sdk/src/rp2_common/pico_int64_ops/pico_int64_ops_aeabi.S.o
                0x0000000010002888                __wrap___aeabi_lmul
 *fill*         0x00000000100028ba        0x2 
 .text.__aeabi_float_init
                0x00000000100028bc       0x64 CMakeFiles/uniprog_bridge.dir/home/wm/pico-sdk/src/rp2_common/pico_float/float_init_rom_rp2040.c.o
                0x00000000100028bc                __aeabi_float_init
 .text.float_table_shim_on_use_helper
                0x0000000010002920       0x2c CMakeFiles/uniprog_bridge.dir/home/wm/pico-sdk/src/rp2_common/pico_float/float_v1_rom_shim_rp2040.S.o
                0x0000000010002920                float_table_shim_on_use_helper
 .text          0x000000001000294c       0x10 CMakeFiles/uniprog_bridge.dir/home/wm/pico-sdk/src/rp2_common/pico_mem_ops/mem_ops_aeabi.S.o
                0x000000001000294c                __aeabi_mem_init
 .text.memset   0x000000001000295c        0xc CMakeFiles/uniprog_bridge.dir/home/wm/pico-sdk/src/rp2_common/pico_mem_ops/mem_ops_aeabi.S.o
                0x000000001000295c                __wrap_memset
 .text.memcpy   0x0000000010002968        0xc CMakeFiles/uniprog_bridge.dir/home/wm/pico-sdk/src/rp2_common/pico_mem_ops/mem_ops_aeabi.S.o
                0x0000000010002968                __wrap___aeabi_memcpy
                0x0000000010002968                __wrap_memcpy
 .text._out_char
                0x0000000010002974       0x10 CMakeFiles/uniprog_bridge.dir/home/wm/pico-sdk/src/rp2_common/pico_printf/printf.c.o
 .text.weak_raw_vprintf
                0x0000000010002984       0x30 CMakeFiles/uniprog_bridge.dir/home/wm/pico-sdk/src/rp2_common/pico_printf/printf.c.o
                0x0000000010002984                weak_raw_vprintf
 .text._exit    0x00000000100029b4        0x4 CMakeFiles/uniprog_bridge.dir/home/wm/pico-sdk/src/rp2_common/pico_clib_interface/newlib_interface.c.o
                0x00000000100029b4                _exit
 .text.exit     0x00000000100029b8        0x8 CMakeFiles/uniprog_bridge.dir/home/wm/pico-sdk/src/rp2_common/pico_clib_interface/newlib_interface.c.o
                0x00000000100029b8                exit
 .text.runtime_init
                0x00000000100029c0       0x2c CMakeFiles/uniprog_bridge.dir/home/wm/pico-sdk/src/rp2_common/pico_clib_interface/newlib_interface.c.o
                0x00000000100029c0                runtime_init
 .text.stdio_out_chars_no_crlf
                0x00000000100029ec       0x10 CMakeFiles/uniprog_bridge.dir/home/wm/pico-sdk/src/rp2_common/pico_stdio/stdio.c.o
 .text.stdio_out_chars_crlf
                0x00000000100029fc       0xb4 CMakeFiles/uniprog_bridge.dir/home/wm/pico-sdk/src/rp2_common/pico_stdio/stdio.c.o
 .text.stdio_put_string
                0x0000000010002ab0      0x100 CMakeFiles/uniprog_bridge.dir/home/wm/pico-sdk/src/rp2_common/pico_stdio/stdio.c.o
                0x0000000010002ab0                stdio_put_string
 .text.stdio_set_driver_enabled
                0x0000000010002bb0       0x30 CMakeFiles/uniprog_bridge.dir/home/wm/pico-sdk/src/rp2_common/pico_stdio/stdio.c.o
                0x0000000010002bb0                stdio_set_driver_enabled
 .text.stdio_init_all
                0x0000000010002be0        0xc CMakeFiles/uniprog_bridge.dir/home/wm/pico-sdk/src/rp2_common/pico_stdio/stdio.c.o
                0x0000000010002be0                stdio_init_all
 .text.__wrap_putchar
                0x0000000010002bec       0x98 CMakeFiles/uniprog_bridge.dir/home/wm/pico-sdk/src/rp2_common/pico_stdio/stdio.c.o
                0x0000000010002bec                stdio_putchar
                0x0000000010002bec                __wrap_putchar
 .text.__wrap_puts
                0x0000000010002c84       0x3c CMakeFiles/uniprog_bridge.dir/home/wm/pico-sdk/src/rp2_common/pico_stdio/stdio.c.o
                0x0000000010002c84                __wrap_puts
                0x0000000010002c84                stdio_puts
 .text.stdio_uart_out_chars
                0x0000000010002cc0       0x4c CMakeFiles/uniprog_bridge.dir/home/wm/pico-sdk/src/rp2_common/pico_stdio_uart/stdio_uart.c.o
 .text.stdio_uart_in_chars
                0x0000000010002d0c       0x84 CMakeFiles/uniprog_bridge.dir/home/wm/pico-sdk/src/rp2_common/pico_stdio_uart/stdio_uart.c.o
                0x0000000010002d0c                stdio_uart_in_chars
 .text.on_uart_rx
                0x0000000010002d90       0x28 CMakeFiles/uniprog_bridge.dir/home/wm/pico-sdk/src/rp2_common/pico_stdio_uart/stdio_uart.c.o
 .text.stdio_uart_out_flush
                0x0000000010002db8       0x14 CMakeFiles/uniprog_bridge.dir/home/wm/pico-sdk/src/rp2_common/pico_stdio_uart/stdio_uart.c.o
 .text.stdio_uart_set_chars_available_callback
                0x0000000010002dcc       0x88 CMakeFiles/uniprog_bridge.dir/home/wm/pico-sdk/src/rp2_common/pico_stdio_uart/stdio_uart.c.o
 .text.stdio_uart_init
                0x0000000010002e54       0x50 CMakeFiles/uniprog_bridge.dir/home/wm/pico-sdk/src/rp2_common/pico_stdio_uart/stdio_uart.c.o
                0x0000000010002e54                stdio_uart_init
 .text.stdio_uart_init_full
                0x0000000010002ea4       0x3c CMakeFiles/uniprog_bridge.dir/home/wm/pico-sdk/src/rp2_common/pico_stdio_uart/stdio_uart.c.o
                0x0000000010002ea4                stdio_uart_init_full
 .text.dcd_init
                0x0000000010002ee0       0x90 CMakeFiles/uniprog_bridge.dir/home/wm/pico-sdk/lib/tinyusb/src/portable/raspberrypi/rp2040/dcd_rp2040.c.o
                0x0000000010002ee0                dcd_init
 .text.dcd_int_enable
                0x0000000010002f70        0xc CMakeFiles/uniprog_bridge.dir/home/wm/pico-sdk/lib/tinyusb/src/portable/raspberrypi/rp2040/dcd_rp2040.c.o
                0x0000000010002f70                dcd_int_enable
 .text.dcd_set_address
                0x0000000010002f7c       0x14 CMakeFiles/uniprog_bridge.dir/home/wm/pico-sdk/lib/tinyusb/src/portable/raspberrypi/rp2040/dcd_rp2040.c.o
                0x0000000010002f7c                dcd_set_address
 .text.dcd_sof_enable
                0x0000000010002f90       0x1c CMakeFiles/uniprog_bridge.dir/home/wm/pico-sdk/lib/tinyusb/src/portable/raspberrypi/rp2040/dcd_rp2040.c.o
                0x0000000010002f90                dcd_sof_enable
 .text.dcd_edpt0_status_complete
                0x0000000010002fac       0x1c CMakeFiles/uniprog_bridge.dir/home/wm/pico-sdk/lib/tinyusb/src/portable/raspberrypi/rp2040/dcd_rp2040.c.o
                0x0000000010002fac                dcd_edpt0_status_complete
 .text.dcd_edpt_open
                0x0000000010002fc8      0x114 CMakeFiles/uniprog_bridge.dir/home/wm/pico-sdk/lib/tinyusb/src/portable/raspberrypi/rp2040/dcd_rp2040.c.o
                0x0000000010002fc8                dcd_edpt_open
 .text.dcd_edpt_close_all
                0x00000000100030dc        0x8 CMakeFiles/uniprog_bridge.dir/home/wm/pico-sdk/lib/tinyusb/src/portable/raspberrypi/rp2040/dcd_rp2040.c.o
                0x00000000100030dc                dcd_edpt_close_all
 .text.dcd_edpt_xfer
                0x00000000100030e4       0x24 CMakeFiles/uniprog_bridge.dir/home/wm/pico-sdk/lib/tinyusb/src/portable/raspberrypi/rp2040/dcd_rp2040.c.o
                0x00000000100030e4                dcd_edpt_xfer
 .text.dcd_edpt_stall
                0x0000000010003108       0x38 CMakeFiles/uniprog_bridge.dir/home/wm/pico-sdk/lib/tinyusb/src/portable/raspberrypi/rp2040/dcd_rp2040.c.o
                0x0000000010003108                dcd_edpt_stall
 .text.dcd_edpt_clear_stall
                0x0000000010003140       0x30 CMakeFiles/uniprog_bridge.dir/home/wm/pico-sdk/lib/tinyusb/src/portable/raspberrypi/rp2040/dcd_rp2040.c.o
                0x0000000010003140                dcd_edpt_clear_stall
 .text.rp2040_usb_init
                0x0000000010003170       0x40 CMakeFiles/uniprog_bridge.dir/home/wm/pico-sdk/lib/tinyusb/src/portable/raspberrypi/rp2040/rp2040_usb.c.o
                0x0000000010003170                rp2040_usb_init
 .text.hw_endpoint_xfer_start
                0x00000000100031b0       0x50 CMakeFiles/uniprog_bridge.dir/home/wm/pico-sdk/lib/tinyusb/src/portable/raspberrypi/rp2040/rp2040_usb.c.o
                0x00000000100031b0                hw_endpoint_xfer_start
 .text.tud_vendor_control_xfer_cb
                0x0000000010003200        0x4 CMakeFiles/uniprog_bridge.dir/home/wm/pico-sdk/lib/tinyusb/src/device/usbd.c.o
                0x0000000010003200                tud_vendor_control_xfer_cb
 .text.tud_event_hook_cb
                0x0000000010003204        0x4 CMakeFiles/uniprog_bridge.dir/home/wm/pico-sdk/lib/tinyusb/src/device/usbd.c.o
                0x0000000010003204                tud_event_hook_cb
 .text.tud_sof_cb
                0x0000000010003208        0x4 CMakeFiles/uniprog_bridge.dir/home/wm/pico-sdk/lib/tinyusb/src/device/usbd.c.o
                0x0000000010003208                tud_sof_cb
 .text.tud_descriptor_bos_cb
                0x000000001000320c        0x4 CMakeFiles/uniprog_bridge.dir/home/wm/pico-sdk/lib/tinyusb/src/device/usbd.c.o
                0x000000001000320c                tud_descriptor_bos_cb
 .text.tud_descriptor_device_qualifier_cb
                0x0000000010003210        0x4 CMakeFiles/uniprog_bridge.dir/home/wm/pico-sdk/lib/tinyusb/src/device/usbd.c.o
                0x0000000010003210                tud_descriptor_device_qualifier_cb
 .text.tud_descriptor_other_speed_configuration_cb
                0x0000000010003214        0x4 CMakeFiles/uniprog_bridge.dir/home/wm/pico-sdk/lib/tinyusb/src/device/usbd.c.o
                0x0000000010003214                tud_descriptor_other_speed_configuration_cb
 .text.tud_mount_cb
                0x0000000010003218        0x4 CMakeFiles/uniprog_bridge.dir/home/wm/pico-sdk/lib/tinyusb/src/device/usbd.c.o
                0x0000000010003218                tud_mount_cb
 .text.tud_umount_cb
                0x000000001000321c        0x4 CMakeFiles/uniprog_bridge.dir/home/wm/pico-sdk/lib/tinyusb/src/device/usbd.c.o
                0x000000001000321c                tud_umount_cb
 .text.tud_suspend_cb
                0x0000000010003220        0x4 CMakeFiles/uniprog_bridge.dir/home/wm/pico-sdk/lib/tinyusb/src/device/usbd.c.o
                0x0000000010003220                tud_suspend_cb
 .text.tud_resume_cb
                0x0000000010003224        0x4 CMakeFiles/uniprog_bridge.dir/home/wm/pico-sdk/lib/tinyusb/src/device/usbd.c.o
                0x0000000010003224                tud_resume_cb
 .text.tud_mounted
                0x0000000010003228       0x10 CMakeFiles/uniprog_bridge.dir/home/wm/pico-sdk/lib/tinyusb/src/device/usbd.c.o
                0x0000000010003228                tud_mounted
 .text.tud_suspended
                0x0000000010003238       0x10 CMakeFiles/uniprog_bridge.dir/home/wm/pico-sdk/lib/tinyusb/src/device/usbd.c.o
                0x0000000010003238                tud_suspended
 .text.tud_rhport_init
                0x0000000010003248       0xf0 CMakeFiles/uniprog_bridge.dir/home/wm/pico-sdk/lib/tinyusb/src/device/usbd.c.o
                0x0000000010003248                tud_rhport_init
 .text.tud_task_ext
                0x0000000010003338      0x7bc CMakeFiles/uniprog_bridge.dir/home/wm/pico-sdk/lib/tinyusb/src/device/usbd.c.o
                0x0000000010003338                tud_task_ext
 .text.usbd_open_edpt_pair
                0x0000000010003af4       0x9c CMakeFiles/uniprog_bridge.dir/home/wm/pico-sdk/lib/tinyusb/src/device/usbd.c.o
                0x0000000010003af4                usbd_open_edpt_pair
 .text.usbd_edpt_open
                0x0000000010003b90       0x34 CMakeFiles/uniprog_bridge.dir/home/wm/pico-sdk/lib/tinyusb/src/device/usbd.c.o
                0x0000000010003b90                usbd_edpt_open
 .text.usbd_edpt_claim
                0x0000000010003bc4       0x28 CMakeFiles/uniprog_bridge.dir/home/wm/pico-sdk/lib/tinyusb/src/device/usbd.c.o
                0x0000000010003bc4                usbd_edpt_claim
 .text.usbd_edpt_release
                0x0000000010003bec       0x28 CMakeFiles/uniprog_bridge.dir/home/wm/pico-sdk/lib/tinyusb/src/device/usbd.c.o
                0x0000000010003bec                usbd_edpt_release
 .text.usbd_edpt_xfer
                0x0000000010003c14       0x4c CMakeFiles/uniprog_bridge.dir/home/wm/pico-sdk/lib/tinyusb/src/device/usbd.c.o
                0x0000000010003c14                usbd_edpt_xfer
 .text.tud_control_status
                0x0000000010003c60       0x30 CMakeFiles/uniprog_bridge.dir/home/wm/pico-sdk/lib/tinyusb/src/device/usbd_control.c.o
                0x0000000010003c60                tud_control_status
 .text.tud_control_xfer
                0x0000000010003c90       0xbc CMakeFiles/uniprog_bridge.dir/home/wm/pico-sdk/lib/tinyusb/src/device/usbd_control.c.o
                0x0000000010003c90                tud_control_xfer
 .text.usbd_control_reset
                0x0000000010003d4c       0x14 CMakeFiles/uniprog_bridge.dir/home/wm/pico-sdk/lib/tinyusb/src/device/usbd_control.c.o
                0x0000000010003d4c                usbd_control_reset
 .text.usbd_control_set_complete_callback
                0x0000000010003d60        0xc CMakeFiles/uniprog_bridge.dir/home/wm/pico-sdk/lib/tinyusb/src/device/usbd_control.c.o
                0x0000000010003d60                usbd_control_set_complete_callback
 .text.usbd_control_set_request
                0x0000000010003d6c       0x1c CMakeFiles/uniprog_bridge.dir/home/wm/pico-sdk/lib/tinyusb/src/device/usbd_control.c.o
                0x0000000010003d6c                usbd_control_set_request
 .text.usbd_control_xfer_cb
                0x0000000010003d88       0xf0 CMakeFiles/uniprog_bridge.dir/home/wm/pico-sdk/lib/tinyusb/src/device/usbd_control.c.o
                0x0000000010003d88                usbd_control_xfer_cb
 .text._prep_out_transaction.isra.0
                0x0000000010003e78       0x74 CMakeFiles/uniprog_bridge.dir/home/wm/pico-sdk/lib/tinyusb/src/class/cdc/cdc_device.c.o
 .text.tud_cdc_n_connected
                0x0000000010003eec       0x34 CMakeFiles/uniprog_bridge.dir/home/wm/pico-sdk/lib/tinyusb/src/class/cdc/cdc_device.c.o
                0x0000000010003eec                tud_cdc_n_connected
 .text.tud_cdc_n_available
                0x0000000010003f20       0x20 CMakeFiles/uniprog_bridge.dir/home/wm/pico-sdk/lib/tinyusb/src/class/cdc/cdc_device.c.o
                0x0000000010003f20                tud_cdc_n_available
 .text.tud_cdc_n_read
                0x0000000010003f40       0xa0 CMakeFiles/uniprog_bridge.dir/home/wm/pico-sdk/lib/tinyusb/src/class/cdc/cdc_device.c.o
                0x0000000010003f40                tud_cdc_n_read
 .text.tud_cdc_n_write_flush
                0x0000000010003fe0       0x7c CMakeFiles/uniprog_bridge.dir/home/wm/pico-sdk/lib/tinyusb/src/class/cdc/cdc_device.c.o
                0x0000000010003fe0                tud_cdc_n_write_flush
 .text.tud_cdc_n_write
                0x000000001000405c       0x48 CMakeFiles/uniprog_bridge.dir/home/wm/pico-sdk/lib/tinyusb/src/class/cdc/cdc_device.c.o
                0x000000001000405c                tud_cdc_n_write
 .text.cdcd_init
                0x00000000100040a4       0x84 CMakeFiles/uniprog_bridge.dir/home/wm/pico-sdk/lib/tinyusb/src/class/cdc/cdc_device.c.o
                0x00000000100040a4                cdcd_init
 .text.cdcd_deinit
                0x0000000010004128       0x24 CMakeFiles/uniprog_bridge.dir/home/wm/pico-sdk/lib/tinyusb/src/class/cdc/cdc_device.c.o
                0x0000000010004128                cdcd_deinit
 .text.cdcd_reset
                0x000000001000414c       0x4c CMakeFiles/uniprog_bridge.dir/home/wm/pico-sdk/lib/tinyusb/src/class/cdc/cdc_device.c.o
                0x000000001000414c                cdcd_reset
 .text.cdcd_open
                0x0000000010004198       0xa8 CMakeFiles/uniprog_bridge.dir/home/wm/pico-sdk/lib/tinyusb/src/class/cdc/cdc_device.c.o
                0x0000000010004198                cdcd_open
 .text.cdcd_control_xfer_cb
                0x0000000010004240       0xe8 CMakeFiles/uniprog_bridge.dir/home/wm/pico-sdk/lib/tinyusb/src/class/cdc/cdc_device.c.o
                0x0000000010004240                cdcd_control_xfer_cb
 .text.cdcd_xfer_cb
                0x0000000010004328       0xfc CMakeFiles/uniprog_bridge.dir/home/wm/pico-sdk/lib/tinyusb/src/class/cdc/cdc_device.c.o
                0x0000000010004328                cdcd_xfer_cb
 .text.tusb_rhport_init
                0x0000000010004424       0x48 CMakeFiles/uniprog_bridge.dir/home/wm/pico-sdk/lib/tinyusb/src/tusb.c.o
                0x0000000010004424                tusb_rhport_init
 .text.tu_edpt_claim
                0x000000001000446c       0x50 CMakeFiles/uniprog_bridge.dir/home/wm/pico-sdk/lib/tinyusb/src/tusb.c.o
                0x000000001000446c                tu_edpt_claim
 .text.tu_edpt_release
                0x00000000100044bc       0x38 CMakeFiles/uniprog_bridge.dir/home/wm/pico-sdk/lib/tinyusb/src/tusb.c.o
                0x00000000100044bc                tu_edpt_release
 .text.tu_edpt_validate
                0x00000000100044f4       0x78 CMakeFiles/uniprog_bridge.dir/home/wm/pico-sdk/lib/tinyusb/src/tusb.c.o
                0x00000000100044f4                tu_edpt_validate
 .text.tu_edpt_bind_driver
                0x000000001000456c       0x34 CMakeFiles/uniprog_bridge.dir/home/wm/pico-sdk/lib/tinyusb/src/tusb.c.o
                0x000000001000456c                tu_edpt_bind_driver
 .text.tu_fifo_config
                0x00000000100045a0       0x70 CMakeFiles/uniprog_bridge.dir/home/wm/pico-sdk/lib/tinyusb/src/common/tusb_fifo.c.o
                0x00000000100045a0                tu_fifo_config
 .text.tu_fifo_count
                0x0000000010004610       0x2c CMakeFiles/uniprog_bridge.dir/home/wm/pico-sdk/lib/tinyusb/src/common/tusb_fifo.c.o
                0x0000000010004610                tu_fifo_count
 .text.tu_fifo_empty
                0x000000001000463c       0x10 CMakeFiles/uniprog_bridge.dir/home/wm/pico-sdk/lib/tinyusb/src/common/tusb_fifo.c.o
                0x000000001000463c                tu_fifo_empty
 .text.tu_fifo_remaining
                0x000000001000464c       0x2c CMakeFiles/uniprog_bridge.dir/home/wm/pico-sdk/lib/tinyusb/src/common/tusb_fifo.c.o
                0x000000001000464c                tu_fifo_remaining
 .text.tu_fifo_read
                0x0000000010004678       0xa0 CMakeFiles/uniprog_bridge.dir/home/wm/pico-sdk/lib/tinyusb/src/common/tusb_fifo.c.o
                0x0000000010004678                tu_fifo_read
 .text.tu_fifo_read_n
                0x0000000010004718       0xec CMakeFiles/uniprog_bridge.dir/home/wm/pico-sdk/lib/tinyusb/src/common/tusb_fifo.c.o
                0x0000000010004718                tu_fifo_read_n
 .text.tu_fifo_write
                0x0000000010004804       0x88 CMakeFiles/uniprog_bridge.dir/home/wm/pico-sdk/lib/tinyusb/src/common/tusb_fifo.c.o
                0x0000000010004804                tu_fifo_write
 .text.tu_fifo_write_n
                0x000000001000488c      0x168 CMakeFiles/uniprog_bridge.dir/home/wm/pico-sdk/lib/tinyusb/src/common/tusb_fifo.c.o
                0x000000001000488c                tu_fifo_write_n
 .text.tu_fifo_clear
                0x00000000100049f4       0x40 CMakeFiles/uniprog_bridge.dir/home/wm/pico-sdk/lib/tinyusb/src/common/tusb_fifo.c.o
                0x00000000100049f4                tu_fifo_clear
 .text.tu_fifo_set_overwritable
                0x0000000010004a34       0x48 CMakeFiles/uniprog_bridge.dir/home/wm/pico-sdk/lib/tinyusb/src/common/tusb_fifo.c.o
                0x0000000010004a34                tu_fifo_set_overwritable
 .text.board_init
                0x0000000010004a7c       0x30 CMakeFiles/uniprog_bridge.dir/home/wm/pico-sdk/lib/tinyusb/hw/bsp/rp2040/family.c.o
                0x0000000010004a7c                board_init
 .text.startup._retrieve_unique_id_on_boot
                0x0000000010004aac       0x10 CMakeFiles/uniprog_bridge.dir/home/wm/pico-sdk/src/rp2_common/pico_unique_id/unique_id.c.o
 .text.flash_get_unique_id
                0x0000000010004abc       0x40 CMakeFiles/uniprog_bridge.dir/home/wm/pico-sdk/src/rp2_common/hardware_flash/flash.c.o
                0x0000000010004abc                flash_get_unique_id
 .text.hal_platform_init
                0x0000000010004afc       0x1c rp2040_hal/librp2040_hal.a(rp2040_platform.c.o)
                0x0000000010004afc                hal_platform_init
 .text.hal_platform_reset
                0x0000000010004b18       0x10 rp2040_hal/librp2040_hal.a(rp2040_platform.c.o)
                0x0000000010004b18                hal_platform_reset
 .text.hal_gpio_init
                0x0000000010004b28       0x5c rp2040_hal/librp2040_hal.a(rp2040_hal_gpio.c.o)
                0x0000000010004b28                hal_gpio_init
 .text.hal_gpio_write
                0x0000000010004b84       0x14 rp2040_hal/librp2040_hal.a(rp2040_hal_gpio.c.o)
                0x0000000010004b84                hal_gpio_write
 .text.hal_gpio_read
                0x0000000010004b98       0x14 rp2040_hal/librp2040_hal.a(rp2040_hal_gpio.c.o)
                0x0000000010004b98                hal_gpio_read
 .text.hal_spi_init
                0x0000000010004bac       0xf4 rp2040_hal/librp2040_hal.a(rp2040_hal_spi.c.o)
                0x0000000010004bac                hal_spi_init
 .text.hal_spi_deinit
                0x0000000010004ca0       0x34 rp2040_hal/librp2040_hal.a(rp2040_hal_spi.c.o)
                0x0000000010004ca0                hal_spi_deinit
 .text.hal_spi_transfer
                0x0000000010004cd4       0x40 rp2040_hal/librp2040_hal.a(rp2040_hal_spi.c.o)
                0x0000000010004cd4                hal_spi_transfer
 .text.hal_i2c_init
                0x0000000010004d14       0x68 rp2040_hal/librp2040_hal.a(rp2040_hal_i2c.c.o)
                0x0000000010004d14                hal_i2c_init
 .text.hal_i2c_deinit
                0x0000000010004d7c       0x18 rp2040_hal/librp2040_hal.a(rp2040_hal_i2c.c.o)
                0x0000000010004d7c                hal_i2c_deinit
 .text.hal_i2c_write
                0x0000000010004d94       0x30 rp2040_hal/librp2040_hal.a(rp2040_hal_i2c.c.o)
                0x0000000010004d94                hal_i2c_write
 .text.hal_i2c_read
                0x0000000010004dc4       0x30 rp2040_hal/librp2040_hal.a(rp2040_hal_i2c.c.o)
                0x0000000010004dc4                hal_i2c_read
 .text.hal_i2c_scan
                0x0000000010004df4       0x64 rp2040_hal/librp2040_hal.a(rp2040_hal_i2c.c.o)
                0x0000000010004df4                hal_i2c_scan
 .text.spi_init
                0x0000000010004e58      0x134 rp2040_hal/librp2040_hal.a(spi.c.o)
                0x0000000010004e58                spi_init
 .text.spi_deinit
                0x0000000010004f8c       0x40 rp2040_hal/librp2040_hal.a(spi.c.o)
                0x0000000010004f8c                spi_deinit
 .text.i2c_read_blocking_internal.constprop.0
                0x0000000010004fcc       0xb4 rp2040_hal/librp2040_hal.a(i2c.c.o)
 .text.i2c_write_blocking_internal.constprop.0
                0x0000000010005080       0xd0 rp2040_hal/librp2040_hal.a(i2c.c.o)
 .text.i2c_deinit
                0x0000000010005150       0x20 rp2040_hal/librp2040_hal.a(i2c.c.o)
                0x0000000010005150                i2c_deinit
 .text.i2c_set_baudrate
                0x0000000010005170       0xc0 rp2040_hal/librp2040_hal.a(i2c.c.o)
                0x0000000010005170                i2c_set_baudrate
 .text.i2c_init
                0x0000000010005230       0x54 rp2040_hal/librp2040_hal.a(i2c.c.o)
                0x0000000010005230                i2c_init
 .text.i2c_write_blocking
                0x0000000010005284       0x14 rp2040_hal/librp2040_hal.a(i2c.c.o)
                0x0000000010005284                i2c_write_blocking
 .text.i2c_read_blocking
                0x0000000010005298       0x14 rp2040_hal/librp2040_hal.a(i2c.c.o)
                0x0000000010005298                i2c_read_blocking
 .text.dma_channel_unclaim
                0x00000000100052ac       0x10 rp2040_hal/librp2040_hal.a(dma.c.o)
                0x00000000100052ac                dma_channel_unclaim
 .text.dma_claim_unused_channel
                0x00000000100052bc       0x20 rp2040_hal/librp2040_hal.a(dma.c.o)
                0x00000000100052bc                dma_claim_unused_channel
 .text.strlen   0x00000000100052dc       0x5c /home/wm/.local/opt/gcc-arm-none-eabi-10.3-2021.10/bin/../lib/gcc/arm-none-eabi/10.3.1/../../../../arm-none-eabi/lib/thumb/v6-m/nofp/libg.a(lib_a-strlen-stub.o)
                0x00000000100052dc                strlen
 *(.fini)
 .fini          0x0000000010005338        0x4 /home/wm/.local/opt/gcc-arm-none-eabi-10.3-2021.10/bin/../lib/gcc/arm-none-eabi/10.3.1/thumb/v6-m/nofp/crti.o
                0x0000000010005338                _fini
 *fill*         0x000000001000533c        0x4 
 .fini.__stub   0x0000000010005340       0xe0 linker stubs
 *crtbegin.o(.ctors)
 *crtbegin?.o(.ctors)
 *(EXCLUDE_FILE(*crtend.o *crtend?.o) .ctors)
 *(SORT_BY_NAME(.ctors.*))
 *(.ctors)
 *crtbegin.o(.dtors)
 *crtbegin?.o(.dtors)
 *(EXCLUDE_FILE(*crtend.o *crtend?.o) .dtors)
 *(SORT_BY_NAME(.dtors.*))
 *(.dtors)
                0x0000000010005420                . = ALIGN (0x4)
                0x0000000010005420                PROVIDE (__preinit_array_start = .)
 *(SORT_BY_NAME(.preinit_array.*))
 .preinit_array.00100
                0x0000000010005420        0x4 CMakeFiles/uniprog_bridge.dir/home/wm/pico-sdk/src/rp2_common/pico_runtime_init/runtime_init.c.o
                0x0000000010005420                __pre_init_runtime_init_early_resets
 .preinit_array.00101
                0x0000000010005424        0x4 CMakeFiles/uniprog_bridge.dir/home/wm/pico-sdk/src/rp2_common/pico_runtime_init/runtime_init.c.o
                0x0000000010005424                __pre_init_runtime_init_usb_power_down
 .preinit_array.00275
                0x0000000010005428        0x4 CMakeFiles/uniprog_bridge.dir/home/wm/pico-sdk/src/rp2_common/pico_bit_ops/bit_ops_aeabi.S.o
 .preinit_array.00300
                0x000000001000542c        0x4 CMakeFiles/uniprog_bridge.dir/home/wm/pico-sdk/src/rp2_common/pico_mem_ops/mem_ops_aeabi.S.o
 .preinit_array.00350
                0x0000000010005430        0x4 CMakeFiles/uniprog_bridge.dir/home/wm/pico-sdk/src/rp2_common/pico_double/double_aeabi_rp2040.S.o
 .preinit_array.00350
                0x0000000010005434        0x4 CMakeFiles/uniprog_bridge.dir/home/wm/pico-sdk/src/rp2_common/pico_float/float_aeabi_rp2040.S.o
 .preinit_array.00500
                0x0000000010005438        0x4 CMakeFiles/uniprog_bridge.dir/home/wm/pico-sdk/src/rp2_common/pico_runtime_init/runtime_init.c.o
                0x0000000010005438                __pre_init_runtime_init_clocks
 .preinit_array.00600
                0x000000001000543c        0x4 CMakeFiles/uniprog_bridge.dir/home/wm/pico-sdk/src/rp2_common/pico_runtime_init/runtime_init.c.o
                0x000000001000543c                __pre_init_runtime_init_post_clock_resets
 .preinit_array.00700
                0x0000000010005440        0x4 CMakeFiles/uniprog_bridge.dir/home/wm/pico-sdk/src/rp2_common/pico_runtime_init/runtime_init.c.o
                0x0000000010005440                __pre_init_runtime_init_rp2040_gpio_ie_disable
 .preinit_array.01000
                0x0000000010005444        0x4 CMakeFiles/uniprog_bridge.dir/home/wm/pico-sdk/src/rp2_common/pico_runtime_init/runtime_init.c.o
                0x0000000010005444                __pre_init_runtime_init_spin_locks_reset
 .preinit_array.01100
                0x0000000010005448        0x4 CMakeFiles/uniprog_bridge.dir/home/wm/pico-sdk/src/common/pico_sync/mutex.c.o
                0x0000000010005448                __pre_init_runtime_init_mutex
 .preinit_array.10080
                0x000000001000544c        0x4 CMakeFiles/uniprog_bridge.dir/home/wm/pico-sdk/src/rp2_common/pico_runtime_init/runtime_init.c.o
                0x000000001000544c                __pre_init_runtime_init_install_ram_vector_table
 .preinit_array.11000
                0x0000000010005450        0x4 CMakeFiles/uniprog_bridge.dir/home/wm/pico-sdk/src/common/pico_time/time.c.o
                0x0000000010005450                __pre_init_runtime_init_default_alarm_pool
 .preinit_array.YYYYY
                0x0000000010005454        0x4 CMakeFiles/uniprog_bridge.dir/home/wm/pico-sdk/src/rp2_common/pico_runtime/runtime.c.o
                0x0000000010005454                __pre_init_first_per_core_initializer
 .preinit_array.ZZZZZ.01200
                0x0000000010005458        0x4 CMakeFiles/uniprog_bridge.dir/home/wm/pico-sdk/src/rp2_common/hardware_irq/irq.c.o
                0x0000000010005458                __pre_init_runtime_init_per_core_irq_priorities
 *(.preinit_array)
                0x000000001000545c                PROVIDE (__preinit_array_end = .)
                0x000000001000545c                . = ALIGN (0x4)
                0x000000001000545c                PROVIDE (__init_array_start = .)
 *(SORT_BY_NAME(.init_array.*))
 .init_array.01000
                0x000000001000545c        0x4 CMakeFiles/uniprog_bridge.dir/home/wm/pico-sdk/src/rp2_common/pico_unique_id/unique_id.c.o
 *(.init_array)
 .init_array    0x0000000010005460        0x4 /home/wm/.local/opt/gcc-arm-none-eabi-10.3-2021.10/bin/../lib/gcc/arm-none-eabi/10.3.1/thumb/v6-m/nofp/crtbegin.o
                0x0000000010005464                PROVIDE (__init_array_end = .)
                0x0000000010005464                . = ALIGN (0x4)
                [!provide]                        PROVIDE (__fini_array_start = .)
 *(SORT_BY_NAME(.fini_array.*))
 *(.fini_array)
                [!provide]                        PROVIDE (__fini_array_end = .)
 *(.eh_frame*)
 .eh_frame      0x0000000010005464        0x0 /home/wm/.local/opt/gcc-arm-none-eabi-10.3-2021.10/bin/../lib/gcc/arm-none-eabi/10.3.1/thumb/v6-m/nofp/crtbegin.o
                0x0000000010005464                . = ALIGN (0x4)

.glue_7         0x0000000010005464        0x0
 .glue_7        0x0000000010005464        0x0 linker stubs

.glue_7t        0x0000000010005464        0x0
 .glue_7t       0x0000000010005464        0x0 linker stubs

.vfp11_veneer   0x0000000010005464        0x0
 .vfp11_veneer  0x0000000010005464        0x0 linker stubs

.v4_bx          0x0000000010005464        0x0
 .v4_bx         0x0000000010005464        0x0 linker stubs

.iplt           0x0000000010005464        0x0
 .iplt          0x0000000010005464        0x0 /home/wm/.local/opt/gcc-arm-none-eabi-10.3-2021.10/bin/../lib/gcc/arm-none-eabi/10.3.1/thumb/v6-m/nofp/crtbegin.o

.rodata         0x0000000010005464      0x390
 *(EXCLUDE_FILE(*libm.a: *libc.a:*lib_a-mem*.o *libgcc.a:) .rodata*)
 .rodata.main.str1.4
                0x0000000010005464       0x1c CMakeFiles/uniprog_bridge.dir/src/main.c.o
 .rodata.up_protocol_feed
                0x0000000010005480       0x24 CMakeFiles/uniprog_bridge.dir/src/bridge_protocol.c.o
 .rodata.exec_system.str1.4
                0x00000000100054a4       0x14 CMakeFiles/uniprog_bridge.dir/src/executor_sys.c.o
 .rodata.str1.4
                0x00000000100054b8       0x36 CMakeFiles/uniprog_bridge.dir/src/usb_descriptors.c.o
 *fill*         0x00000000100054ee        0x2 
 .rodata.__compound_literal.0
                0x00000000100054f0        0x2 CMakeFiles/uniprog_bridge.dir/src/usb_descriptors.c.o
 *fill*         0x00000000100054f2        0x2 
 .rodata.desc_configuration
                0x00000000100054f4       0x4b CMakeFiles/uniprog_bridge.dir/src/usb_descriptors.c.o
                0x00000000100054f4                desc_configuration
 *fill*         0x000000001000553f        0x1 
 .rodata.desc_device
                0x0000000010005540       0x12 CMakeFiles/uniprog_bridge.dir/src/usb_descriptors.c.o
                0x0000000010005540                desc_device
 *fill*         0x0000000010005552        0x2 
 .rodata.panic.str1.4
                0x0000000010005554       0x12 CMakeFiles/uniprog_bridge.dir/home/wm/pico-sdk/src/rp2_common/pico_platform_panic/panic.c.o
 *fill*         0x0000000010005566        0x2 
 .rodata.spin_lock_claim_unused.str1.4
                0x0000000010005568       0x1b CMakeFiles/uniprog_bridge.dir/home/wm/pico-sdk/src/rp2_common/hardware_sync/sync.c.o
 *fill*         0x0000000010005583        0x1 
 .rodata.timer_hardware_alarm_claim.str1.4
                0x0000000010005584       0x22 CMakeFiles/uniprog_bridge.dir/home/wm/pico-sdk/src/rp2_common/hardware_timer/timer.c.o
 *fill*         0x00000000100055a6        0x2 
 .rodata.hard_assertion_failure.str1.4
                0x00000000100055a8        0xc CMakeFiles/uniprog_bridge.dir/home/wm/pico-sdk/src/rp2_common/pico_runtime/runtime.c.o
 .rodata.str1.4
                0x00000000100055b4       0x44 CMakeFiles/uniprog_bridge.dir/home/wm/pico-sdk/src/rp2_common/pico_standard_binary_info/standard_binary_info.c.o
 .rodata.__bi_26
                0x00000000100055f8        0xc CMakeFiles/uniprog_bridge.dir/home/wm/pico-sdk/src/rp2_common/pico_standard_binary_info/standard_binary_info.c.o
 .rodata.__bi_34
                0x0000000010005604        0xc CMakeFiles/uniprog_bridge.dir/home/wm/pico-sdk/src/rp2_common/pico_standard_binary_info/standard_binary_info.c.o
 .rodata.__bi_42
                0x0000000010005610        0xc CMakeFiles/uniprog_bridge.dir/home/wm/pico-sdk/src/rp2_common/pico_standard_binary_info/standard_binary_info.c.o
 .rodata.__bi_48
                0x000000001000561c        0xc CMakeFiles/uniprog_bridge.dir/home/wm/pico-sdk/src/rp2_common/pico_standard_binary_info/standard_binary_info.c.o
 .rodata.__bi_54
                0x0000000010005628        0xc CMakeFiles/uniprog_bridge.dir/home/wm/pico-sdk/src/rp2_common/pico_standard_binary_info/standard_binary_info.c.o
 .rodata.__bi_78
                0x0000000010005634        0xc CMakeFiles/uniprog_bridge.dir/home/wm/pico-sdk/src/rp2_common/pico_standard_binary_info/standard_binary_info.c.o
 .rodata.__bi_84
                0x0000000010005640        0xc CMakeFiles/uniprog_bridge.dir/home/wm/pico-sdk/src/rp2_common/pico_standard_binary_info/standard_binary_info.c.o
 .rodata.crlf_str.0
                0x000000001000564c        0x2 CMakeFiles/uniprog_bridge.dir/home/wm/pico-sdk/src/rp2_common/pico_stdio/stdio.c.o
 *fill*         0x000000001000564e        0x2 
 .rodata.str1.4
                0x0000000010005650       0x2c CMakeFiles/uniprog_bridge.dir/home/wm/pico-sdk/src/rp2_common/pico_stdio_uart/stdio_uart.c.o
 .rodata.__bi_45.4
                0x000000001000567c        0xc CMakeFiles/uniprog_bridge.dir/home/wm/pico-sdk/src/rp2_common/pico_stdio_uart/stdio_uart.c.o
 .rodata.__bi_49.5
                0x0000000010005688        0x8 CMakeFiles/uniprog_bridge.dir/home/wm/pico-sdk/src/rp2_common/pico_stdio_uart/stdio_uart.c.o
 .rodata.__bi_50.6
                0x0000000010005690        0x8 CMakeFiles/uniprog_bridge.dir/home/wm/pico-sdk/src/rp2_common/pico_stdio_uart/stdio_uart.c.o
 .rodata.str1.4
                0x0000000010005698       0x14 CMakeFiles/uniprog_bridge.dir/home/wm/pico-sdk/lib/tinyusb/src/portable/raspberrypi/rp2040/dcd_rp2040.c.o
 .rodata.str1.4
                0x00000000100056ac       0x48 CMakeFiles/uniprog_bridge.dir/home/wm/pico-sdk/lib/tinyusb/src/portable/raspberrypi/rp2040/rp2040_usb.c.o
 .rodata.tud_task_ext
                0x00000000100056f4       0x8c CMakeFiles/uniprog_bridge.dir/home/wm/pico-sdk/lib/tinyusb/src/device/usbd.c.o
 .rodata        0x0000000010005780       0x1c CMakeFiles/uniprog_bridge.dir/home/wm/pico-sdk/lib/tinyusb/src/device/usbd.c.o
 .rodata._usbd_driver
                0x000000001000579c       0x20 CMakeFiles/uniprog_bridge.dir/home/wm/pico-sdk/lib/tinyusb/src/device/usbd.c.o
 .rodata.str1.4
                0x00000000100057bc        0x4 CMakeFiles/uniprog_bridge.dir/home/wm/pico-sdk/lib/tinyusb/hw/bsp/rp2040/family.c.o
 .rodata.__bi_153.0
                0x00000000100057c0        0xc CMakeFiles/uniprog_bridge.dir/home/wm/pico-sdk/lib/tinyusb/hw/bsp/rp2040/family.c.o
 .rodata.__bi_163.1
                0x00000000100057cc        0x8 CMakeFiles/uniprog_bridge.dir/home/wm/pico-sdk/lib/tinyusb/hw/bsp/rp2040/family.c.o
 .rodata.dma_claim_unused_channel.str1.4
                0x00000000100057d4       0x1e rp2040_hal/librp2040_hal.a(dma.c.o)
                0x00000000100057f4                . = ALIGN (0x4)
 *fill*         0x00000000100057f2        0x2 
 *(SORT_BY_ALIGNMENT(SORT_BY_NAME(.flashdata*)))
                0x00000000100057f4                . = ALIGN (0x4)

.ARM.extab
 *(.ARM.extab* .gnu.linkonce.armextab.*)
                0x00000000100057f4                __exidx_start = .

.ARM.exidx
 *(.ARM.exidx* .gnu.linkonce.armexidx.*)
                0x00000000100057f4                __exidx_end = .
                0x00000000100057f4                . = ALIGN (0x4)
                0x00000000100057f4                __binary_info_start = .

.binary_info    0x00000000100057f4       0x30
 *(.binary_info.keep.*)
 .binary_info.keep.__bi_ptr26
                0x00000000100057f4        0x4 CMakeFiles/uniprog_bridge.dir/home/wm/pico-sdk/src/rp2_common/pico_standard_binary_info/standard_binary_info.c.o
 .binary_info.keep.__bi_ptr34
                0x00000000100057f8        0x4 CMakeFiles/uniprog_bridge.dir/home/wm/pico-sdk/src/rp2_common/pico_standard_binary_info/standard_binary_info.c.o
 .binary_info.keep.__bi_ptr42
                0x00000000100057fc        0x4 CMakeFiles/uniprog_bridge.dir/home/wm/pico-sdk/src/rp2_common/pico_standard_binary_info/standard_binary_info.c.o
 .binary_info.keep.__bi_ptr48
                0x0000000010005800        0x4 CMakeFiles/uniprog_bridge.dir/home/wm/pico-sdk/src/rp2_common/pico_standard_binary_info/standard_binary_info.c.o
 .binary_info.keep.__bi_ptr54
                0x0000000010005804        0x4 CMakeFiles/uniprog_bridge.dir/home/wm/pico-sdk/src/rp2_common/pico_standard_binary_info/standard_binary_info.c.o
 .binary_info.keep.__bi_ptr78
                0x0000000010005808        0x4 CMakeFiles/uniprog_bridge.dir/home/wm/pico-sdk/src/rp2_common/pico_standard_binary_info/standard_binary_info.c.o
 .binary_info.keep.__bi_ptr84
                0x000000001000580c        0x4 CMakeFiles/uniprog_bridge.dir/home/wm/pico-sdk/src/rp2_common/pico_standard_binary_info/standard_binary_info.c.o
 .binary_info.keep.__bi_ptr153
                0x0000000010005810        0x4 CMakeFiles/uniprog_bridge.dir/home/wm/pico-sdk/lib/tinyusb/hw/bsp/rp2040/family.c.o
 .binary_info.keep.__bi_ptr163
                0x0000000010005814        0x4 CMakeFiles/uniprog_bridge.dir/home/wm/pico-sdk/lib/tinyusb/hw/bsp/rp2040/family.c.o
 *(.binary_info.*)
 .binary_info.__bi_ptr45
                0x0000000010005818        0x4 CMakeFiles/uniprog_bridge.dir/home/wm/pico-sdk/src/rp2_common/pico_stdio_uart/stdio_uart.c.o
 .binary_info.__bi_ptr49
                0x000000001000581c        0x4 CMakeFiles/uniprog_bridge.dir/home/wm/pico-sdk/src/rp2_common/pico_stdio_uart/stdio_uart.c.o
 .binary_info.__bi_ptr50
                0x0000000010005820        0x4 CMakeFiles/uniprog_bridge.dir/home/wm/pico-sdk/src/rp2_common/pico_stdio_uart/stdio_uart.c.o
                0x0000000010005824                __binary_info_end = .
                0x0000000010005824                . = ALIGN (0x4)

.ram_vector_table
                0x0000000020000000       0xc0
 *(.ram_vector_table)
 .ram_vector_table
                0x0000000020000000       0xc0 CMakeFiles/uniprog_bridge.dir/home/wm/pico-sdk/src/rp2_common/pico_runtime_init/runtime_init.c.o
                0x0000000020000000                ram_vector_table

.uninitialized_data
                0x00000000200000c0        0x0
                0x00000000200000c0                . = ALIGN (0x4)
 *(.uninitialized_data*)

.data           0x00000000200000c0     0x1130 load address 0x0000000010005824
                0x00000000200000c0                __data_start__ = .
 *(vtable)
 *(.time_critical*)
 .time_critical.mutex_try_enter_block_until
                0x00000000200000c0       0x9c CMakeFiles/uniprog_bridge.dir/home/wm/pico-sdk/src/common/pico_sync/mutex.c.o
                0x00000000200000c0                mutex_try_enter_block_until
 .time_critical.mutex_enter_timeout_ms
                0x000000002000015c       0x90 CMakeFiles/uniprog_bridge.dir/home/wm/pico-sdk/src/common/pico_sync/mutex.c.o
                0x000000002000015c                mutex_enter_timeout_ms
 .time_critical.mutex_exit
                0x00000000200001ec       0x28 CMakeFiles/uniprog_bridge.dir/home/wm/pico-sdk/src/common/pico_sync/mutex.c.o
                0x00000000200001ec                mutex_exit
 .time_critical.reset_non_control_endpoints
                0x0000000020000214       0xbc CMakeFiles/uniprog_bridge.dir/home/wm/pico-sdk/lib/tinyusb/src/portable/raspberrypi/rp2040/dcd_rp2040.c.o
 .time_critical.hw_handle_buff_status
                0x00000000200002d0       0x98 CMakeFiles/uniprog_bridge.dir/home/wm/pico-sdk/lib/tinyusb/src/portable/raspberrypi/rp2040/dcd_rp2040.c.o
 .time_critical.dcd_rp2040_irq
                0x0000000020000368      0x530 CMakeFiles/uniprog_bridge.dir/home/wm/pico-sdk/lib/tinyusb/src/portable/raspberrypi/rp2040/dcd_rp2040.c.o
 .time_critical.prepare_ep_buffer
                0x0000000020000898       0xf4 CMakeFiles/uniprog_bridge.dir/home/wm/pico-sdk/lib/tinyusb/src/portable/raspberrypi/rp2040/rp2040_usb.c.o
 .time_critical.sync_ep_buffer
                0x000000002000098c       0xb4 CMakeFiles/uniprog_bridge.dir/home/wm/pico-sdk/lib/tinyusb/src/portable/raspberrypi/rp2040/rp2040_usb.c.o
 .time_critical._hw_endpoint_xfer_sync
                0x0000000020000a40       0x28 CMakeFiles/uniprog_bridge.dir/home/wm/pico-sdk/lib/tinyusb/src/portable/raspberrypi/rp2040/rp2040_usb.c.o
 .time_critical.e15_is_bulkin_ep
                0x0000000020000a68       0x28 CMakeFiles/uniprog_bridge.dir/home/wm/pico-sdk/lib/tinyusb/src/portable/raspberrypi/rp2040/rp2040_usb.c.o
 .time_critical.e15_is_critical_frame_period
                0x0000000020000a90       0x34 CMakeFiles/uniprog_bridge.dir/home/wm/pico-sdk/lib/tinyusb/src/portable/raspberrypi/rp2040/rp2040_usb.c.o
 .time_critical.hw_endpoint_reset_transfer
                0x0000000020000ac4        0xc CMakeFiles/uniprog_bridge.dir/home/wm/pico-sdk/lib/tinyusb/src/portable/raspberrypi/rp2040/rp2040_usb.c.o
                0x0000000020000ac4                hw_endpoint_reset_transfer
 .time_critical._hw_endpoint_buffer_control_update32
                0x0000000020000ad0       0x50 CMakeFiles/uniprog_bridge.dir/home/wm/pico-sdk/lib/tinyusb/src/portable/raspberrypi/rp2040/rp2040_usb.c.o
                0x0000000020000ad0                _hw_endpoint_buffer_control_update32
 .time_critical.hw_endpoint_start_next_buffer
                0x0000000020000b20       0x6c CMakeFiles/uniprog_bridge.dir/home/wm/pico-sdk/lib/tinyusb/src/portable/raspberrypi/rp2040/rp2040_usb.c.o
                0x0000000020000b20                hw_endpoint_start_next_buffer
 .time_critical.hw_endpoint_xfer_continue
                0x0000000020000b8c       0x40 CMakeFiles/uniprog_bridge.dir/home/wm/pico-sdk/lib/tinyusb/src/portable/raspberrypi/rp2040/rp2040_usb.c.o
                0x0000000020000b8c                hw_endpoint_xfer_continue
 .time_critical.tinyusb
                0x0000000020000bcc      0x1e8 CMakeFiles/uniprog_bridge.dir/home/wm/pico-sdk/lib/tinyusb/src/device/usbd.c.o
                0x0000000020000bcc                dcd_event_handler
 .time_critical.flash_init_boot2_copyout
                0x0000000020000db4       0x30 CMakeFiles/uniprog_bridge.dir/home/wm/pico-sdk/src/rp2_common/hardware_flash/flash.c.o
 .time_critical.flash_enable_xip_via_boot2
                0x0000000020000de4       0x10 CMakeFiles/uniprog_bridge.dir/home/wm/pico-sdk/src/rp2_common/hardware_flash/flash.c.o
 .time_critical.flash_save_hardware_state
                0x0000000020000df4       0x28 CMakeFiles/uniprog_bridge.dir/home/wm/pico-sdk/src/rp2_common/hardware_flash/flash.c.o
 .time_critical.flash_restore_hardware_state
                0x0000000020000e1c       0x28 CMakeFiles/uniprog_bridge.dir/home/wm/pico-sdk/src/rp2_common/hardware_flash/flash.c.o
 .time_critical.flash_cs_force
                0x0000000020000e44       0x38 CMakeFiles/uniprog_bridge.dir/home/wm/pico-sdk/src/rp2_common/hardware_flash/flash.c.o
 .time_critical.flash_do_cmd
                0x0000000020000e7c       0xd4 CMakeFiles/uniprog_bridge.dir/home/wm/pico-sdk/src/rp2_common/hardware_flash/flash.c.o
                0x0000000020000e7c                flash_do_cmd
 .time_critical.spi_write_read_blocking
                0x0000000020000f50       0x74 rp2040_hal/librp2040_hal.a(spi.c.o)
                0x0000000020000f50                spi_write_read_blocking
 .time_critical.spi_write_blocking
                0x0000000020000fc4       0x4c rp2040_hal/librp2040_hal.a(spi.c.o)
                0x0000000020000fc4                spi_write_blocking
 .time_critical.spi_read_blocking
                0x0000000020001010       0x74 rp2040_hal/librp2040_hal.a(spi.c.o)
                0x0000000020001010                spi_read_blocking
 *(.text*)
 .text          0x0000000020001084        0x4 /home/wm/.local/opt/gcc-arm-none-eabi-10.3-2021.10/bin/../lib/gcc/arm-none-eabi/10.3.1/thumb/v6-m/nofp/libgcc.a(_dvmd_tls.o)
                0x0000000020001084                __aeabi_ldiv0
                0x0000000020001084                __aeabi_idiv0
 .text.__stub   0x0000000020001088       0x80 linker stubs
                0x0000000020001108                . = ALIGN (0x4)
 *(.rodata*)
                0x0000000020001108                . = ALIGN (0x4)
 *(.data*)
 .data.string_desc_arr
                0x0000000020001108       0x14 CMakeFiles/uniprog_bridge.dir/src/usb_descriptors.c.o
                0x0000000020001108                string_desc_arr
 .data.striped_spin_lock_num
                0x000000002000111c        0x1 CMakeFiles/uniprog_bridge.dir/home/wm/pico-sdk/src/rp2_common/hardware_sync/sync.c.o
 *fill*         0x000000002000111d        0x3 
 .data          0x0000000020001120       0x48 CMakeFiles/uniprog_bridge.dir/home/wm/pico-sdk/src/rp2_common/hardware_irq/irq_handler_chain.S.o
                0x0000000020001120                irq_handler_chain_slots
                0x0000000020001150                irq_handler_chain_first_slot
                0x000000002000115a                irq_handler_chain_remove_tail
 .data.default_alarm_pool
                0x0000000020001168       0x18 CMakeFiles/uniprog_bridge.dir/home/wm/pico-sdk/src/common/pico_time/time.c.o
 .data.aeabi_bits_funcs
                0x0000000020001180       0x10 CMakeFiles/uniprog_bridge.dir/home/wm/pico-sdk/src/rp2_common/pico_bit_ops/bit_ops_aeabi.S.o
                0x0000000020001180                aeabi_bits_funcs
                0x0000000020001190                aeabi_bits_funcs_end
 .data.aeabi_mem_funcs
                0x0000000020001190       0x10 CMakeFiles/uniprog_bridge.dir/home/wm/pico-sdk/src/rp2_common/pico_mem_ops/mem_ops_aeabi.S.o
                0x0000000020001190                aeabi_mem_funcs
                0x00000000200011a0                aeabi_mem_funcs_end
 .data.stdio_uart
                0x00000000200011a0       0x18 CMakeFiles/uniprog_bridge.dir/home/wm/pico-sdk/src/rp2_common/pico_stdio_uart/stdio_uart.c.o
                0x00000000200011a0                stdio_uart
 .data._usbd_qdef
                0x00000000200011b8       0x1c CMakeFiles/uniprog_bridge.dir/home/wm/pico-sdk/lib/tinyusb/src/device/usbd.c.o
                0x00000000200011b8                _usbd_qdef
 .data._usbd_rhport
                0x00000000200011d4        0x1 CMakeFiles/uniprog_bridge.dir/home/wm/pico-sdk/lib/tinyusb/src/device/usbd.c.o
 *fill*         0x00000000200011d5        0x3 
 .data.i2c0_inst
                0x00000000200011d8        0x8 rp2040_hal/librp2040_hal.a(i2c.c.o)
                0x00000000200011d8                i2c0_inst
 .data.i2c1_inst
                0x00000000200011e0        0x8 rp2040_hal/librp2040_hal.a(i2c.c.o)
                0x00000000200011e0                i2c1_inst
                0x00000000200011e8                . = ALIGN (0x4)
 *(.after_data.*)
                0x00000000200011e8                . = ALIGN (0x4)
                0x00000000200011e8                PROVIDE (__mutex_array_start = .)
 *(SORT_BY_NAME(.mutex_array.*))
 *(.mutex_array)
 .mutex_array   0x00000000200011e8        0x8 CMakeFiles/uniprog_bridge.dir/home/wm/pico-sdk/src/rp2_common/pico_stdio/stdio.c.o
                0x00000000200011f0                PROVIDE (__mutex_array_end = .)
                0x00000000200011f0                . = ALIGN (0x4)
 *(.jcr)
                0x00000000200011f0                . = ALIGN (0x4)

.igot.plt       0x00000000200011f0        0x0 load address 0x0000000010006954
 .igot.plt      0x00000000200011f0        0x0 /home/wm/.local/opt/gcc-arm-none-eabi-10.3-2021.10/bin/../lib/gcc/arm-none-eabi/10.3.1/thumb/v6-m/nofp/crtbegin.o

.tdata          0x00000000200011f0        0x0 load address 0x0000000010006954
                0x00000000200011f0                . = ALIGN (0x4)
 *(.tdata .tdata.* .gnu.linkonce.td.*)
                0x00000000200011f0                __tdata_end = .
                0x00000000200011f0                PROVIDE (__data_end__ = .)
                0x0000000010005824                __etext = LOADADDR (.data)

.tbss           0x00000000200011f0        0x0 load address 0x0000000010006954
                0x00000000200011f0                . = ALIGN (0x4)
                0x00000000200011f0                __bss_start__ = .
                0x00000000200011f0                __tls_base = .
 *(.tbss .tbss.* .gnu.linkonce.tb.*)
 *(.tcommon)
                0x00000000200011f0                __tls_end = .

.bss            0x00000000200011f0     0x23e4 load address 0x0000000010006954
                0x00000000200011f0                . = ALIGN (0x4)
                0x00000000200011f0                __tbss_end = .
 *(SORT_BY_ALIGNMENT(SORT_BY_NAME(.bss*)))
 .bss.default_alarm_pool_entries
                0x00000000200011f0      0x180 CMakeFiles/uniprog_bridge.dir/home/wm/pico-sdk/src/common/pico_time/time.c.o
 .bss.sd_table  0x0000000020001370      0x100 CMakeFiles/uniprog_bridge.dir/home/wm/pico-sdk/src/rp2_common/pico_double/double_init_rom_rp2040.c.o
                0x0000000020001370                sd_table
 .bss.sf_table  0x0000000020001470      0x100 CMakeFiles/uniprog_bridge.dir/home/wm/pico-sdk/src/rp2_common/pico_float/float_init_rom_rp2040.c.o
                0x0000000020001470                sf_table
 .bss           0x0000000020001570       0x1c /home/wm/.local/opt/gcc-arm-none-eabi-10.3-2021.10/bin/../lib/gcc/arm-none-eabi/10.3.1/thumb/v6-m/nofp/crtbegin.o
 .bss._app_driver
                0x000000002000158c        0x4 CMakeFiles/uniprog_bridge.dir/home/wm/pico-sdk/lib/tinyusb/src/device/usbd.c.o
 .bss._cdcd_epbuf
                0x0000000020001590       0x80 CMakeFiles/uniprog_bridge.dir/home/wm/pico-sdk/lib/tinyusb/src/class/cdc/cdc_device.c.o
 .bss._cdcd_fifo_cfg
                0x0000000020001610        0x1 CMakeFiles/uniprog_bridge.dir/home/wm/pico-sdk/lib/tinyusb/src/class/cdc/cdc_device.c.o
 *fill*         0x0000000020001611        0x3 
 .bss._cdcd_itf
                0x0000000020001614     0x1048 CMakeFiles/uniprog_bridge.dir/home/wm/pico-sdk/lib/tinyusb/src/class/cdc/cdc_device.c.o
 .bss._ctrl_epbuf
                0x000000002000265c       0x40 CMakeFiles/uniprog_bridge.dir/home/wm/pico-sdk/lib/tinyusb/src/device/usbd_control.c.o
 .bss._ctrl_xfer
                0x000000002000269c       0x14 CMakeFiles/uniprog_bridge.dir/home/wm/pico-sdk/lib/tinyusb/src/device/usbd_control.c.o
 .bss._desc_str
                0x00000000200026b0       0x40 CMakeFiles/uniprog_bridge.dir/src/usb_descriptors.c.o
 .bss._tusb_rhport_role
                0x00000000200026f0        0x2 CMakeFiles/uniprog_bridge.dir/home/wm/pico-sdk/lib/tinyusb/src/tusb.c.o
                0x00000000200026f0                _tusb_rhport_role
 *fill*         0x00000000200026f2        0x2 
 .bss._ubsd_mutexdef
                0x00000000200026f4        0x8 CMakeFiles/uniprog_bridge.dir/home/wm/pico-sdk/lib/tinyusb/src/device/usbd.c.o
 .bss._usbd_dev
                0x00000000200026fc       0x54 CMakeFiles/uniprog_bridge.dir/home/wm/pico-sdk/lib/tinyusb/src/device/usbd.c.o
 .bss._usbd_mutex
                0x0000000020002750        0x4 CMakeFiles/uniprog_bridge.dir/home/wm/pico-sdk/lib/tinyusb/src/device/usbd.c.o
 .bss._usbd_q   0x0000000020002754        0x4 CMakeFiles/uniprog_bridge.dir/home/wm/pico-sdk/lib/tinyusb/src/device/usbd.c.o
 .bss._usbd_qdef_buf
                0x0000000020002758       0xc0 CMakeFiles/uniprog_bridge.dir/home/wm/pico-sdk/lib/tinyusb/src/device/usbd.c.o
                0x0000000020002758                _usbd_qdef_buf
 .bss.boot2_copyout
                0x0000000020002818      0x100 CMakeFiles/uniprog_bridge.dir/home/wm/pico-sdk/src/rp2_common/hardware_flash/flash.c.o
 .bss.chars_available_callback
                0x0000000020002918        0x4 CMakeFiles/uniprog_bridge.dir/home/wm/pico-sdk/src/rp2_common/pico_stdio_uart/stdio_uart.c.o
 .bss.chars_available_param
                0x000000002000291c        0x4 CMakeFiles/uniprog_bridge.dir/home/wm/pico-sdk/src/rp2_common/pico_stdio_uart/stdio_uart.c.o
 .bss.claimed   0x0000000020002920        0x4 CMakeFiles/uniprog_bridge.dir/home/wm/pico-sdk/src/rp2_common/hardware_sync/sync.c.o
 .bss.claimed   0x0000000020002924        0x1 CMakeFiles/uniprog_bridge.dir/home/wm/pico-sdk/src/rp2_common/hardware_timer/timer.c.o
 *fill*         0x0000000020002925        0x3 
 .bss.configured_freq
                0x0000000020002928       0x28 CMakeFiles/uniprog_bridge.dir/home/wm/pico-sdk/src/rp2_common/hardware_clocks/clocks.c.o
 .bss.drivers   0x0000000020002950        0x4 CMakeFiles/uniprog_bridge.dir/home/wm/pico-sdk/src/rp2_common/pico_stdio/stdio.c.o
 .bss.e15_last_sof
                0x0000000020002954        0x4 CMakeFiles/uniprog_bridge.dir/home/wm/pico-sdk/lib/tinyusb/src/portable/raspberrypi/rp2040/rp2040_usb.c.o
                0x0000000020002954                e15_last_sof
 .bss.filter    0x0000000020002958        0x4 CMakeFiles/uniprog_bridge.dir/home/wm/pico-sdk/src/rp2_common/pico_stdio/stdio.c.o
 .bss.hw_endpoints
                0x000000002000295c      0x400 CMakeFiles/uniprog_bridge.dir/home/wm/pico-sdk/lib/tinyusb/src/portable/raspberrypi/rp2040/dcd_rp2040.c.o
 .bss.i2c_inst  0x0000000020002d5c        0x4 CMakeFiles/uniprog_bridge.dir/src/executor_i2c.c.o
 .bss.lazy_vsnprintf
                0x0000000020002d60        0x4 CMakeFiles/uniprog_bridge.dir/home/wm/pico-sdk/src/rp2_common/pico_printf/printf.c.o
 .bss.load_value
                0x0000000020002d64        0x4 CMakeFiles/uniprog_bridge.dir/home/wm/pico-sdk/src/rp2_common/hardware_watchdog/watchdog.c.o
 .bss.next_buffer_ptr
                0x0000000020002d68        0x4 CMakeFiles/uniprog_bridge.dir/home/wm/pico-sdk/lib/tinyusb/src/portable/raspberrypi/rp2040/dcd_rp2040.c.o
 .bss.pools     0x0000000020002d6c       0x10 CMakeFiles/uniprog_bridge.dir/home/wm/pico-sdk/src/common/pico_time/time.c.o
 .bss.retrieved_id
                0x0000000020002d7c        0x8 CMakeFiles/uniprog_bridge.dir/home/wm/pico-sdk/src/rp2_common/pico_unique_id/unique_id.c.o
 .bss.rx_frame  0x0000000020002d84      0x804 CMakeFiles/uniprog_bridge.dir/src/bridge_protocol.c.o
 .bss.s_i2c_instances
                0x0000000020003588        0x8 rp2040_hal/librp2040_hal.a(rp2040_hal_i2c.c.o)
 .bss.s_spi_instances
                0x0000000020003590       0x20 rp2040_hal/librp2040_hal.a(rp2040_hal_spi.c.o)
 .bss.sf_clz_func
                0x00000000200035b0        0x4 CMakeFiles/uniprog_bridge.dir/home/wm/pico-sdk/src/rp2_common/pico_double/double_init_rom_rp2040.c.o
                0x00000000200035b0                sf_clz_func
 .bss.sleep_notifier
                0x00000000200035b4        0x4 CMakeFiles/uniprog_bridge.dir/home/wm/pico-sdk/src/common/pico_time/time.c.o
 .bss.spi_inst  0x00000000200035b8        0x4 CMakeFiles/uniprog_bridge.dir/src/executor_spi.c.o
 .bss.uart_char_to_line_feed
                0x00000000200035bc        0x4 CMakeFiles/uniprog_bridge.dir/home/wm/pico-sdk/src/rp2_common/hardware_uart/uart.c.o
                0x00000000200035bc                uart_char_to_line_feed
 .bss.uart_inst
                0x00000000200035c0        0x4 CMakeFiles/uniprog_bridge.dir/home/wm/pico-sdk/lib/tinyusb/hw/bsp/rp2040/family.c.o
 .bss.uart_instance
                0x00000000200035c4        0x4 CMakeFiles/uniprog_bridge.dir/home/wm/pico-sdk/src/rp2_common/pico_stdio_uart/stdio_uart.c.o
 .bss._claimed  0x00000000200035c8        0x2 rp2040_hal/librp2040_hal.a(dma.c.o)
 .bss.payload_idx
                0x00000000200035ca        0x2 CMakeFiles/uniprog_bridge.dir/src/bridge_protocol.c.o
 .bss.rx_crc    0x00000000200035cc        0x2 CMakeFiles/uniprog_bridge.dir/src/bridge_protocol.c.o
 .bss._app_driver_count
                0x00000000200035ce        0x1 CMakeFiles/uniprog_bridge.dir/home/wm/pico-sdk/lib/tinyusb/src/device/usbd.c.o
 .bss._sof_enable
                0x00000000200035cf        0x1 CMakeFiles/uniprog_bridge.dir/home/wm/pico-sdk/lib/tinyusb/src/portable/raspberrypi/rp2040/dcd_rp2040.c.o
 .bss._usbd_queued_setup
                0x00000000200035d0        0x1 CMakeFiles/uniprog_bridge.dir/home/wm/pico-sdk/lib/tinyusb/src/device/usbd.c.o
 .bss.boot2_copyout_valid
                0x00000000200035d1        0x1 CMakeFiles/uniprog_bridge.dir/home/wm/pico-sdk/src/rp2_common/hardware_flash/flash.c.o
 .bss.irq_handler_chain_free_slot_head
                0x00000000200035d2        0x1 CMakeFiles/uniprog_bridge.dir/home/wm/pico-sdk/src/rp2_common/hardware_irq/irq.c.o
 .bss.state     0x00000000200035d3        0x1 CMakeFiles/uniprog_bridge.dir/src/bridge_protocol.c.o
 *(COMMON)
                0x00000000200035d4                . = ALIGN (0x4)
                0x00000000200035d4                __bss_end__ = .

.heap           0x00000000200035d4      0x800 load address 0x0000000010006954
                0x00000000200035d4                __end__ = .
                0x00000000200035d4                end = __end__
 *(.heap*)
 .heap          0x00000000200035d4      0x800 CMakeFiles/uniprog_bridge.dir/home/wm/pico-sdk/src/rp2_common/pico_crt0/crt0.S.o
                0x0000000020040000                __HeapLimit = (ORIGIN (RAM) + LENGTH (RAM))

.scratch_x      0x0000000020040000        0x0 load address 0x0000000010006954
                0x0000000020040000                __scratch_x_start__ = .
 *(.scratch_x.*)
                0x0000000020040000                . = ALIGN (0x4)
                0x0000000020040000                __scratch_x_end__ = .
                0x0000000010006954                __scratch_x_source__ = LOADADDR (.scratch_x)

.scratch_y      0x0000000020041000        0x0 load address 0x0000000010006954
                0x0000000020041000                __scratch_y_start__ = .
 *(.scratch_y.*)
                0x0000000020041000                . = ALIGN (0x4)
                0x0000000020041000                __scratch_y_end__ = .
                0x0000000010006954                __scratch_y_source__ = LOADADDR (.scratch_y)

.stack1_dummy   0x0000000020040000        0x0
 *(.stack1*)

.stack_dummy    0x0000000020041000      0x800
 *(.stack*)
 .stack         0x0000000020041000      0x800 CMakeFiles/uniprog_bridge.dir/home/wm/pico-sdk/src/rp2_common/pico_crt0/crt0.S.o

.rel.dyn        0x0000000020041800        0x0
 .rel.iplt      0x0000000020041800        0x0 /home/wm/.local/opt/gcc-arm-none-eabi-10.3-2021.10/bin/../lib/gcc/arm-none-eabi/10.3.1/thumb/v6-m/nofp/crtbegin.o

.flash_end      0x0000000010006954        0x0
 *(.embedded_end_block*)
                0x0000000010006954                PROVIDE (__flash_binary_end = .)
                0x0000000020040000                __StackLimit = (ORIGIN (RAM) + LENGTH (RAM))
                0x0000000020041000                __StackOneTop = (ORIGIN (SCRATCH_X) + LENGTH (SCRATCH_X))
                0x0000000020042000                __StackTop = (ORIGIN (SCRATCH_Y) + LENGTH (SCRATCH_Y))
                0x0000000020041000                __StackOneBottom = (__StackOneTop - SIZEOF (.stack1_dummy))
                0x0000000020041800                __StackBottom = (__StackTop - SIZEOF (.stack_dummy))
                0x0000000020042000                PROVIDE (__stack = __StackTop)
                [!provide]                        PROVIDE (__heap_start = __end__)
                [!provide]                        PROVIDE (__heap_end = __HeapLimit)
                [!provide]                        PROVIDE (__tls_align = MAX (ALIGNOF (.tdata), ALIGNOF (.tbss)))
                [!provide]                        PROVIDE (__tls_size_align = (((__tls_size + __tls_align) - 0x1) & ~ ((__tls_align - 0x1))))
                [!provide]                        PROVIDE (__arm32_tls_tcb_offset = MAX (0x8, __tls_align))
                [!provide]                        PROVIDE (_end = __end__)
                [!provide]                        PROVIDE (__llvm_libc_heap_limit = __HeapLimit)
                0x0000000000000001                ASSERT ((__StackLimit >= __HeapLimit), region RAM overflowed)
                0x0000000000000001                ASSERT (((__binary_info_header_end - __logical_binary_start) <= 0x100), Binary info must be in first 256 bytes of the binary)
LOAD CMakeFiles/uniprog_bridge.dir/src/main.c.o
LOAD CMakeFiles/uniprog_bridge.dir/src/bridge_protocol.c.o
LOAD CMakeFiles/uniprog_bridge.dir/src/executor_spi.c.o
LOAD CMakeFiles/uniprog_bridge.dir/src/executor_i2c.c.o
LOAD CMakeFiles/uniprog_bridge.dir/src/executor_sys.c.o
LOAD CMakeFiles/uniprog_bridge.dir/src/executor_gpio.c.o
LOAD CMakeFiles/uniprog_bridge.dir/src/usb_descriptors.c.o
LOAD CMakeFiles/uniprog_bridge.dir/home/wm/pico-sdk/src/rp2_common/pico_stdlib/stdlib.c.o
LOAD CMakeFiles/uniprog_bridge.dir/home/wm/pico-sdk/src/rp2_common/hardware_gpio/gpio.c.o
LOAD CMakeFiles/uniprog_bridge.dir/home/wm/pico-sdk/src/rp2040/pico_platform/platform.c.o
LOAD CMakeFiles/uniprog_bridge.dir/home/wm/pico-sdk/src/rp2_common/pico_platform_common/common.c.o
LOAD CMakeFiles/uniprog_bridge.dir/home/wm/pico-sdk/src/rp2_common/pico_platform_panic/panic.c.o
LOAD CMakeFiles/uniprog_bridge.dir/home/wm/pico-sdk/src/common/hardware_claim/claim.c.o
LOAD CMakeFiles/uniprog_bridge.dir/home/wm/pico-sdk/src/rp2_common/hardware_sync/sync.c.o
LOAD CMakeFiles/uniprog_bridge.dir/home/wm/pico-sdk/src/rp2_common/hardware_sync_spin_lock/sync_spin_lock.c.o
LOAD CMakeFiles/uniprog_bridge.dir/home/wm/pico-sdk/src/rp2_common/hardware_irq/irq.c.o
LOAD CMakeFiles/uniprog_bridge.dir/home/wm/pico-sdk/src/rp2_common/hardware_irq/irq_handler_chain.S.o
LOAD CMakeFiles/uniprog_bridge.dir/home/wm/pico-sdk/src/common/pico_sync/sem.c.o
LOAD CMakeFiles/uniprog_bridge.dir/home/wm/pico-sdk/src/common/pico_sync/lock_core.c.o
LOAD CMakeFiles/uniprog_bridge.dir/home/wm/pico-sdk/src/common/pico_sync/mutex.c.o
LOAD CMakeFiles/uniprog_bridge.dir/home/wm/pico-sdk/src/common/pico_sync/critical_section.c.o
LOAD CMakeFiles/uniprog_bridge.dir/home/wm/pico-sdk/src/common/pico_time/time.c.o
LOAD CMakeFiles/uniprog_bridge.dir/home/wm/pico-sdk/src/common/pico_time/timeout_helper.c.o
LOAD CMakeFiles/uniprog_bridge.dir/home/wm/pico-sdk/src/rp2_common/hardware_timer/timer.c.o
LOAD CMakeFiles/uniprog_bridge.dir/home/wm/pico-sdk/src/common/pico_util/datetime.c.o
LOAD CMakeFiles/uniprog_bridge.dir/home/wm/pico-sdk/src/common/pico_util/pheap.c.o
LOAD CMakeFiles/uniprog_bridge.dir/home/wm/pico-sdk/src/common/pico_util/queue.c.o
LOAD CMakeFiles/uniprog_bridge.dir/home/wm/pico-sdk/src/rp2_common/hardware_uart/uart.c.o
LOAD CMakeFiles/uniprog_bridge.dir/home/wm/pico-sdk/src/rp2_common/hardware_clocks/clocks.c.o
LOAD CMakeFiles/uniprog_bridge.dir/home/wm/pico-sdk/src/rp2_common/hardware_pll/pll.c.o
LOAD CMakeFiles/uniprog_bridge.dir/home/wm/pico-sdk/src/rp2_common/hardware_vreg/vreg.c.o
LOAD CMakeFiles/uniprog_bridge.dir/home/wm/pico-sdk/src/rp2_common/hardware_watchdog/watchdog.c.o
LOAD CMakeFiles/uniprog_bridge.dir/home/wm/pico-sdk/src/rp2_common/hardware_ticks/ticks.c.o
LOAD CMakeFiles/uniprog_bridge.dir/home/wm/pico-sdk/src/rp2_common/pico_bootrom/bootrom.c.o
LOAD CMakeFiles/uniprog_bridge.dir/home/wm/pico-sdk/src/rp2_common/pico_bootrom/bootrom_lock.c.o
LOAD CMakeFiles/uniprog_bridge.dir/home/wm/pico-sdk/src/rp2_common/hardware_boot_lock/boot_lock.c.o
LOAD CMakeFiles/uniprog_bridge.dir/home/wm/pico-sdk/src/rp2_common/pico_flash/flash.c.o
LOAD CMakeFiles/uniprog_bridge.dir/home/wm/pico-sdk/src/rp2_common/hardware_xosc/xosc.c.o
LOAD CMakeFiles/uniprog_bridge.dir/home/wm/pico-sdk/src/rp2_common/hardware_divider/divider.S.o
LOAD CMakeFiles/uniprog_bridge.dir/home/wm/pico-sdk/src/rp2_common/pico_runtime/runtime.c.o
LOAD CMakeFiles/uniprog_bridge.dir/home/wm/pico-sdk/src/rp2_common/pico_runtime_init/runtime_init.c.o
LOAD CMakeFiles/uniprog_bridge.dir/home/wm/pico-sdk/src/rp2_common/pico_runtime_init/runtime_init_clocks.c.o
LOAD CMakeFiles/uniprog_bridge.dir/home/wm/pico-sdk/src/rp2_common/pico_runtime_init/runtime_init_stack_guard.c.o
LOAD CMakeFiles/uniprog_bridge.dir/home/wm/pico-sdk/src/rp2_common/pico_bit_ops/bit_ops_aeabi.S.o
LOAD CMakeFiles/uniprog_bridge.dir/home/wm/pico-sdk/src/rp2_common/pico_divider/divider_hardware.S.o
LOAD CMakeFiles/uniprog_bridge.dir/home/wm/pico-sdk/src/rp2_common/pico_double/double_aeabi_rp2040.S.o
LOAD CMakeFiles/uniprog_bridge.dir/home/wm/pico-sdk/src/rp2_common/pico_double/double_init_rom_rp2040.c.o
LOAD CMakeFiles/uniprog_bridge.dir/home/wm/pico-sdk/src/rp2_common/pico_double/double_math.c.o
LOAD CMakeFiles/uniprog_bridge.dir/home/wm/pico-sdk/src/rp2_common/pico_double/double_v1_rom_shim_rp2040.S.o
LOAD CMakeFiles/uniprog_bridge.dir/home/wm/pico-sdk/src/rp2_common/pico_int64_ops/pico_int64_ops_aeabi.S.o
LOAD CMakeFiles/uniprog_bridge.dir/home/wm/pico-sdk/src/rp2_common/pico_float/float_aeabi_rp2040.S.o
LOAD CMakeFiles/uniprog_bridge.dir/home/wm/pico-sdk/src/rp2_common/pico_float/float_init_rom_rp2040.c.o
LOAD CMakeFiles/uniprog_bridge.dir/home/wm/pico-sdk/src/rp2_common/pico_float/float_math.c.o
LOAD CMakeFiles/uniprog_bridge.dir/home/wm/pico-sdk/src/rp2_common/pico_float/float_v1_rom_shim_rp2040.S.o
LOAD CMakeFiles/uniprog_bridge.dir/home/wm/pico-sdk/src/rp2_common/pico_malloc/malloc.c.o
LOAD CMakeFiles/uniprog_bridge.dir/home/wm/pico-sdk/src/rp2_common/pico_mem_ops/mem_ops_aeabi.S.o
LOAD CMakeFiles/uniprog_bridge.dir/home/wm/pico-sdk/src/rp2_common/pico_atomic/atomic.c.o
LOAD CMakeFiles/uniprog_bridge.dir/home/wm/pico-sdk/src/rp2_common/pico_cxx_options/new_delete.cpp.o
LOAD CMakeFiles/uniprog_bridge.dir/home/wm/pico-sdk/src/rp2_common/pico_standard_binary_info/standard_binary_info.c.o
LOAD CMakeFiles/uniprog_bridge.dir/home/wm/pico-sdk/src/rp2_common/pico_printf/printf.c.o
LOAD CMakeFiles/uniprog_bridge.dir/home/wm/pico-sdk/src/rp2_common/pico_crt0/crt0.S.o
LOAD CMakeFiles/uniprog_bridge.dir/home/wm/pico-sdk/src/rp2_common/pico_clib_interface/newlib_interface.c.o
LOAD CMakeFiles/uniprog_bridge.dir/home/wm/pico-sdk/src/rp2_common/pico_stdio/stdio.c.o
LOAD CMakeFiles/uniprog_bridge.dir/home/wm/pico-sdk/src/rp2_common/pico_stdio_uart/stdio_uart.c.o
LOAD CMakeFiles/uniprog_bridge.dir/home/wm/pico-sdk/lib/tinyusb/src/portable/raspberrypi/rp2040/dcd_rp2040.c.o
LOAD CMakeFiles/uniprog_bridge.dir/home/wm/pico-sdk/lib/tinyusb/src/portable/raspberrypi/rp2040/rp2040_usb.c.o
LOAD CMakeFiles/uniprog_bridge.dir/home/wm/pico-sdk/lib/tinyusb/src/device/usbd.c.o
LOAD CMakeFiles/uniprog_bridge.dir/home/wm/pico-sdk/lib/tinyusb/src/device/usbd_control.c.o
LOAD CMakeFiles/uniprog_bridge.dir/home/wm/pico-sdk/lib/tinyusb/src/class/audio/audio_device.c.o
LOAD CMakeFiles/uniprog_bridge.dir/home/wm/pico-sdk/lib/tinyusb/src/class/cdc/cdc_device.c.o
LOAD CMakeFiles/uniprog_bridge.dir/home/wm/pico-sdk/lib/tinyusb/src/class/dfu/dfu_device.c.o
LOAD CMakeFiles/uniprog_bridge.dir/home/wm/pico-sdk/lib/tinyusb/src/class/dfu/dfu_rt_device.c.o
LOAD CMakeFiles/uniprog_bridge.dir/home/wm/pico-sdk/lib/tinyusb/src/class/hid/hid_device.c.o
LOAD CMakeFiles/uniprog_bridge.dir/home/wm/pico-sdk/lib/tinyusb/src/class/midi/midi_device.c.o
LOAD CMakeFiles/uniprog_bridge.dir/home/wm/pico-sdk/lib/tinyusb/src/class/msc/msc_device.c.o
LOAD CMakeFiles/uniprog_bridge.dir/home/wm/pico-sdk/lib/tinyusb/src/class/net/ecm_rndis_device.c.o
LOAD CMakeFiles/uniprog_bridge.dir/home/wm/pico-sdk/lib/tinyusb/src/class/net/ncm_device.c.o
LOAD CMakeFiles/uniprog_bridge.dir/home/wm/pico-sdk/lib/tinyusb/src/class/usbtmc/usbtmc_device.c.o
LOAD CMakeFiles/uniprog_bridge.dir/home/wm/pico-sdk/lib/tinyusb/src/class/vendor/vendor_device.c.o
LOAD CMakeFiles/uniprog_bridge.dir/home/wm/pico-sdk/lib/tinyusb/src/class/video/video_device.c.o
LOAD CMakeFiles/uniprog_bridge.dir/home/wm/pico-sdk/lib/tinyusb/src/tusb.c.o
LOAD CMakeFiles/uniprog_bridge.dir/home/wm/pico-sdk/lib/tinyusb/src/common/tusb_fifo.c.o
LOAD CMakeFiles/uniprog_bridge.dir/home/wm/pico-sdk/src/rp2_common/pico_fix/rp2040_usb_device_enumeration/rp2040_usb_device_enumeration.c.o
LOAD CMakeFiles/uniprog_bridge.dir/home/wm/pico-sdk/lib/tinyusb/hw/bsp/rp2040/family.c.o
LOAD CMakeFiles/uniprog_bridge.dir/home/wm/pico-sdk/src/rp2_common/pico_unique_id/unique_id.c.o
LOAD CMakeFiles/uniprog_bridge.dir/home/wm/pico-sdk/src/rp2_common/hardware_flash/flash.c.o
LOAD CMakeFiles/uniprog_bridge.dir/home/wm/pico-sdk/src/rp2_common/hardware_xip_cache/xip_cache.c.o
LOAD pico-sdk/src/rp2040/boot_stage2/CMakeFiles/bs2_default_library.dir/bs2_default_padded_checksummed.S.o
LOAD rp2040_hal/librp2040_hal.a
LOAD /home/wm/.local/opt/gcc-arm-none-eabi-10.3-2021.10/bin/../lib/gcc/arm-none-eabi/10.3.1/../../../../arm-none-eabi/lib/thumb/v6-m/nofp/libstdc++.a
LOAD /home/wm/.local/opt/gcc-arm-none-eabi-10.3-2021.10/bin/../lib/gcc/arm-none-eabi/10.3.1/../../../../arm-none-eabi/lib/thumb/v6-m/nofp/libm.a
START GROUP
LOAD /home/wm/.local/opt/gcc-arm-none-eabi-10.3-2021.10/bin/../lib/gcc/arm-none-eabi/10.3.1/thumb/v6-m/nofp/libgcc.a
LOAD /home/wm/.local/opt/gcc-arm-none-eabi-10.3-2021.10/bin/../lib/gcc/arm-none-eabi/10.3.1/../../../../arm-none-eabi/lib/thumb/v6-m/nofp/libg.a
LOAD /home/wm/.local/opt/gcc-arm-none-eabi-10.3-2021.10/bin/../lib/gcc/arm-none-eabi/10.3.1/../../../../arm-none-eabi/lib/thumb/v6-m/nofp/libc.a
END GROUP
START GROUP
LOAD /home/wm/.local/opt/gcc-arm-none-eabi-10.3-2021.10/bin/../lib/gcc/arm-none-eabi/10.3.1/thumb/v6-m/nofp/libgcc.a
LOAD /home/wm/.local/opt/gcc-arm-none-eabi-10.3-2021.10/bin/../lib/gcc/arm-none-eabi/10.3.1/../../../../arm-none-eabi/lib/thumb/v6-m/nofp/libc.a
LOAD /home/wm/.local/opt/gcc-arm-none-eabi-10.3-2021.10/bin/../lib/gcc/arm-none-eabi/10.3.1/../../../../arm-none-eabi/lib/thumb/v6-m/nofp/libnosys.a
END GROUP
LOAD /home/wm/.local/opt/gcc-arm-none-eabi-10.3-2021.10/bin/../lib/gcc/arm-none-eabi/10.3.1/thumb/v6-m/nofp/crtend.o
LOAD /home/wm/.local/opt/gcc-arm-none-eabi-10.3-2021.10/bin/../lib/gcc/arm-none-eabi/10.3.1/thumb/v6-m/nofp/crtn.o
OUTPUT(uniprog_bridge.elf elf32-littlearm)
LOAD linker stubs

.ARM.attributes
                0x0000000000000000       0x28
 .ARM.attributes
                0x0000000000000000       0x1e /home/wm/.local/opt/gcc-arm-none-eabi-10.3-2021.10/bin/../lib/gcc/arm-none-eabi/10.3.1/thumb/v6-m/nofp/crti.o
 .ARM.attributes
                0x000000000000001e       0x2c /home/wm/.local/opt/gcc-arm-none-eabi-10.3-2021.10/bin/../lib/gcc/arm-none-eabi/10.3.1/thumb/v6-m/nofp/crtbegin.o
 .ARM.attributes
                0x000000000000004a       0x2c CMakeFiles/uniprog_bridge.dir/src/main.c.o
 .ARM.attributes
                0x0000000000000076       0x2c CMakeFiles/uniprog_bridge.dir/src/bridge_protocol.c.o
 .ARM.attributes
                0x00000000000000a2       0x2c CMakeFiles/uniprog_bridge.dir/src/executor_spi.c.o
 .ARM.attributes
                0x00000000000000ce       0x2c CMakeFiles/uniprog_bridge.dir/src/executor_i2c.c.o
 .ARM.attributes
                0x00000000000000fa       0x2c CMakeFiles/uniprog_bridge.dir/src/executor_sys.c.o
 .ARM.attributes
                0x0000000000000126       0x2c CMakeFiles/uniprog_bridge.dir/src/executor_gpio.c.o
 .ARM.attributes
                0x0000000000000152       0x2c CMakeFiles/uniprog_bridge.dir/src/usb_descriptors.c.o
 .ARM.attributes
                0x000000000000017e       0x2c CMakeFiles/uniprog_bridge.dir/home/wm/pico-sdk/src/rp2_common/hardware_gpio/gpio.c.o
 .ARM.attributes
                0x00000000000001aa       0x2c CMakeFiles/uniprog_bridge.dir/home/wm/pico-sdk/src/rp2040/pico_platform/platform.c.o
 .ARM.attributes
                0x00000000000001d6       0x2c CMakeFiles/uniprog_bridge.dir/home/wm/pico-sdk/src/rp2_common/pico_platform_panic/panic.c.o
 .ARM.attributes
                0x0000000000000202       0x2c CMakeFiles/uniprog_bridge.dir/home/wm/pico-sdk/src/common/hardware_claim/claim.c.o
 .ARM.attributes
                0x000000000000022e       0x2c CMakeFiles/uniprog_bridge.dir/home/wm/pico-sdk/src/rp2_common/hardware_sync/sync.c.o
 .ARM.attributes
                0x000000000000025a       0x2c CMakeFiles/uniprog_bridge.dir/home/wm/pico-sdk/src/rp2_common/hardware_sync_spin_lock/sync_spin_lock.c.o
 .ARM.attributes
                0x0000000000000286       0x2c CMakeFiles/uniprog_bridge.dir/home/wm/pico-sdk/src/rp2_common/hardware_irq/irq.c.o
 .ARM.attributes