Archive member included to satisfy reference by file (symbol)

/home/wm/.local/opt/gcc-arm-none-eabi-10.3-2021.10/bin/../lib/gcc/arm-none-eabi/10.3.1/thumb/v6-m/nofp/libgcc.a(_dvmd_tls.o)
                              CMakeFiles/uniproger.dir/home/wm/pico-sdk/src/rp2_common/pico_divider/divider_hardware.S.o (__aeabi_idiv0)
/home/wm/.local/opt/gcc-arm-none-eabi-10.3-2021.10/bin/../lib/gcc/arm-none-eabi/10.3.1/../../../../arm-none-eabi/lib/thumb/v6-m/nofp/libg.a(lib_a-atoi.o)
                              CMakeFiles/uniproger.dir/src/cli/commands.c.o (atoi)
/home/wm/.local/opt/gcc-arm-none-eabi-10.3-2021.10/bin/../lib/gcc/arm-none-eabi/10.3.1/../../../../arm-none-eabi/lib/thumb/v6-m/nofp/libg.a(lib_a-calloc.o)
                              CMakeFiles/uniproger.dir/home/wm/pico-sdk/src/rp2_common/pico_malloc/malloc.c.o (calloc)
/home/wm/.local/opt/gcc-arm-none-eabi-10.3-2021.10/bin/../lib/gcc/arm-none-eabi/10.3.1/../../../../arm-none-eabi/lib/thumb/v6-m/nofp/libg.a(lib_a-callocr.o)
                              /home/wm/.local/opt/gcc-arm-none-eabi-10.3-2021.10/bin/../lib/gcc/arm-none-eabi/10.3.1/../../../../arm-none-eabi/lib/thumb/v6-m/nofp/libg.a(lib_a-calloc.o) (_calloc_r)
/home/wm/.local/opt/gcc-arm-none-eabi-10.3-2021.10/bin/../lib/gcc/arm-none-eabi/10.3.1/../../../../arm-none-eabi/lib/thumb/v6-m/nofp/libg.a(lib_a-errno.o)
                              /home/wm/.local/opt/gcc-arm-none-eabi-10.3-2021.10/bin/../lib/gcc/arm-none-eabi/10.3.1/../../../../arm-none-eabi/lib/thumb/v6-m/nofp/libg.a(lib_a-callocr.o) (__errno)
/home/wm/.local/opt/gcc-arm-none-eabi-10.3-2021.10/bin/../lib/gcc/arm-none-eabi/10.3.1/../../../../arm-none-eabi/lib/thumb/v6-m/nofp/libg.a(lib_a-impure.o)
                              /home/wm/.local/opt/gcc-arm-none-eabi-10.3-2021.10/bin/../lib/gcc/arm-none-eabi/10.3.1/../../../../arm-none-eabi/lib/thumb/v6-m/nofp/libg.a(lib_a-calloc.o) (_impure_ptr)
/home/wm/.local/opt/gcc-arm-none-eabi-10.3-2021.10/bin/../lib/gcc/arm-none-eabi/10.3.1/../../../../arm-none-eabi/lib/thumb/v6-m/nofp/libg.a(lib_a-init.o)
                              /home/wm/.local/opt/gcc-arm-none-eabi-10.3-2021.10/bin/../lib/gcc/arm-none-eabi/10.3.1/../../../../arm-none-eabi/lib/thumb/v6-m/nofp/crt0.o (__libc_init_array)
/home/wm/.local/opt/gcc-arm-none-eabi-10.3-2021.10/bin/../lib/gcc/arm-none-eabi/10.3.1/../../../../arm-none-eabi/lib/thumb/v6-m/nofp/libg.a(lib_a-lcltime_r.o)
                              CMakeFiles/uniproger.dir/home/wm/pico-sdk/src/common/pico_util/datetime.c.o (localtime_r)
/home/wm/.local/opt/gcc-arm-none-eabi-10.3-2021.10/bin/../lib/gcc/arm-none-eabi/10.3.1/../../../../arm-none-eabi/lib/thumb/v6-m/nofp/libg.a(lib_a-malloc.o)
                              CMakeFiles/uniproger.dir/home/wm/pico-sdk/src/rp2_common/pico_malloc/malloc.c.o (malloc)
/home/wm/.local/opt/gcc-arm-none-eabi-10.3-2021.10/bin/../lib/gcc/arm-none-eabi/10.3.1/../../../../arm-none-eabi/lib/thumb/v6-m/nofp/libg.a(lib_a-mallocr.o)
                              /home/wm/.local/opt/gcc-arm-none-eabi-10.3-2021.10/bin/../lib/gcc/arm-none-eabi/10.3.1/../../../../arm-none-eabi/lib/thumb/v6-m/nofp/libg.a(lib_a-callocr.o) (_malloc_r)
/home/wm/.local/opt/gcc-arm-none-eabi-10.3-2021.10/bin/../lib/gcc/arm-none-eabi/10.3.1/../../../../arm-none-eabi/lib/thumb/v6-m/nofp/libg.a(lib_a-memcmp.o)
                              CMakeFiles/uniproger.dir/src/core/device/memory/spi_flash.c.o (memcmp)
/home/wm/.local/opt/gcc-arm-none-eabi-10.3-2021.10/bin/../lib/gcc/arm-none-eabi/10.3.1/../../../../arm-none-eabi/lib/thumb/v6-m/nofp/libg.a(lib_a-memmove.o)
                              CMakeFiles/uniproger.dir/src/core/device/device_registry.c.o (memmove)
/home/wm/.local/opt/gcc-arm-none-eabi-10.3-2021.10/bin/../lib/gcc/arm-none-eabi/10.3.1/../../../../arm-none-eabi/lib/thumb/v6-m/nofp/libg.a(lib_a-mktime.o)
                              CMakeFiles/uniproger.dir/home/wm/pico-sdk/src/common/pico_util/datetime.c.o (mktime)
/home/wm/.local/opt/gcc-arm-none-eabi-10.3-2021.10/bin/../lib/gcc/arm-none-eabi/10.3.1/../../../../arm-none-eabi/lib/thumb/v6-m/nofp/libg.a(lib_a-mlock.o)
                              /home/wm/.local/opt/gcc-arm-none-eabi-10.3-2021.10/bin/../lib/gcc/arm-none-eabi/10.3.1/../../../../arm-none-eabi/lib/thumb/v6-m/nofp/libg.a(lib_a-mallocr.o) (__malloc_lock)
/home/wm/.local/opt/gcc-arm-none-eabi-10.3-2021.10/bin/../lib/gcc/arm-none-eabi/10.3.1/../../../../arm-none-eabi/lib/thumb/v6-m/nofp/libg.a(lib_a-month_lengths.o)
                              /home/wm/.local/opt/gcc-arm-none-eabi-10.3-2021.10/bin/../lib/gcc/arm-none-eabi/10.3.1/../../../../arm-none-eabi/lib/thumb/v6-m/nofp/libg.a(lib_a-lcltime_r.o) (__month_lengths)
/home/wm/.local/opt/gcc-arm-none-eabi-10.3-2021.10/bin/../lib/gcc/arm-none-eabi/10.3.1/../../../../arm-none-eabi/lib/thumb/v6-m/nofp/libg.a(lib_a-realloc.o)
                              CMakeFiles/uniproger.dir/home/wm/pico-sdk/src/rp2_common/pico_malloc/malloc.c.o (realloc)
[...]
Memory Configuration

Name             Origin             Length             Attributes
FLASH            0x0000000010000000 0x0000000000200000 xr
RAM              0x0000000020000000 0x0000000000040000 xrw
SCRATCH_X        0x0000000020040000 0x0000000000001000 xrw
SCRATCH_Y        0x0000000020041000 0x0000000000001000 xrw
*default*        0x0000000000000000 0xffffffffffffffff

Linker script and memory map

LOAD /home/wm/.local/opt/gcc-arm-none-eabi-10.3-2021.10/bin/../lib/gcc/arm-none-eabi/10.3.1/thumb/v6-m/nofp/crti.o
LOAD /home/wm/.local/opt/gcc-arm-none-eabi-10.3-2021.10/bin/../lib/gcc/arm-none-eabi/10.3.1/thumb/v6-m/nofp/crtbegin.o
LOAD /home/wm/.local/opt/gcc-arm-none-eabi-10.3-2021.10/bin/../lib/gcc/arm-none-eabi/10.3.1/../../../../arm-none-eabi/lib/thumb/v6-m/nofp/crt0.o

.flash_begin    0x0000000010000000        0x0
                0x0000000010000000                __flash_binary_start = .

.boot2          0x0000000010000000      0x100
                0x0000000010000000                __boot2_start__ = .
 *(.boot2)
 .boot2         0x0000000010000000      0x100 pico-sdk/src/rp2040/boot_stage2/CMakeFiles/bs2_default_library.dir/bs2_default_padded_checksummed.S.o
                0x0000000010000100                __boot2_end__ = .
                0x0000000000000001                ASSERT (((__boot2_end__ - __boot2_start__) == 0x100), ERROR: Pico second stage bootloader must be 256 bytes in size)

.text           0x0000000010000100     0x550c
                0x0000000010000100                __logical_binary_start = .
 *(.vectors)
 .vectors       0x0000000010000100       0xd4 CMakeFiles/uniproger.dir/home/wm/pico-sdk/src/rp2_common/pico_crt0/crt0.S.o
                0x0000000010000100                __vectors
                0x0000000010000100                __VECTOR_TABLE
                0x00000000100001c0                isr_irq30
                0x00000000100001c0                __unhandled_user_irq
                0x00000000100001c0                isr_irq13
                0x00000000100001c0                isr_irq27
                0x00000000100001c0                isr_irq31
                0x00000000100001c0                isr_irq5
                0x00000000100001c0                isr_irq11
                0x00000000100001c0                isr_irq23
                0x00000000100001c0                isr_irq18
                0x00000000100001c0                isr_irq28
                0x00000000100001c0                isr_irq19
                0x00000000100001c0                isr_irq0
                0x00000000100001c0                isr_irq6
                0x00000000100001c0                isr_irq22
                0x00000000100001c0                isr_irq17
                0x00000000100001c0                isr_irq14
                0x00000000100001c0                __vectors_end
                0x00000000100001c0                __default_isrs_start
                0x00000000100001c0                isr_irq2
                0x00000000100001c0                isr_irq10
                0x00000000100001c0                isr_irq8
                0x00000000100001c0                isr_irq24
                0x00000000100001c0                isr_irq1
                0x00000000100001c0                isr_irq7
                0x00000000100001c0                isr_irq21
                0x00000000100001c0                isr_irq20
                0x00000000100001c0                isr_irq15
                0x00000000100001c0                isr_irq25
                0x00000000100001c0                isr_irq4
                0x00000000100001c0                isr_irq16
                0x00000000100001c0                isr_irq29
                0x00000000100001c0                isr_irq26
                0x00000000100001c0                isr_irq3
                0x00000000100001c0                isr_irq12
                0x00000000100001c0                isr_irq9
                0x00000000100001c6                unhandled_user_irq_num_in_r0
                0x00000000100001c8                isr_invalid
                0x00000000100001ca                isr_nmi
                0x00000000100001cc                isr_hardfault
                0x00000000100001ce                isr_svcall
                0x00000000100001d0                isr_pendsv
                0x00000000100001d2                isr_systick
                0x00000000100001d4                __default_isrs_end
 *(.binary_info_header)
 .binary_info_header
                0x00000000100001d4       0x14 CMakeFiles/uniproger.dir/home/wm/pico-sdk/src/rp2_common/pico_crt0/crt0.S.o
                0x00000000100001e8                __binary_info_header_end = .
 *(.embedded_block)
                0x00000000100001e8                __embedded_block_end = .
 *(.reset)
 .reset         0x00000000100001e8       0x9c CMakeFiles/uniproger.dir/home/wm/pico-sdk/src/rp2_common/pico_crt0/crt0.S.o
                0x00000000100001e8                _entry_point
 *(.init)
 .init          0x0000000010000284        0x4 /home/wm/.local/opt/gcc-arm-none-eabi-10.3-2021.10/bin/../lib/gcc/arm-none-eabi/10.3.1/thumb/v6-m/nofp/crti.o
                0x0000000010000284                _init
 *(EXCLUDE_FILE(*libm.a: *libc.a:*lib_a-mem*.o *libgcc.a:) .text*)
 .text          0x0000000010000288       0x48 /home/wm/.local/opt/gcc-arm-none-eabi-10.3-2021.10/bin/../lib/gcc/arm-none-eabi/10.3.1/thumb/v6-m/nofp/crtbegin.o
 .text.startup.main
                0x00000000100002d0      0x134 CMakeFiles/uniproger.dir/src/main.c.o
                0x00000000100002d0                main
 .text.up_device_registry_init
                0x0000000010000404       0x20 CMakeFiles/uniproger.dir/src/core/device/device_registry.c.o
                0x0000000010000404                up_device_registry_init
 .text.up_device_register
                0x0000000010000424       0x8c CMakeFiles/uniproger.dir/src/core/device/device_registry.c.o
                0x0000000010000424                up_device_register
 .text.up_device_count
                0x00000000100004b0        0xc CMakeFiles/uniproger.dir/src/core/device/device_registry.c.o
                0x00000000100004b0                up_device_count
 .text.up_device_get
                0x00000000100004bc       0x1c CMakeFiles/uniproger.dir/src/core/device/device_registry.c.o
                0x00000000100004bc                up_device_get
 .text.spi_flash_deinit
                0x00000000100004d8        0xc CMakeFiles/uniproger.dir/src/core/device/memory/spi_flash.c.o
 .text.spi_flash_detect
                0x00000000100004e4      0x110 CMakeFiles/uniproger.dir/src/core/device/memory/spi_flash.c.o
 .text.flash_wait_ready
                0x00000000100005f4       0xbc CMakeFiles/uniproger.dir/src/core/device/memory/spi_flash.c.o
 .text.spi_flash_read
                0x00000000100006b0       0x90 CMakeFiles/uniproger.dir/src/core/device/memory/spi_flash.c.o
 .text.spi_flash_verify
                0x0000000010000740       0x84 CMakeFiles/uniproger.dir/src/core/device/memory/spi_flash.c.o
 .text.spi_flash_write
                0x00000000100007c4       0xe8 CMakeFiles/uniproger.dir/src/core/device/memory/spi_flash.c.o
 .text.spi_flash_init
                0x00000000100008ac       0x3c CMakeFiles/uniproger.dir/src/core/device/memory/spi_flash.c.o
 .text.spi_flash_erase
                0x00000000100008e8      0x144 CMakeFiles/uniproger.dir/src/core/device/memory/spi_flash.c.o
 .text.eeprom_init
                0x0000000010000a2c        0xc CMakeFiles/uniproger.dir/src/core/device/memory/i2c_eeprom.c.o
 .text.eeprom_deinit
                0x0000000010000a38        0xc CMakeFiles/uniproger.dir/src/core/device/memory/i2c_eeprom.c.o
 .text.eeprom_detect
                0x0000000010000a44       0x8c CMakeFiles/uniproger.dir/src/core/device/memory/i2c_eeprom.c.o
 .text.eeprom_write
                0x0000000010000ad0      0x118 CMakeFiles/uniproger.dir/src/core/device/memory/i2c_eeprom.c.o
 .text.eeprom_read
                0x0000000010000be8       0x98 CMakeFiles/uniproger.dir/src/core/device/memory/i2c_eeprom.c.o
 .text.eeprom_verify
                0x0000000010000c80       0x7c CMakeFiles/uniproger.dir/src/core/device/memory/i2c_eeprom.c.o
 .text.avr_init
                0x0000000010000cfc        0xc CMakeFiles/uniproger.dir/src/core/device/mcu/avr_isp.c.o
 .text.avr_deinit
                0x0000000010000d08       0x18 CMakeFiles/uniproger.dir/src/core/device/mcu/avr_isp.c.o
 .text.avr_verify
                0x0000000010000d20       0xac CMakeFiles/uniproger.dir/src/core/device/mcu/avr_isp.c.o
 .text.avr_write
                0x0000000010000dcc       0xd8 CMakeFiles/uniproger.dir/src/core/device/mcu/avr_isp.c.o
 .text.avr_read
                0x0000000010000ea4       0xa4 CMakeFiles/uniproger.dir/src/core/device/mcu/avr_isp.c.o
 .text.avr_erase
                0x0000000010000f48       0x40 CMakeFiles/uniproger.dir/src/core/device/mcu/avr_isp.c.o
 .text.avr_detect
                0x0000000010000f88      0x1bc CMakeFiles/uniproger.dir/src/core/device/mcu/avr_isp.c.o
 .text.swd_ap_write.isra.0
                0x0000000010001144       0x3c CMakeFiles/uniproger.dir/src/core/device/mcu/stm32_swd.c.o
 .text.swd_ap_read.constprop.0
                0x0000000010001180       0x3c CMakeFiles/uniproger.dir/src/core/device/mcu/stm32_swd.c.o
 .text.stm32_detect
                0x00000000100011bc       0xe0 CMakeFiles/uniproger.dir/src/core/device/mcu/stm32_swd.c.o
 .text.flash_wait.isra.0
                0x000000001000129c       0x70 CMakeFiles/uniproger.dir/src/core/device/mcu/stm32_swd.c.o
 .text.stm32_read
                0x000000001000130c       0x98 CMakeFiles/uniproger.dir/src/core/device/mcu/stm32_swd.c.o
 .text.stm32_verify
                0x00000000100013a4       0x84 CMakeFiles/uniproger.dir/src/core/device/mcu/stm32_swd.c.o
 .text.stm32_deinit
                0x0000000010001428       0x2c CMakeFiles/uniproger.dir/src/core/device/mcu/stm32_swd.c.o
 .text.stm32_init
                0x0000000010001454       0x34 CMakeFiles/uniproger.dir/src/core/device/mcu/stm32_swd.c.o
 .text.stm32_erase
                0x0000000010001488       0xf0 CMakeFiles/uniproger.dir/src/core/device/mcu/stm32_swd.c.o
 .text.stm32_write
                0x0000000010001578      0x110 CMakeFiles/uniproger.dir/src/core/device/mcu/stm32_swd.c.o
 .text.up_log_output
                0x0000000010001688       0x70 CMakeFiles/uniproger.dir/src/core/utils/log.c.o
                0x0000000010001688                up_log_output
 .text.cli_init
                0x00000000100016f8       0x30 CMakeFiles/uniproger.dir/src/cli/cli.c.o
                0x00000000100016f8                cli_init
 .text.cli_register
                0x0000000010001728       0x28 CMakeFiles/uniproger.dir/src/cli/cli.c.o
                0x0000000010001728                cli_register
 .text.cli_printf
                0x0000000010001750       0x18 CMakeFiles/uniproger.dir/src/cli/cli.c.o
                0x0000000010001750                cli_printf
 .text.cmd_version
                0x0000000010001768       0x2c CMakeFiles/uniproger.dir/src/cli/cli.c.o
 .text.cmd_help
                0x0000000010001794       0x48 CMakeFiles/uniproger.dir/src/cli/cli.c.o
 .text.cli_process_line.part.0
                0x00000000100017dc       0xf4 CMakeFiles/uniproger.dir/src/cli/cli.c.o
 .text.cli_run  0x00000000100018d0      0x120 CMakeFiles/uniproger.dir/src/cli/cli.c.o
                0x00000000100018d0                cli_run
 .text.cmd_scan_i2c
                0x00000000100019f0       0x98 CMakeFiles/uniproger.dir/src/cli/commands.c.o
 .text.cmd_reset
                0x0000000010001a88       0x18 CMakeFiles/uniproger.dir/src/cli/commands.c.o
 .text.cmd_pin  0x0000000010001aa0      0x13c CMakeFiles/uniproger.dir/src/cli/commands.c.o
 .text.cmd_info
                0x0000000010001bdc       0x78 CMakeFiles/uniproger.dir/src/cli/commands.c.o
 .text.cmd_detect
                0x0000000010001c54       0x50 CMakeFiles/uniproger.dir/src/cli/commands.c.o
 .text.commands_register_all
                0x0000000010001ca4       0x1c CMakeFiles/uniproger.dir/src/cli/commands.c.o
                0x0000000010001ca4                commands_register_all
 .text.hal_platform_init
                0x0000000010001cc0       0x1c CMakeFiles/uniproger.dir/src/platform/rp2040/rp2040_platform.c.o
                0x0000000010001cc0                hal_platform_init
 .text.hal_platform_name
                0x0000000010001cdc        0x8 CMakeFiles/uniproger.dir/src/platform/rp2040/rp2040_platform.c.o
                0x0000000010001cdc                hal_platform_name
 .text.hal_platform_get_chip_id
                0x0000000010001ce4       0x2c CMakeFiles/uniproger.dir/src/platform/rp2040/rp2040_platform.c.o
                0x0000000010001ce4                hal_platform_get_chip_id
 .text.hal_platform_get_clock_hz
                0x0000000010001d10        0xc CMakeFiles/uniproger.dir/src/platform/rp2040/rp2040_platform.c.o
                0x0000000010001d10                hal_platform_get_clock_hz
 .text.hal_platform_reset
                0x0000000010001d1c       0x10 CMakeFiles/uniproger.dir/src/platform/rp2040/rp2040_platform.c.o
                0x0000000010001d1c                hal_platform_reset
 .text.hal_platform_led
                0x0000000010001d2c       0x14 CMakeFiles/uniproger.dir/src/platform/rp2040/rp2040_platform.c.o
                0x0000000010001d2c                hal_platform_led
 .text.hal_gpio_init
                0x0000000010001d40       0x5c CMakeFiles/uniproger.dir/src/platform/rp2040/rp2040_hal_gpio.c.o
                0x0000000010001d40                hal_gpio_init
 .text.hal_gpio_write
                0x0000000010001d9c       0x14 CMakeFiles/uniproger.dir/src/platform/rp2040/rp2040_hal_gpio.c.o
                0x0000000010001d9c                hal_gpio_write
 .text.hal_gpio_read
                0x0000000010001db0       0x14 CMakeFiles/uniproger.dir/src/platform/rp2040/rp2040_hal_gpio.c.o
                0x0000000010001db0                hal_gpio_read
 .text.hal_spi_transfer
                0x0000000010001dc4       0x40 CMakeFiles/uniproger.dir/src/platform/rp2040/rp2040_hal_spi.c.o
                0x0000000010001dc4                hal_spi_transfer
 .text.hal_timer_delay_us
                0x0000000010001e04        0x8 CMakeFiles/uniproger.dir/src/platform/rp2040/rp2040_hal_timer.c.o
                0x0000000010001e04                hal_timer_delay_us
 .text.hal_timer_delay_ms
                0x0000000010001e0c        0x8 CMakeFiles/uniproger.dir/src/platform/rp2040/rp2040_hal_timer.c.o
                0x0000000010001e0c                hal_timer_delay_ms
 .text.hal_timer_get_us
                0x0000000010001e14        0x8 CMakeFiles/uniproger.dir/src/platform/rp2040/rp2040_hal_timer.c.o
                0x0000000010001e14                hal_timer_get_us
 .text.hal_timer_get_ms
                0x0000000010001e1c       0x20 CMakeFiles/uniproger.dir/src/platform/rp2040/rp2040_hal_timer.c.o
                0x0000000010001e1c                hal_timer_get_ms
 .text.gpio_set_pulls
                0x0000000010001e3c       0x30 CMakeFiles/uniproger.dir/home/wm/pico-sdk/src/rp2_common/hardware_gpio/gpio.c.o
                0x0000000010001e3c                gpio_set_pulls
 .text.gpio_init
                0x0000000010001e6c       0x40 CMakeFiles/uniproger.dir/home/wm/pico-sdk/src/rp2_common/hardware_gpio/gpio.c.o
                0x0000000010001e6c                gpio_init
 .text.panic    0x0000000010001eac       0x30 CMakeFiles/uniproger.dir/home/wm/pico-sdk/src/rp2_common/pico_platform_panic/panic.c.o
                0x0000000010001eac                panic
 .text.hw_claim_or_assert
                0x0000000010001edc       0x44 CMakeFiles/uniproger.dir/home/wm/pico-sdk/src/common/hardware_claim/claim.c.o
                0x0000000010001edc                hw_claim_or_assert
 .text.next_striped_spin_lock_num
                0x0000000010001f20       0x18 CMakeFiles/uniproger.dir/home/wm/pico-sdk/src/rp2_common/hardware_sync/sync.c.o
                0x0000000010001f20                next_striped_spin_lock_num
 .text.spin_locks_reset
                0x0000000010001f38       0x1c CMakeFiles/uniproger.dir/home/wm/pico-sdk/src/rp2_common/hardware_sync_spin_lock/sync_spin_lock.c.o
                0x0000000010001f38                spin_locks_reset
 .text.runtime_init_per_core_irq_priorities
                0x0000000010001f54       0x24 CMakeFiles/uniproger.dir/home/wm/pico-sdk/src/rp2_common/hardware_irq/irq.c.o
                0x0000000010001f54                runtime_init_per_core_irq_priorities
 .text.irq_set_enabled
                0x0000000010001f78       0x24 CMakeFiles/uniproger.dir/home/wm/pico-sdk/src/rp2_common/hardware_irq/irq.c.o
                0x0000000010001f78                irq_set_enabled
 .text.irq_set_exclusive_handler
                0x0000000010001f9c       0x54 CMakeFiles/uniproger.dir/home/wm/pico-sdk/src/rp2_common/hardware_irq/irq.c.o
                0x0000000010001f9c                irq_set_exclusive_handler
 .text.lock_init
                0x0000000010001ff0       0x10 CMakeFiles/uniproger.dir/home/wm/pico-sdk/src/common/pico_sync/lock_core.c.o
                0x0000000010001ff0                lock_init
 .text.runtime_init_mutex
                0x0000000010002000       0x54 CMakeFiles/uniproger.dir/home/wm/pico-sdk/src/common/pico_sync/mutex.c.o
                0x0000000010002000                runtime_init_mutex
 .text.sleep_until_callback
                0x0000000010002054       0x30 CMakeFiles/uniproger.dir/home/wm/pico-sdk/src/common/pico_time/time.c.o
 .text.alarm_pool_irq_handler
                0x0000000010002084      0x300 CMakeFiles/uniproger.dir/home/wm/pico-sdk/src/common/pico_time/time.c.o
 .text.runtime_init_default_alarm_pool
                0x0000000010002384       0x9c CMakeFiles/uniproger.dir/home/wm/pico-sdk/src/common/pico_time/time.c.o
                0x0000000010002384                runtime_init_default_alarm_pool
 .text.alarm_pool_add_alarm_at_force_in_context
                0x0000000010002420       0xb0 CMakeFiles/uniproger.dir/home/wm/pico-sdk/src/common/pico_time/time.c.o
                0x0000000010002420                alarm_pool_add_alarm_at_force_in_context
 .text.alarm_pool_cancel_alarm
                0x00000000100024d0       0x7c CMakeFiles/uniproger.dir/home/wm/pico-sdk/src/common/pico_time/time.c.o
                0x00000000100024d0                alarm_pool_cancel_alarm
 .text.sleep_until
                0x000000001000254c       0xd0 CMakeFiles/uniproger.dir/home/wm/pico-sdk/src/common/pico_time/time.c.o
                0x000000001000254c                sleep_until
 .text.sleep_ms
                0x000000001000261c       0x34 CMakeFiles/uniproger.dir/home/wm/pico-sdk/src/common/pico_time/time.c.o
                0x000000001000261c                sleep_ms
 .text.best_effort_wfe_or_timeout
                0x0000000010002650       0xfc CMakeFiles/uniproger.dir/home/wm/pico-sdk/src/common/pico_time/time.c.o
                0x0000000010002650                best_effort_wfe_or_timeout
 .text.timer_hardware_alarm_claim
                0x000000001000274c       0x14 CMakeFiles/uniproger.dir/home/wm/pico-sdk/src/rp2_common/hardware_timer/timer.c.o
                0x000000001000274c                timer_hardware_alarm_claim
 .text.timer_time_us_64
                0x0000000010002760       0x10 CMakeFiles/uniproger.dir/home/wm/pico-sdk/src/rp2_common/hardware_timer/timer.c.o
                0x0000000010002760                timer_time_us_64
 .text.time_us_64
                0x0000000010002770       0x14 CMakeFiles/uniproger.dir/home/wm/pico-sdk/src/rp2_common/hardware_timer/timer.c.o
                0x0000000010002770                time_us_64
 .text.busy_wait_us_32
                0x0000000010002784       0x68 CMakeFiles/uniproger.dir/home/wm/pico-sdk/src/rp2_common/hardware_timer/timer.c.o
                0x0000000010002784                busy_wait_us_32
 .text.busy_wait_us
                0x00000000100027ec       0x54 CMakeFiles/uniproger.dir/home/wm/pico-sdk/src/rp2_common/hardware_timer/timer.c.o
                0x00000000100027ec                busy_wait_us
 .text.busy_wait_until
                0x0000000010002840       0x20 CMakeFiles/uniproger.dir/home/wm/pico-sdk/src/rp2_common/hardware_timer/timer.c.o
                0x0000000010002840                busy_wait_until
 .text.clock_configure_internal
                0x0000000010002860       0xe0 CMakeFiles/uniproger.dir/home/wm/pico-sdk/src/rp2_common/hardware_clocks/clocks.c.o
 .text.clock_configure_int_divider
                0x0000000010002940       0x28 CMakeFiles/uniproger.dir/home/wm/pico-sdk/src/rp2_common/hardware_clocks/clocks.c.o
                0x0000000010002940                clock_configure_int_divider
 .text.clock_configure_undivided
                0x0000000010002968       0x14 CMakeFiles/uniproger.dir/home/wm/pico-sdk/src/rp2_common/hardware_clocks/clocks.c.o
                0x0000000010002968                clock_configure_undivided
 .text.clock_get_hz
                0x000000001000297c        0xc CMakeFiles/uniproger.dir/home/wm/pico-sdk/src/rp2_common/hardware_clocks/clocks.c.o
                0x000000001000297c                clock_get_hz
 .text.pll_init
                0x0000000010002988       0xa0 CMakeFiles/uniproger.dir/home/wm/pico-sdk/src/rp2_common/hardware_pll/pll.c.o
                0x0000000010002988                pll_init
 .text.watchdog_reboot
                0x0000000010002a28       0x98 CMakeFiles/uniproger.dir/home/wm/pico-sdk/src/rp2_common/hardware_watchdog/watchdog.c.o
                0x0000000010002a28                watchdog_reboot
 .text.tick_start
                0x0000000010002ac0       0x10 CMakeFiles/uniproger.dir/home/wm/pico-sdk/src/rp2_common/hardware_ticks/ticks.c.o
                0x0000000010002ac0                tick_start
 .text.rom_func_lookup
                0x0000000010002ad0       0x10 CMakeFiles/uniproger.dir/home/wm/pico-sdk/src/rp2_common/pico_bootrom/bootrom.c.o
                0x0000000010002ad0                rom_func_lookup
 .text.rom_data_lookup
                0x0000000010002ae0       0x10 CMakeFiles/uniproger.dir/home/wm/pico-sdk/src/rp2_common/pico_bootrom/bootrom.c.o
                0x0000000010002ae0                rom_data_lookup
 .text.rom_funcs_lookup
                0x0000000010002af0       0x44 CMakeFiles/uniproger.dir/home/wm/pico-sdk/src/rp2_common/pico_bootrom/bootrom.c.o
                0x0000000010002af0                rom_funcs_lookup
 .text.xosc_init
                0x0000000010002b34       0x28 CMakeFiles/uniproger.dir/home/wm/pico-sdk/src/rp2_common/hardware_xosc/xosc.c.o
                0x0000000010002b34                xosc_init
 .text.first_per_core_initializer
                0x0000000010002b5c        0x4 CMakeFiles/uniproger.dir/home/wm/pico-sdk/src/rp2_common/pico_runtime/runtime.c.o
 .text.hard_assertion_failure
                0x0000000010002b60        0xc CMakeFiles/uniproger.dir/home/wm/pico-sdk/src/rp2_common/pico_runtime/runtime.c.o
                0x0000000010002b60                hard_assertion_failure
 .text.runtime_run_initializers
                0x0000000010002b6c       0x28 CMakeFiles/uniproger.dir/home/wm/pico-sdk/src/rp2_common/pico_runtime/runtime.c.o
                0x0000000010002b6c                runtime_run_initializers
 .text.runtime_init_early_resets
                0x0000000010002b94       0x2c CMakeFiles/uniproger.dir/home/wm/pico-sdk/src/rp2_common/pico_runtime_init/runtime_init.c.o
                0x0000000010002b94                runtime_init_early_resets
 .text.runtime_init_usb_power_down
                0x0000000010002bc0       0x1c CMakeFiles/uniproger.dir/home/wm/pico-sdk/src/rp2_common/pico_runtime_init/runtime_init.c.o
                0x0000000010002bc0                runtime_init_usb_power_down
 .text.runtime_init_post_clock_resets
                0x0000000010002bdc       0x20 CMakeFiles/uniproger.dir/home/wm/pico-sdk/src/rp2_common/pico_runtime_init/runtime_init.c.o
                0x0000000010002bdc                runtime_init_post_clock_resets
 .text.runtime_init_rp2040_gpio_ie_disable
                0x0000000010002bfc       0x14 CMakeFiles/uniproger.dir/home/wm/pico-sdk/src/rp2_common/pico_runtime_init/runtime_init.c.o
                0x0000000010002bfc                runtime_init_rp2040_gpio_ie_disable
 .text.runtime_init_spin_locks_reset
                0x0000000010002c10        0x8 CMakeFiles/uniproger.dir/home/wm/pico-sdk/src/rp2_common/pico_runtime_init/runtime_init.c.o
                0x0000000010002c10                runtime_init_spin_locks_reset
 .text.runtime_init_install_ram_vector_table
                0x0000000010002c18       0x48 CMakeFiles/uniproger.dir/home/wm/pico-sdk/src/rp2_common/pico_runtime_init/runtime_init.c.o
                0x0000000010002c18                runtime_init_install_ram_vector_table
 .text.runtime_init_clocks
                0x0000000010002c60       0xd8 CMakeFiles/uniproger.dir/home/wm/pico-sdk/src/rp2_common/pico_runtime_init/runtime_init_clocks.c.o
                0x0000000010002c60                runtime_init_clocks
 .text          0x0000000010002d38       0x10 CMakeFiles/uniproger.dir/home/wm/pico-sdk/src/rp2_common/pico_bit_ops/bit_ops_aeabi.S.o
 .text.__wrap___aeabi_idiv
                0x0000000010002d48       0x50 CMakeFiles/uniproger.dir/home/wm/pico-sdk/src/rp2_common/pico_divider/divider_hardware.S.o
                0x0000000010002d48                __wrap___aeabi_idivmod
                0x0000000010002d48                divmod_s32s32
                0x0000000010002d48                div_s32s32
                0x0000000010002d48                __wrap___aeabi_idiv
                0x0000000010002d50                divmod_s32s32_unsafe
                0x0000000010002d7c                divmod_s32s32_savestate
 .text.__wrap___aeabi_uidiv
                0x0000000010002d98       0x4c CMakeFiles/uniproger.dir/home/wm/pico-sdk/src/rp2_common/pico_divider/divider_hardware.S.o
                0x0000000010002d98                __wrap___aeabi_uidiv
                0x0000000010002d98                __wrap___aeabi_uidivmod
                0x0000000010002d98                div_u32u32
                0x0000000010002d98                divmod_u32u32
                0x0000000010002da0                divmod_u32u32_unsafe
                0x0000000010002dc8                divmod_u32u32_savestate
 .text.__wrap___aeabi_ldiv
                0x0000000010002de4      0x424 CMakeFiles/uniproger.dir/home/wm/pico-sdk/src/rp2_common/pico_divider/divider_hardware.S.o
                0x0000000010002de4                div_s64s64
                0x0000000010002de4                divmod_s64s64
                0x0000000010002de4                __wrap___aeabi_ldivmod
                0x0000000010002e14                div_u64u64
                0x0000000010002e14                divmod_u64u64
                0x0000000010002e14                __wrap___aeabi_uldivmod
                0x0000000010002e24                divmod_u64u64_savestate
                0x0000000010002e44                divmod_s64s64_unsafe
                0x0000000010002ecc                divmod_u64u64_unsafe
 .text.__wrap___aeabi_darithmetic
                0x0000000010003208       0x80 CMakeFiles/uniproger.dir/home/wm/pico-sdk/src/rp2_common/pico_double/double_aeabi_rp2040.S.o
                0x0000000010003208                __wrap___aeabi_drsub
                0x000000001000320e                __wrap___aeabi_dsub
                0x0000000010003220                __wrap___aeabi_dadd
                0x0000000010003232                __wrap___aeabi_ddiv
                0x000000001000326e                __wrap___aeabi_dmul
 .text.__wrap___aeabi_cdcmple
                0x0000000010003288       0x6c CMakeFiles/uniproger.dir/home/wm/pico-sdk/src/rp2_common/pico_double/double_aeabi_rp2040.S.o
                0x0000000010003288                __wrap___aeabi_cdrcmple
                0x0000000010003298                __wrap___aeabi_cdcmple
                0x0000000010003298                __wrap___aeabi_cdcmpeq
 .text.__wrap___aeabi_dcmplt
                0x00000000100032f4        0xc CMakeFiles/uniproger.dir/home/wm/pico-sdk/src/rp2_common/pico_double/double_aeabi_rp2040.S.o
                0x00000000100032f4                __wrap___aeabi_dcmplt
 .text.__wrap___aeabi_dcmple
                0x0000000010003300       0x10 CMakeFiles/uniproger.dir/home/wm/pico-sdk/src/rp2_common/pico_double/double_aeabi_rp2040.S.o
                0x0000000010003300                __wrap___aeabi_dcmple
 .text.__wrap___aeabi_dcmpge
                0x0000000010003310       0x10 CMakeFiles/uniproger.dir/home/wm/pico-sdk/src/rp2_common/pico_double/double_aeabi_rp2040.S.o
                0x0000000010003310                __wrap___aeabi_dcmpge
 .text.__wrap___aeabi_dcmpgt
                0x0000000010003320        0xa CMakeFiles/uniproger.dir/home/wm/pico-sdk/src/rp2_common/pico_double/double_aeabi_rp2040.S.o
                0x0000000010003320                __wrap___aeabi_dcmpgt
 .text.__wrap___aeabi_dcmpun
                0x000000001000332a       0x18 CMakeFiles/uniproger.dir/home/wm/pico-sdk/src/rp2_common/pico_double/double_aeabi_rp2040.S.o
                0x000000001000332a                __wrap___aeabi_dcmpun
 *fill*         0x0000000010003342        0x2 
 .text.__wrap___aeabi_i2d
                0x0000000010003344       0x38 CMakeFiles/uniproger.dir/home/wm/pico-sdk/src/rp2_common/pico_double/double_aeabi_rp2040.S.o
                0x0000000010003344                __wrap___aeabi_ui2d
                0x0000000010003344                uint2double
                0x000000001000334c                __wrap___aeabi_i2d
                0x000000001000334c                int2double
 .text.__wrap___aeabi_d2iz
                0x000000001000337c       0x48 CMakeFiles/uniproger.dir/home/wm/pico-sdk/src/rp2_common/pico_double/double_aeabi_rp2040.S.o
                0x000000001000337c                __wrap___aeabi_d2iz
                0x000000001000337c                double2int_z
 .text.__wrap___aeabi_d2uiz
                0x00000000100033c4       0x18 CMakeFiles/uniproger.dir/home/wm/pico-sdk/src/rp2_common/pico_double/double_aeabi_rp2040.S.o
                0x00000000100033c4                double2uint_z
                0x00000000100033c4                double2uint
                0x00000000100033c4                __wrap___aeabi_d2uiz
 .text.__aeabi_double_init
                0x00000000100033dc       0x6c CMakeFiles/uniproger.dir/home/wm/pico-sdk/src/rp2_common/pico_double/double_init_rom_rp2040.c.o
                0x00000000100033dc                __aeabi_double_init
 .text.double_table_shim_on_use_helper
                0x0000000010003448       0x2c CMakeFiles/uniproger.dir/home/wm/pico-sdk/src/rp2_common/pico_double/double_v1_rom_shim_rp2040.S.o
                0x0000000010003448                double_table_shim_on_use_helper
 .text.__wrap___aeabi_dsub
                0x0000000010003474       0x10 CMakeFiles/uniproger.dir/home/wm/pico-sdk/src/rp2_common/pico_double/double_v1_rom_shim_rp2040.S.o
                0x0000000010003474                drsub_shim
                0x000000001000347a                dsub_shim
 .text.dadd_shim
                0x0000000010003484      0x15c CMakeFiles/uniproger.dir/home/wm/pico-sdk/src/rp2_common/pico_double/double_v1_rom_shim_rp2040.S.o
                0x0000000010003484                dadd_shim
 .text.dmul_shim
                0x00000000100035e0      0x15c CMakeFiles/uniproger.dir/home/wm/pico-sdk/src/rp2_common/pico_double/double_v1_rom_shim_rp2040.S.o
                0x00000000100035e0                dmul_shim
 .text.ddiv_shim
                0x000000001000373c      0x1b0 CMakeFiles/uniproger.dir/home/wm/pico-sdk/src/rp2_common/pico_double/double_v1_rom_shim_rp2040.S.o
                0x000000001000373c                ddiv_shim
 .text.double2uint_shim
                0x00000000100038ec        0xe CMakeFiles/uniproger.dir/home/wm/pico-sdk/src/rp2_common/pico_double/double_v1_rom_shim_rp2040.S.o
                0x00000000100038ec                double2uint_shim
                0x00000000100038ee                double2ufix_shim
 *fill*         0x00000000100038fa        0x2 
 .text.double2uint64_shim
                0x00000000100038fc       0x70 CMakeFiles/uniproger.dir/home/wm/pico-sdk/src/rp2_common/pico_double/double_v1_rom_shim_rp2040.S.o
                0x00000000100038fc                double2uint64_shim
                0x00000000100038fe                double2ufix64_shim
                0x000000001000391e                d2fix_a
 .text.dunpacks
                0x000000001000396c       0x3c CMakeFiles/uniproger.dir/home/wm/pico-sdk/src/rp2_common/pico_double/double_v1_rom_shim_rp2040.S.o
                0x000000001000396c                dunpacks
 .text.__aeabi_lmul
                0x00000000100039a8       0x32 CMakeFiles/uniproger.dir/home/wm/pico-sdk/src/rp2_common/pico_int64_ops/pico_int64_ops_aeabi.S.o
                0x00000000100039a8                __wrap___aeabi_lmul
 *fill*         0x00000000100039da        0x2 
 .text.__aeabi_float_init
                0x00000000100039dc       0x5c CMakeFiles/uniproger.dir/home/wm/pico-sdk/src/rp2_common/pico_float/float_init_rom_rp2040.c.o
                0x00000000100039dc                __aeabi_float_init
 .text.float_table_shim_on_use_helper
                0x0000000010003a38       0x2c CMakeFiles/uniproger.dir/home/wm/pico-sdk/src/rp2_common/pico_float/float_v1_rom_shim_rp2040.S.o
                0x0000000010003a38                float_table_shim_on_use_helper
 .text          0x0000000010003a64       0x10 CMakeFiles/uniproger.dir/home/wm/pico-sdk/src/rp2_common/pico_mem_ops/mem_ops_aeabi.S.o
                0x0000000010003a64                __aeabi_mem_init
 .text.memset   0x0000000010003a74        0xc CMakeFiles/uniproger.dir/home/wm/pico-sdk/src/rp2_common/pico_mem_ops/mem_ops_aeabi.S.o
                0x0000000010003a74                __wrap_memset
 .text.memcpy   0x0000000010003a80        0xc CMakeFiles/uniproger.dir/home/wm/pico-sdk/src/rp2_common/pico_mem_ops/mem_ops_aeabi.S.o
                0x0000000010003a80                __wrap___aeabi_memcpy
                0x0000000010003a80                __wrap_memcpy
 .text._out_buffer
                0x0000000010003a8c        0x8 CMakeFiles/uniproger.dir/home/wm/pico-sdk/src/rp2_common/pico_printf/printf.c.o
 .text._out_null
                0x0000000010003a94        0x4 CMakeFiles/uniproger.dir/home/wm/pico-sdk/src/rp2_common/pico_printf/printf.c.o
 .text._out_rev
                0x0000000010003a98       0x9c CMakeFiles/uniproger.dir/home/wm/pico-sdk/src/rp2_common/pico_printf/printf.c.o
 .text._ntoa_format
                0x0000000010003b34      0x1d0 CMakeFiles/uniproger.dir/home/wm/pico-sdk/src/rp2_common/pico_printf/printf.c.o
 .text._ntoa_long
                0x0000000010003d04       0xb8 CMakeFiles/uniproger.dir/home/wm/pico-sdk/src/rp2_common/pico_printf/printf.c.o
 .text._ntoa_long_long
                0x0000000010003dbc       0xd8 CMakeFiles/uniproger.dir/home/wm/pico-sdk/src/rp2_common/pico_printf/printf.c.o
 .text._etoa    0x0000000010003e94      0x3fc CMakeFiles/uniproger.dir/home/wm/pico-sdk/src/rp2_common/pico_printf/printf.c.o
 .text._ftoa    0x0000000010004290      0x398 CMakeFiles/uniproger.dir/home/wm/pico-sdk/src/rp2_common/pico_printf/printf.c.o
 .text._out_char
                0x0000000010004628       0x10 CMakeFiles/uniproger.dir/home/wm/pico-sdk/src/rp2_common/pico_printf/printf.c.o
 .text._out_fct
                0x0000000010004638       0x10 CMakeFiles/uniproger.dir/home/wm/pico-sdk/src/rp2_common/pico_printf/printf.c.o
 .text._vsnprintf
                0x0000000010004648      0x704 CMakeFiles/uniproger.dir/home/wm/pico-sdk/src/rp2_common/pico_printf/printf.c.o
 .text.__wrap_snprintf
                0x0000000010004d4c       0x28 CMakeFiles/uniproger.dir/home/wm/pico-sdk/src/rp2_common/pico_printf/printf.c.o
                0x0000000010004d4c                __wrap_snprintf
 .text.vfctprintf
                0x0000000010004d74       0x20 CMakeFiles/uniproger.dir/home/wm/pico-sdk/src/rp2_common/pico_printf/printf.c.o
                0x0000000010004d74                vfctprintf
 .text.weak_raw_vprintf
                0x0000000010004d94       0x30 CMakeFiles/uniproger.dir/home/wm/pico-sdk/src/rp2_common/pico_printf/printf.c.o
                0x0000000010004d94                weak_raw_vprintf
 .text._exit    0x0000000010004dc4        0x4 CMakeFiles/uniproger.dir/home/wm/pico-sdk/src/rp2_common/pico_clib_interface/newlib_interface.c.o
                0x0000000010004dc4                _exit
 .text.exit     0x0000000010004dc8        0x8 CMakeFiles/uniproger.dir/home/wm/pico-sdk/src/rp2_common/pico_clib_interface/newlib_interface.c.o
                0x0000000010004dc8                exit
 .text.runtime_init
                0x0000000010004dd0       0x2c CMakeFiles/uniproger.dir/home/wm/pico-sdk/src/rp2_common/pico_clib_interface/newlib_interface.c.o
                0x0000000010004dd0                runtime_init
 .text.stdio_out_chars_no_crlf
                0x0000000010004dfc       0x10 CMakeFiles/uniproger.dir/home/wm/pico-sdk/src/rp2_common/pico_stdio/stdio.c.o
 .text.stdio_out_chars_crlf.part.0
                0x0000000010004e0c       0xa0 CMakeFiles/uniproger.dir/home/wm/pico-sdk/src/rp2_common/pico_stdio/stdio.c.o
 .text.stdio_out_chars_crlf
                0x0000000010004eac       0x1c CMakeFiles/uniproger.dir/home/wm/pico-sdk/src/rp2_common/pico_stdio/stdio.c.o
 .text.stdio_stack_buffer_flush.part.0
                0x0000000010004ec8       0x60 CMakeFiles/uniproger.dir/home/wm/pico-sdk/src/rp2_common/pico_stdio/stdio.c.o
 .text.stdio_buffered_printer
                0x0000000010004f28       0x20 CMakeFiles/uniproger.dir/home/wm/pico-sdk/src/rp2_common/pico_stdio/stdio.c.o
 .text.stdio_put_string
                0x0000000010004f48       0xd8 CMakeFiles/uniproger.dir/home/wm/pico-sdk/src/rp2_common/pico_stdio/stdio.c.o
                0x0000000010004f48                stdio_put_string
 .text.stdio_get_until
                0x0000000010005020       0x84 CMakeFiles/uniproger.dir/home/wm/pico-sdk/src/rp2_common/pico_stdio/stdio.c.o
                0x0000000010005020                stdio_get_until
 .text.stdio_init_all
                0x00000000100050a4        0x8 CMakeFiles/uniproger.dir/home/wm/pico-sdk/src/rp2_common/pico_stdio/stdio.c.o
                0x00000000100050a4                stdio_init_all
 .text.__wrap_getchar
                0x00000000100050ac       0x24 CMakeFiles/uniproger.dir/home/wm/pico-sdk/src/rp2_common/pico_stdio/stdio.c.o
                0x00000000100050ac                __wrap_getchar
                0x00000000100050ac                stdio_getchar
 .text.__wrap_putchar
                0x00000000100050d0       0x1c CMakeFiles/uniproger.dir/home/wm/pico-sdk/src/rp2_common/pico_stdio/stdio.c.o
                0x00000000100050d0                stdio_putchar
                0x00000000100050d0                __wrap_putchar
 .text.__wrap_puts
                0x00000000100050ec       0x34 CMakeFiles/uniproger.dir/home/wm/pico-sdk/src/rp2_common/pico_stdio/stdio.c.o
                0x00000000100050ec                __wrap_puts
                0x00000000100050ec                stdio_puts
 .text.__wrap_vprintf
                0x0000000010005120       0x84 CMakeFiles/uniproger.dir/home/wm/pico-sdk/src/rp2_common/pico_stdio/stdio.c.o
                0x0000000010005120                __wrap_vprintf
                0x0000000010005120                stdio_vprintf
 .text.__wrap_printf
                0x00000000100051a4       0x18 CMakeFiles/uniproger.dir/home/wm/pico-sdk/src/rp2_common/pico_stdio/stdio.c.o
                0x00000000100051a4                stdio_printf
                0x00000000100051a4                __wrap_printf
 .text.stdio_usb_init
                0x00000000100051bc        0x4 CMakeFiles/uniproger.dir/home/wm/pico-sdk/src/rp2_common/pico_stdio_usb/stdio_usb.c.o
                0x00000000100051bc                stdio_usb_init
 .text.startup._retrieve_unique_id_on_boot
                0x00000000100051c0       0x10 CMakeFiles/uniproger.dir/home/wm/pico-sdk/src/rp2_common/pico_unique_id/unique_id.c.o
 .text.pico_get_unique_board_id
                0x00000000100051d0       0x10 CMakeFiles/uniproger.dir/home/wm/pico-sdk/src/rp2_common/pico_unique_id/unique_id.c.o
                0x00000000100051d0                pico_get_unique_board_id
 .text.flash_get_unique_id
                0x00000000100051e0       0x40 CMakeFiles/uniproger.dir/home/wm/pico-sdk/src/rp2_common/hardware_flash/flash.c.o
                0x00000000100051e0                flash_get_unique_id
 .text.atoi     0x0000000010005220        0xc /home/wm/.local/opt/gcc-arm-none-eabi-10.3-2021.10/bin/../lib/gcc/arm-none-eabi/10.3.1/../../../../arm-none-eabi/lib/thumb/v6-m/nofp/libg.a(lib_a-atoi.o)
                0x0000000010005220                atoi
 .text.__errno  0x000000001000522c        0xc /home/wm/.local/opt/gcc-arm-none-eabi-10.3-2021.10/bin/../lib/gcc/arm-none-eabi/10.3.1/../../../../arm-none-eabi/lib/thumb/v6-m/nofp/libg.a(lib_a-errno.o)
                0x000000001000522c                __errno
 .text.memcmp   0x0000000010005238       0x48 /home/wm/.local/opt/gcc-arm-none-eabi-10.3-2021.10/bin/../lib/gcc/arm-none-eabi/10.3.1/../../../../arm-none-eabi/lib/thumb/v6-m/nofp/libg.a(lib_a-memcmp.o)
                0x0000000010005238                memcmp
 .text          0x0000000010005280       0x88 /home/wm/.local/opt/gcc-arm-none-eabi-10.3-2021.10/bin/../lib/gcc/arm-none-eabi/10.3.1/../../../../arm-none-eabi/lib/thumb/v6-m/nofp/libg.a(lib_a-strcmp.o)
                0x0000000010005280                strcmp
 .text.strlen   0x0000000010005308       0x5c /home/wm/.local/opt/gcc-arm-none-eabi-10.3-2021.10/bin/../lib/gcc/arm-none-eabi/10.3.1/../../../../arm-none-eabi/lib/thumb/v6-m/nofp/libg.a(lib_a-strlen-stub.o)
                0x0000000010005308                strlen
 .text.strncpy  0x0000000010005364       0x6c /home/wm/.local/opt/gcc-arm-none-eabi-10.3-2021.10/bin/../lib/gcc/arm-none-eabi/10.3.1/../../../../arm-none-eabi/lib/thumb/v6-m/nofp/libg.a(lib_a-strncpy.o)
                0x0000000010005364                strncpy
 .text._strtol_l.part.0
                0x00000000100053d0      0x144 /home/wm/.local/opt/gcc-arm-none-eabi-10.3-2021.10/bin/../lib/gcc/arm-none-eabi/10.3.1/../../../../arm-none-eabi/lib/thumb/v6-m/nofp/libg.a(lib_a-strtol.o)
 .text.strtol   0x0000000010005514       0x2c /home/wm/.local/opt/gcc-arm-none-eabi-10.3-2021.10/bin/../lib/gcc/arm-none-eabi/10.3.1/../../../../arm-none-eabi/lib/thumb/v6-m/nofp/libg.a(lib_a-strtol.o)
                0x0000000010005514                strtol
 *(.fini)
 .fini          0x0000000010005540        0x4 /home/wm/.local/opt/gcc-arm-none-eabi-10.3-2021.10/bin/../lib/gcc/arm-none-eabi/10.3.1/thumb/v6-m/nofp/crti.o
                0x0000000010005540                _fini
 *fill*         0x0000000010005544        0x4 
 .fini.__stub   0x0000000010005548       0x80 linker stubs
 *crtbegin.o(.ctors)
 *crtbegin?.o(.ctors)
 *(EXCLUDE_FILE(*crtend.o *crtend?.o) .ctors)
 *(SORT_BY_NAME(.ctors.*))
 *(.ctors)
 *crtbegin.o(.dtors)
 *crtbegin?.o(.dtors)
 *(EXCLUDE_FILE(*crtend.o *crtend?.o) .dtors)
 *(SORT_BY_NAME(.dtors.*))
 *(.dtors)
                0x00000000100055c8                . = ALIGN (0x4)
                0x00000000100055c8                PROVIDE (__preinit_array_start = .)
 *(SORT_BY_NAME(.preinit_array.*))
 .preinit_array.00100
                0x00000000100055c8        0x4 CMakeFiles/uniproger.dir/home/wm/pico-sdk/src/rp2_common/pico_runtime_init/runtime_init.c.o
                0x00000000100055c8                __pre_init_runtime_init_early_resets
 .preinit_array.00101
                0x00000000100055cc        0x4 CMakeFiles/uniproger.dir/home/wm/pico-sdk/src/rp2_common/pico_runtime_init/runtime_init.c.o
                0x00000000100055cc                __pre_init_runtime_init_usb_power_down
 .preinit_array.00275
                0x00000000100055d0        0x4 CMakeFiles/uniproger.dir/home/wm/pico-sdk/src/rp2_common/pico_bit_ops/bit_ops_aeabi.S.o
 .preinit_array.00300
                0x00000000100055d4        0x4 CMakeFiles/uniproger.dir/home/wm/pico-sdk/src/rp2_common/pico_mem_ops/mem_ops_aeabi.S.o
 .preinit_array.00350
                0x00000000100055d8        0x4 CMakeFiles/uniproger.dir/home/wm/pico-sdk/src/rp2_common/pico_double/double_aeabi_rp2040.S.o
 .preinit_array.00350
                0x00000000100055dc        0x4 CMakeFiles/uniproger.dir/home/wm/pico-sdk/src/rp2_common/pico_float/float_aeabi_rp2040.S.o
 .preinit_array.00500
                0x00000000100055e0        0x4 CMakeFiles/uniproger.dir/home/wm/pico-sdk/src/rp2_common/pico_runtime_init/runtime_init.c.o
                0x00000000100055e0                __pre_init_runtime_init_clocks
 .preinit_array.00600
                0x00000000100055e4        0x4 CMakeFiles/uniproger.dir/home/wm/pico-sdk/src/rp2_common/pico_runtime_init/runtime_init.c.o
                0x00000000100055e4                __pre_init_runtime_init_post_clock_resets
 .preinit_array.00700
                0x00000000100055e8        0x4 CMakeFiles/uniproger.dir/home/wm/pico-sdk/src/rp2_common/pico_runtime_init/runtime_init.c.o
                0x00000000100055e8                __pre_init_runtime_init_rp2040_gpio_ie_disable
 .preinit_array.01000
                0x00000000100055ec        0x4 CMakeFiles/uniproger.dir/home/wm/pico-sdk/src/rp2_common/pico_runtime_init/runtime_init.c.o
                0x00000000100055ec                __pre_init_runtime_init_spin_locks_reset
 .preinit_array.01100
                0x00000000100055f0        0x4 CMakeFiles/uniproger.dir/home/wm/pico-sdk/src/common/pico_sync/mutex.c.o
                0x00000000100055f0                __pre_init_runtime_init_mutex
 .preinit_array.10080
                0x00000000100055f4        0x4 CMakeFiles/uniproger.dir/home/wm/pico-sdk/src/rp2_common/pico_runtime_init/runtime_init.c.o
                0x00000000100055f4                __pre_init_runtime_init_install_ram_vector_table
 .preinit_array.11000
                0x00000000100055f8        0x4 CMakeFiles/uniproger.dir/home/wm/pico-sdk/src/common/pico_time/time.c.o
                0x00000000100055f8                __pre_init_runtime_init_default_alarm_pool
 .preinit_array.YYYYY
                0x00000000100055fc        0x4 CMakeFiles/uniproger.dir/home/wm/pico-sdk/src/rp2_common/pico_runtime/runtime.c.o
                0x00000000100055fc                __pre_init_first_per_core_initializer
 .preinit_array.ZZZZZ.01200
                0x0000000010005600        0x4 CMakeFiles/uniproger.dir/home/wm/pico-sdk/src/rp2_common/hardware_irq/irq.c.o
                0x0000000010005600                __pre_init_runtime_init_per_core_irq_priorities
 *(.preinit_array)
                0x0000000010005604                PROVIDE (__preinit_array_end = .)
                0x0000000010005604                . = ALIGN (0x4)
                0x0000000010005604                PROVIDE (__init_array_start = .)
 *(SORT_BY_NAME(.init_array.*))
 .init_array.01000
                0x0000000010005604        0x4 CMakeFiles/uniproger.dir/home/wm/pico-sdk/src/rp2_common/pico_unique_id/unique_id.c.o
 *(.init_array)
 .init_array    0x0000000010005608        0x4 /home/wm/.local/opt/gcc-arm-none-eabi-10.3-2021.10/bin/../lib/gcc/arm-none-eabi/10.3.1/thumb/v6-m/nofp/crtbegin.o
                0x000000001000560c                PROVIDE (__init_array_end = .)
                0x000000001000560c                . = ALIGN (0x4)
                [!provide]                        PROVIDE (__fini_array_start = .)
 *(SORT_BY_NAME(.fini_array.*))
 *(.fini_array)
                [!provide]                        PROVIDE (__fini_array_end = .)
 *(.eh_frame*)
 .eh_frame      0x000000001000560c        0x0 /home/wm/.local/opt/gcc-arm-none-eabi-10.3-2021.10/bin/../lib/gcc/arm-none-eabi/10.3.1/thumb/v6-m/nofp/crtbegin.o
                0x000000001000560c                . = ALIGN (0x4)

.glue_7         0x000000001000560c        0x0
 .glue_7        0x000000001000560c        0x0 linker stubs

.glue_7t        0x000000001000560c        0x0
 .glue_7t       0x000000001000560c        0x0 linker stubs

.vfp11_veneer   0x000000001000560c        0x0
 .vfp11_veneer  0x000000001000560c        0x0 linker stubs

.v4_bx          0x000000001000560c        0x0
 .v4_bx         0x000000001000560c        0x0 linker stubs

.iplt           0x000000001000560c        0x0
 .iplt          0x000000001000560c        0x0 /home/wm/.local/opt/gcc-arm-none-eabi-10.3-2021.10/bin/../lib/gcc/arm-none-eabi/10.3.1/thumb/v6-m/nofp/crtbegin.o

.rodata         0x0000000010005610      0xec8
 *(EXCLUDE_FILE(*libm.a: *libc.a:*lib_a-mem*.o *libgcc.a:) .rodata*)
 .rodata.main.str1.4
                0x0000000010005610       0x84 CMakeFiles/uniproger.dir/src/main.c.o
                                         0x8c (size before relaxing)
 .rodata.spi_flash_detect.str1.4
                0x0000000010005694       0x21 CMakeFiles/uniproger.dir/src/core/device/memory/spi_flash.c.o
 *fill*         0x00000000100056b5        0x3 
 .rodata.str1.4
                0x00000000100056b8       0x56 CMakeFiles/uniproger.dir/src/core/device/memory/spi_flash.c.o
 *fill*         0x000000001000570e        0x2 
 .rodata        0x0000000010005710        0x3 CMakeFiles/uniproger.dir/src/core/device/memory/spi_flash.c.o
 *fill*         0x0000000010005713        0x1 
 .rodata.known_chips
                0x0000000010005714       0x78 CMakeFiles/uniproger.dir/src/core/device/memory/spi_flash.c.o
 .rodata.spi_flash_device_ops
                0x000000001000578c       0x2c CMakeFiles/uniproger.dir/src/core/device/memory/spi_flash.c.o
                0x000000001000578c                spi_flash_device_ops
 .rodata.eeprom_detect.str1.4
                0x00000000100057b8       0x13 CMakeFiles/uniproger.dir/src/core/device/memory/i2c_eeprom.c.o
 *fill*         0x00000000100057cb        0x1 
 .rodata.str1.4
                0x00000000100057cc        0xb CMakeFiles/uniproger.dir/src/core/device/memory/i2c_eeprom.c.o
 *fill*         0x00000000100057d7        0x1 
 .rodata.i2c_eeprom_device_ops
                0x00000000100057d8       0x2c CMakeFiles/uniproger.dir/src/core/device/memory/i2c_eeprom.c.o
                0x00000000100057d8                i2c_eeprom_device_ops
 .rodata.avr_detect.str1.4
                0x0000000010005804       0x1f CMakeFiles/uniproger.dir/src/core/device/mcu/avr_isp.c.o
 *fill*         0x0000000010005823        0x1 
 .rodata.str1.4
                0x0000000010005824       0x85 CMakeFiles/uniproger.dir/src/core/device/mcu/avr_isp.c.o
 *fill*         0x00000000100058a9        0x3 
 .rodata.avr_isp_device_ops
                0x00000000100058ac       0x2c CMakeFiles/uniproger.dir/src/core/device/mcu/avr_isp.c.o
                0x00000000100058ac                avr_isp_device_ops
 .rodata.known_avrs
                0x00000000100058d8      0x104 CMakeFiles/uniproger.dir/src/core/device/mcu/avr_isp.c.o
 .rodata.stm32_detect.str1.4
                0x00000000100059dc       0x12 CMakeFiles/uniproger.dir/src/core/device/mcu/stm32_swd.c.o
 *fill*         0x00000000100059ee        0x2 
 .rodata.str1.4
                0x00000000100059f0        0xa CMakeFiles/uniproger.dir/src/core/device/mcu/stm32_swd.c.o
 *fill*         0x00000000100059fa        0x2 
 .rodata.stm32_swd_device_ops
                0x00000000100059fc       0x2c CMakeFiles/uniproger.dir/src/core/device/mcu/stm32_swd.c.o
                0x00000000100059fc                stm32_swd_device_ops
 .rodata.up_log_output.str1.4
                0x0000000010005a28       0x1f CMakeFiles/uniproger.dir/src/core/utils/log.c.o
 *fill*         0x0000000010005a47        0x1 
 .rodata.str1.4
                0x0000000010005a48       0x4e CMakeFiles/uniproger.dir/src/core/utils/log.c.o
 *fill*         0x0000000010005a96        0x2 
 .rodata.level_colors
                0x0000000010005a98       0x14 CMakeFiles/uniproger.dir/src/core/utils/log.c.o
 .rodata.level_names
                0x0000000010005aac       0x14 CMakeFiles/uniproger.dir/src/core/utils/log.c.o
 .rodata.cmd_version.str1.4
                0x0000000010005ac0       0x3f CMakeFiles/uniproger.dir/src/cli/cli.c.o
                                         0x57 (size before relaxing)
 *fill*         0x0000000010005aff        0x1 
 .rodata.cmd_help.str1.4
                0x0000000010005b00       0x28 CMakeFiles/uniproger.dir/src/cli/cli.c.o
                                         0x2a (size before relaxing)
 .rodata.cli_process_line.part.0.str1.4
                0x0000000010005b28       0x30 CMakeFiles/uniproger.dir/src/cli/cli.c.o
 .rodata.cli_run.str1.4
                0x0000000010005b58      0x1cf CMakeFiles/uniproger.dir/src/cli/cli.c.o
 *fill*         0x0000000010005d27        0x1 
 .rodata.str1.4
                0x0000000010005d28       0x42 CMakeFiles/uniproger.dir/src/cli/cli.c.o
 *fill*         0x0000000010005d6a        0x2 
 .rodata.builtin_commands
                0x0000000010005d6c       0x30 CMakeFiles/uniproger.dir/src/cli/cli.c.o
 .rodata.cmd_scan_i2c.str1.4
                0x0000000010005d9c       0x5e CMakeFiles/uniproger.dir/src/cli/commands.c.o
                                         0x62 (size before relaxing)
 *fill*         0x0000000010005dfa        0x2 
 .rodata.cmd_reset.str1.4
                0x0000000010005dfc       0x17 CMakeFiles/uniproger.dir/src/cli/commands.c.o
 *fill*         0x0000000010005e13        0x1 
 .rodata.cmd_pin.str1.4
                0x0000000010005e14       0xca CMakeFiles/uniproger.dir/src/cli/commands.c.o
 *fill*         0x0000000010005ede        0x2 
 .rodata.cmd_info.str1.4
                0x0000000010005ee0       0x52 CMakeFiles/uniproger.dir/src/cli/commands.c.o
                                         0x5f (size before relaxing)
 *fill*         0x0000000010005f32        0x2 
 .rodata.cmd_detect.str1.4
                0x0000000010005f34       0x53 CMakeFiles/uniproger.dir/src/cli/commands.c.o
 *fill*         0x0000000010005f87        0x1 
 .rodata.str1.4
                0x0000000010005f88       0xb1 CMakeFiles/uniproger.dir/src/cli/commands.c.o
 *fill*         0x0000000010006039        0x3 
 .rodata.s_commands
                0x000000001000603c       0x50 CMakeFiles/uniproger.dir/src/cli/commands.c.o
 .rodata.hal_platform_name.str1.4
                0x000000001000608c        0x7 CMakeFiles/uniproger.dir/src/platform/rp2040/rp2040_platform.c.o
 *fill*         0x0000000010006093        0x1 
 .rodata.panic.str1.4
                0x0000000010006094       0x10 CMakeFiles/uniproger.dir/home/wm/pico-sdk/src/rp2_common/pico_platform_panic/panic.c.o
                                         0x12 (size before relaxing)
 *fill*         0x00000000100060a4        0x4 
 .rodata.at_the_end_of_time
                0x00000000100060a8        0x8 CMakeFiles/uniproger.dir/home/wm/pico-sdk/src/common/pico_time/time.c.o
                0x00000000100060a8                at_the_end_of_time
 .rodata.timer_hardware_alarm_claim.str1.4
                0x00000000100060b0       0x22 CMakeFiles/uniproger.dir/home/wm/pico-sdk/src/rp2_common/hardware_timer/timer.c.o
 *fill*         0x00000000100060d2        0x2 
 .rodata.hard_assertion_failure.str1.4
                0x00000000100060d4        0xc CMakeFiles/uniproger.dir/home/wm/pico-sdk/src/rp2_common/pico_runtime/runtime.c.o
 .rodata.str1.4
                0x00000000100060e0       0x40 CMakeFiles/uniproger.dir/home/wm/pico-sdk/src/rp2_common/pico_standard_binary_info/standard_binary_info.c.o
 .rodata.__bi_26
                0x0000000010006120        0xc CMakeFiles/uniproger.dir/home/wm/pico-sdk/src/rp2_common/pico_standard_binary_info/standard_binary_info.c.o
 .rodata.__bi_34
                0x000000001000612c        0xc CMakeFiles/uniproger.dir/home/wm/pico-sdk/src/rp2_common/pico_standard_binary_info/standard_binary_info.c.o
 .rodata.__bi_42
                0x0000000010006138        0xc CMakeFiles/uniproger.dir/home/wm/pico-sdk/src/rp2_common/pico_standard_binary_info/standard_binary_info.c.o
 .rodata.__bi_48
                0x0000000010006144        0xc CMakeFiles/uniproger.dir/home/wm/pico-sdk/src/rp2_common/pico_standard_binary_info/standard_binary_info.c.o
 .rodata.__bi_54
                0x0000000010006150        0xc CMakeFiles/uniproger.dir/home/wm/pico-sdk/src/rp2_common/pico_standard_binary_info/standard_binary_info.c.o
 .rodata.__bi_78
                0x000000001000615c        0xc CMakeFiles/uniproger.dir/home/wm/pico-sdk/src/rp2_common/pico_standard_binary_info/standard_binary_info.c.o
 .rodata.__bi_84
                0x0000000010006168        0xc CMakeFiles/uniproger.dir/home/wm/pico-sdk/src/rp2_common/pico_standard_binary_info/standard_binary_info.c.o
 .rodata._ftoa.str1.4
                0x0000000010006174       0x15 CMakeFiles/uniproger.dir/home/wm/pico-sdk/src/rp2_common/pico_printf/printf.c.o
 *fill*         0x0000000010006189        0x3 
 .rodata._vsnprintf
                0x000000001000618c      0x1e0 CMakeFiles/uniproger.dir/home/wm/pico-sdk/src/rp2_common/pico_printf/printf.c.o
 *fill*         0x000000001000636c        0x4 
 .rodata.pow10.0
                0x0000000010006370       0x50 CMakeFiles/uniproger.dir/home/wm/pico-sdk/src/rp2_common/pico_printf/printf.c.o
 .rodata.crlf_str.0
                0x00000000100063c0        0x2 CMakeFiles/uniproger.dir/home/wm/pico-sdk/src/rp2_common/pico_stdio/stdio.c.o
 *fill*         0x00000000100063c2        0x2 
 .rodata.str1.4
                0x00000000100063c4        0x4 CMakeFiles/uniproger.dir/home/wm/pico-sdk/lib/tinyusb/hw/bsp/rp2040/family.c.o
 .rodata.__bi_153.0
                0x00000000100063c8        0xc CMakeFiles/uniproger.dir/home/wm/pico-sdk/lib/tinyusb/hw/bsp/rp2040/family.c.o
 .rodata._ctype_
                0x00000000100063d4      0x101 /home/wm/.local/opt/gcc-arm-none-eabi-10.3-2021.10/bin/../lib/gcc/arm-none-eabi/10.3.1/../../../../arm-none-eabi/lib/thumb/v6-m/nofp/libg.a(lib_a-ctype_.o)
                0x00000000100063d4                _ctype_
                0x00000000100064d8                . = ALIGN (0x4)
 *fill*         0x00000000100064d5        0x3 
 *(SORT_BY_ALIGNMENT(SORT_BY_NAME(.flashdata*)))
                0x00000000100064d8                . = ALIGN (0x4)

.ARM.extab
 *(.ARM.extab* .gnu.linkonce.armextab.*)
                0x00000000100064d8                __exidx_start = .

.ARM.exidx
 *(.ARM.exidx* .gnu.linkonce.armexidx.*)
                0x00000000100064d8                __exidx_end = .
                0x00000000100064d8                . = ALIGN (0x4)
                0x00000000100064d8                __binary_info_start = .

.binary_info    0x00000000100064d8       0x20
 *(.binary_info.keep.*)
 .binary_info.keep.__bi_ptr26
                0x00000000100064d8        0x4 CMakeFiles/uniproger.dir/home/wm/pico-sdk/src/rp2_common/pico_standard_binary_info/standard_binary_info.c.o
 .binary_info.keep.__bi_ptr34
                0x00000000100064dc        0x4 CMakeFiles/uniproger.dir/home/wm/pico-sdk/src/rp2_common/pico_standard_binary_info/standard_binary_info.c.o
 .binary_info.keep.__bi_ptr42
                0x00000000100064e0        0x4 CMakeFiles/uniproger.dir/home/wm/pico-sdk/src/rp2_common/pico_standard_binary_info/standard_binary_info.c.o
 .binary_info.keep.__bi_ptr48
                0x00000000100064e4        0x4 CMakeFiles/uniproger.dir/home/wm/pico-sdk/src/rp2_common/pico_standard_binary_info/standard_binary_info.c.o
 .binary_info.keep.__bi_ptr54
                0x00000000100064e8        0x4 CMakeFiles/uniproger.dir/home/wm/pico-sdk/src/rp2_common/pico_standard_binary_info/standard_binary_info.c.o
 .binary_info.keep.__bi_ptr78
                0x00000000100064ec        0x4 CMakeFiles/uniproger.dir/home/wm/pico-sdk/src/rp2_common/pico_standard_binary_info/standard_binary_info.c.o
 .binary_info.keep.__bi_ptr84
                0x00000000100064f0        0x4 CMakeFiles/uniproger.dir/home/wm/pico-sdk/src/rp2_common/pico_standard_binary_info/standard_binary_info.c.o
 .binary_info.keep.__bi_ptr153
                0x00000000100064f4        0x4 CMakeFiles/uniproger.dir/home/wm/pico-sdk/lib/tinyusb/hw/bsp/rp2040/family.c.o
 *(.binary_info.*)
                0x00000000100064f8                __binary_info_end = .
                0x00000000100064f8                . = ALIGN (0x4)

.ram_vector_table
                0x0000000020000000       0xc0
 *(.ram_vector_table)
 .ram_vector_table
                0x0000000020000000       0xc0 CMakeFiles/uniproger.dir/home/wm/pico-sdk/src/rp2_common/pico_runtime_init/runtime_init.c.o
                0x0000000020000000                ram_vector_table

.uninitialized_data
                0x00000000200000c0        0x0
                0x00000000200000c0                . = ALIGN (0x4)
 *(.uninitialized_data*)

.data           0x00000000200000c0      0x838 load address 0x00000000100064f8
                0x00000000200000c0                __data_start__ = .
 *(vtable)
 *(.time_critical*)
 .time_critical.mutex_enter_block_until
                0x00000000200000c0       0x74 CMakeFiles/uniproger.dir/home/wm/pico-sdk/src/common/pico_sync/mutex.c.o
                0x00000000200000c0                mutex_enter_block_until
 .time_critical.mutex_try_enter_block_until
                0x0000000020000134       0x60 CMakeFiles/uniproger.dir/home/wm/pico-sdk/src/common/pico_sync/mutex.c.o
                0x0000000020000134                mutex_try_enter_block_until
 .time_critical.mutex_exit
                0x0000000020000194       0x28 CMakeFiles/uniproger.dir/home/wm/pico-sdk/src/common/pico_sync/mutex.c.o
                0x0000000020000194                mutex_exit
 .time_critical.flash_init_boot2_copyout
                0x00000000200001bc       0x30 CMakeFiles/uniproger.dir/home/wm/pico-sdk/src/rp2_common/hardware_flash/flash.c.o
 .time_critical.flash_enable_xip_via_boot2
                0x00000000200001ec       0x10 CMakeFiles/uniproger.dir/home/wm/pico-sdk/src/rp2_common/hardware_flash/flash.c.o
 .time_critical.flash_save_hardware_state
                0x00000000200001fc       0x18 CMakeFiles/uniproger.dir/home/wm/pico-sdk/src/rp2_common/hardware_flash/flash.c.o
 .time_critical.flash_restore_hardware_state
                0x0000000020000214       0x1c CMakeFiles/uniproger.dir/home/wm/pico-sdk/src/rp2_common/hardware_flash/flash.c.o
 .time_critical.flash_cs_force
                0x0000000020000230       0x28 CMakeFiles/uniproger.dir/home/wm/pico-sdk/src/rp2_common/hardware_flash/flash.c.o
 .time_critical.flash_do_cmd
                0x0000000020000258       0xd8 CMakeFiles/uniproger.dir/home/wm/pico-sdk/src/rp2_common/hardware_flash/flash.c.o
                0x0000000020000258                flash_do_cmd
 .time_critical.spi_write_read_blocking
                0x0000000020000330       0x74 CMakeFiles/uniproger.dir/home/wm/pico-sdk/src/rp2_common/hardware_spi/spi.c.o
                0x0000000020000330                spi_write_read_blocking
 .time_critical.spi_write_blocking
                0x00000000200003a4       0x4c CMakeFiles/uniproger.dir/home/wm/pico-sdk/src/rp2_common/hardware_spi/spi.c.o
                0x00000000200003a4                spi_write_blocking
 .time_critical.spi_read_blocking
                0x00000000200003f0       0x74 CMakeFiles/uniproger.dir/home/wm/pico-sdk/src/rp2_common/hardware_spi/spi.c.o
                0x00000000200003f0                spi_read_blocking
 *(.text*)
 .text          0x0000000020000464        0x4 /home/wm/.local/opt/gcc-arm-none-eabi-10.3-2021.10/bin/../lib/gcc/arm-none-eabi/10.3.1/thumb/v6-m/nofp/libgcc.a(_dvmd_tls.o)
                0x0000000020000464                __aeabi_ldiv0
                0x0000000020000464                __aeabi_idiv0
 .text.__stub   0x0000000020000468       0x10 linker stubs
                0x0000000020000478                . = ALIGN (0x4)
 *(.rodata*)
                0x0000000020000478                . = ALIGN (0x4)
 *(.data*)
 .data.striped_spin_lock_num
                0x0000000020000478        0x1 CMakeFiles/uniproger.dir/home/wm/pico-sdk/src/rp2_common/hardware_sync/sync.c.o
 *fill*         0x0000000020000479        0x3 
 .data.default_alarm_pool
                0x000000002000047c       0x18 CMakeFiles/uniproger.dir/home/wm/pico-sdk/src/common/pico_time/time.c.o
 *fill*         0x0000000020000494        0xc 
 .data.aeabi_bits_funcs
                0x00000000200004a0       0x10 CMakeFiles/uniproger.dir/home/wm/pico-sdk/src/rp2_common/pico_bit_ops/bit_ops_aeabi.S.o
                0x00000000200004a0                aeabi_bits_funcs
                0x00000000200004b0                aeabi_bits_funcs_end
 .data.aeabi_mem_funcs
                0x00000000200004b0       0x10 CMakeFiles/uniproger.dir/home/wm/pico-sdk/src/rp2_common/pico_mem_ops/mem_ops_aeabi.S.o
                0x00000000200004b0                aeabi_mem_funcs
                0x00000000200004c0                aeabi_mem_funcs_end
 .data._impure_ptr
                0x00000000200004c0        0x4 /home/wm/.local/opt/gcc-arm-none-eabi-10.3-2021.10/bin/../lib/gcc/arm-none-eabi/10.3.1/../../../../arm-none-eabi/lib/thumb/v6-m/nofp/libg.a(lib_a-impure.o)
                0x00000000200004c0                _impure_ptr
 *fill*         0x00000000200004c4        0x4 
 .data.impure_data
                0x00000000200004c8      0x428 /home/wm/.local/opt/gcc-arm-none-eabi-10.3-2021.10/bin/../lib/gcc/arm-none-eabi/10.3.1/../../../../arm-none-eabi/lib/thumb/v6-m/nofp/libg.a(lib_a-impure.o)
                0x00000000200008f0                . = ALIGN (0x4)
 *(.after_data.*)
                0x00000000200008f0                . = ALIGN (0x4)
                0x00000000200008f0                PROVIDE (__mutex_array_start = .)
 *(SORT_BY_NAME(.mutex_array.*))
 *(.mutex_array)
 .mutex_array   0x00000000200008f0        0x8 CMakeFiles/uniproger.dir/home/wm/pico-sdk/src/rp2_common/pico_stdio/stdio.c.o
                0x00000000200008f8                PROVIDE (__mutex_array_end = .)
                0x00000000200008f8                . = ALIGN (0x4)
 *(.jcr)
                0x00000000200008f8                . = ALIGN (0x4)

.igot.plt       0x00000000200008f8        0x0 load address 0x0000000010006d30
 .igot.plt      0x00000000200008f8        0x0 /home/wm/.local/opt/gcc-arm-none-eabi-10.3-2021.10/bin/../lib/gcc/arm-none-eabi/10.3.1/thumb/v6-m/nofp/crtbegin.o

.tdata          0x00000000200008f8        0x0 load address 0x0000000010006d30
                0x00000000200008f8                . = ALIGN (0x4)
 *(.tdata .tdata.* .gnu.linkonce.td.*)
                0x00000000200008f8                __tdata_end = .
                0x00000000200008f8                PROVIDE (__data_end__ = .)
                0x00000000100064f8                __etext = LOADADDR (.data)

.tbss           0x00000000200008f8        0x0 load address 0x0000000010006d30
                0x00000000200008f8                . = ALIGN (0x4)
                0x00000000200008f8                __bss_start__ = .
                0x00000000200008f8                __tls_base = .
 *(.tbss .tbss.* .gnu.linkonce.tb.*)
 *(.tcommon)
                0x00000000200008f8                __tls_end = .

.bss            0x00000000200008f8     0x1630 load address 0x0000000010006d30
                0x00000000200008f8                . = ALIGN (0x4)
                0x00000000200008f8                __tbss_end = .
 *(SORT_BY_ALIGNMENT(SORT_BY_NAME(.bss*)))
 .bss.default_alarm_pool_entries
                0x00000000200008f8      0x180 CMakeFiles/uniproger.dir/home/wm/pico-sdk/src/common/pico_time/time.c.o
 .bss           0x0000000020000a78       0x1c /home/wm/.local/opt/gcc-arm-none-eabi-10.3-2021.10/bin/../lib/gcc/arm-none-eabi/10.3.1/thumb/v6-m/nofp/crtbegin.o
 .bss.boot2_copyout
                0x0000000020000a94      0x100 CMakeFiles/uniproger.dir/home/wm/pico-sdk/src/rp2_common/hardware_flash/flash.c.o
 .bss.claimed   0x0000000020000b94        0x1 CMakeFiles/uniproger.dir/home/wm/pico-sdk/src/rp2_common/hardware_timer/timer.c.o
 *fill*         0x0000000020000b95        0x3 
 .bss.configured_freq
                0x0000000020000b98       0x28 CMakeFiles/uniproger.dir/home/wm/pico-sdk/src/rp2_common/hardware_clocks/clocks.c.o
 .bss.drivers   0x0000000020000bc0        0x4 CMakeFiles/uniproger.dir/home/wm/pico-sdk/src/rp2_common/pico_stdio/stdio.c.o
 .bss.filter    0x0000000020000bc4        0x4 CMakeFiles/uniproger.dir/home/wm/pico-sdk/src/rp2_common/pico_stdio/stdio.c.o
 .bss.lazy_vsnprintf
                0x0000000020000bc8        0x4 CMakeFiles/uniproger.dir/home/wm/pico-sdk/src/rp2_common/pico_printf/printf.c.o
 .bss.load_value
                0x0000000020000bcc        0x4 CMakeFiles/uniproger.dir/home/wm/pico-sdk/src/rp2_common/hardware_watchdog/watchdog.c.o
 .bss.pools     0x0000000020000bd0       0x10 CMakeFiles/uniproger.dir/home/wm/pico-sdk/src/common/pico_time/time.c.o
 .bss.retrieved_id
                0x0000000020000be0        0x8 CMakeFiles/uniproger.dir/home/wm/pico-sdk/src/rp2_common/pico_unique_id/unique_id.c.o
 .bss.s_avr_priv
                0x0000000020000be8        0xc CMakeFiles/uniproger.dir/src/core/device/mcu/avr_isp.c.o
 .bss.s_cmd_count
                0x0000000020000bf4        0x4 CMakeFiles/uniproger.dir/src/cli/cli.c.o
 .bss.s_commands
                0x0000000020000bf8       0x80 CMakeFiles/uniproger.dir/src/cli/cli.c.o
 .bss.s_count   0x0000000020000c78        0x4 CMakeFiles/uniproger.dir/src/core/device/device_registry.c.o
 .bss.s_eeprom_priv
                0x0000000020000c7c        0xc CMakeFiles/uniproger.dir/src/core/device/memory/i2c_eeprom.c.o
 .bss.s_hist_count
                0x0000000020000c88        0x4 CMakeFiles/uniproger.dir/src/cli/cli.c.o
 .bss.s_history
                0x0000000020000c8c     0x1000 CMakeFiles/uniproger.dir/src/cli/cli.c.o
 .bss.s_registry
                0x0000000020001c8c       0x80 CMakeFiles/uniproger.dir/src/core/device/device_registry.c.o
 .bss.s_stm32_priv
                0x0000000020001d0c       0x10 CMakeFiles/uniproger.dir/src/core/device/mcu/stm32_swd.c.o
 .bss.sd_table  0x0000000020001d1c      0x100 CMakeFiles/uniproger.dir/home/wm/pico-sdk/src/rp2_common/pico_double/double_init_rom_rp2040.c.o
                0x0000000020001d1c                sd_table
 .bss.sf_clz_func
                0x0000000020001e1c        0x4 CMakeFiles/uniproger.dir/home/wm/pico-sdk/src/rp2_common/pico_double/double_init_rom_rp2040.c.o
                0x0000000020001e1c                sf_clz_func
 .bss.sf_table  0x0000000020001e20      0x100 CMakeFiles/uniproger.dir/home/wm/pico-sdk/src/rp2_common/pico_float/float_init_rom_rp2040.c.o
                0x0000000020001e20                sf_table
 .bss.sleep_notifier
                0x0000000020001f20        0x4 CMakeFiles/uniproger.dir/home/wm/pico-sdk/src/common/pico_time/time.c.o
 .bss.boot2_copyout_valid
                0x0000000020001f24        0x1 CMakeFiles/uniproger.dir/home/wm/pico-sdk/src/rp2_common/hardware_flash/flash.c.o
 *(COMMON)
                0x0000000020001f28                . = ALIGN (0x4)
 *fill*         0x0000000020001f25        0x3 
                0x0000000020001f28                __bss_end__ = .

.heap           0x0000000020001f28      0x800 load address 0x0000000010006d30
                0x0000000020001f28                __end__ = .
                0x0000000020001f28                end = __end__
 *(.heap*)
 .heap          0x0000000020001f28      0x800 CMakeFiles/uniproger.dir/home/wm/pico-sdk/src/rp2_common/pico_crt0/crt0.S.o
                0x0000000020040000                __HeapLimit = (ORIGIN (RAM) + LENGTH (RAM))

.scratch_x      0x0000000020040000        0x0 load address 0x0000000010006d30
                0x0000000020040000                __scratch_x_start__ = .
 *(.scratch_x.*)
                0x0000000020040000                . = ALIGN (0x4)
                0x0000000020040000                __scratch_x_end__ = .
                0x0000000010006d30                __scratch_x_source__ = LOADADDR (.scratch_x)

.scratch_y      0x0000000020041000        0x0 load address 0x0000000010006d30
                0x0000000020041000                __scratch_y_start__ = .
 *(.scratch_y.*)
                0x0000000020041000                . = ALIGN (0x4)
                0x0000000020041000                __scratch_y_end__ = .
                0x0000000010006d30                __scratch_y_source__ = LOADADDR (.scratch_y)

.stack1_dummy   0x0000000020040000        0x0
 *(.stack1*)

.stack_dummy    0x0000000020041000      0x800
 *(.stack*)
 .stack         0x0000000020041000      0x800 CMakeFiles/uniproger.dir/home/wm/pico-sdk/src/rp2_common/pico_crt0/crt0.S.o

.rel.dyn        0x0000000020041800        0x0
 .rel.iplt      0x0000000020041800        0x0 /home/wm/.local/opt/gcc-arm-none-eabi-10.3-2021.10/bin/../lib/gcc/arm-none-eabi/10.3.1/thumb/v6-m/nofp/crtbegin.o

.flash_end      0x0000000010006d30        0x0
 *(.embedded_end_block*)
                0x0000000010006d30                PROVIDE (__flash_binary_end = .)
                0x0000000020040000                __StackLimit = (ORIGIN (RAM) + LENGTH (RAM))
                0x0000000020041000                __StackOneTop = (ORIGIN (SCRATCH_X) + LENGTH (SCRATCH_X))
                0x0000000020042000                __StackTop = (ORIGIN (SCRATCH_Y) + LENGTH (SCRATCH_Y))
                0x0000000020041000                __StackOneBottom = (__StackOneTop - SIZEOF (.stack1_dummy))
                0x0000000020041800                __StackBottom = (__StackTop - SIZEOF (.stack_dummy))
                0x0000000020042000                PROVIDE (__stack = __StackTop)
                [!provide]                        PROVIDE (__heap_start = __end__)
                [!provide]                        PROVIDE (__heap_end = __HeapLimit)
                [!provide]                        PROVIDE (__tls_align = MAX (ALIGNOF (.tdata), ALIGNOF (.tbss)))
                [!provide]                        PROVIDE (__tls_size_align = (((__tls_size + __tls_align) - 0x1) & ~ ((__tls_align - 0x1))))
                [!provide]                        PROVIDE (__arm32_tls_tcb_offset = MAX (0x8, __tls_align))
                [!provide]                        PROVIDE (_end = __end__)
                [!provide]                        PROVIDE (__llvm_libc_heap_limit = __HeapLimit)
                0x0000000000000001                ASSERT ((__StackLimit >= __HeapLimit), region RAM overflowed)
                0x0000000000000001                ASSERT (((__binary_info_header_end - __logical_binary_start) <= 0x100), Binary info must be in first 256 bytes of the binary)
LOAD CMakeFiles/uniproger.dir/src/main.c.o
LOAD CMakeFiles/uniproger.dir/src/core/device/device_registry.c.o
LOAD CMakeFiles/uniproger.dir/src/core/device/memory/spi_flash.c.o
LOAD CMakeFiles/uniproger.dir/src/core/device/memory/i2c_eeprom.c.o
LOAD CMakeFiles/uniproger.dir/src/core/device/mcu/avr_isp.c.o
LOAD CMakeFiles/uniproger.dir/src/core/device/mcu/stm32_swd.c.o
LOAD CMakeFiles/uniproger.dir/src/core/protocol/spi_protocol.c.o
LOAD CMakeFiles/uniproger.dir/src/core/protocol/i2c_protocol.c.o
LOAD CMakeFiles/uniproger.dir/src/core/protocol/jtag_protocol.c.o
LOAD CMakeFiles/uniproger.dir/src/core/protocol/swd_protocol.c.o
LOAD CMakeFiles/uniproger.dir/src/core/protocol/uart_protocol.c.o
LOAD CMakeFiles/uniproger.dir/src/core/protocol/onewire_protocol.c.o
LOAD CMakeFiles/uniproger.dir/src/core/buffer/buffer.c.o
LOAD CMakeFiles/uniproger.dir/src/core/utils/crc.c.o
LOAD CMakeFiles/uniproger.dir/src/core/utils/log.c.o
LOAD CMakeFiles/uniproger.dir/src/cli/cli.c.o
LOAD CMakeFiles/uniproger.dir/src/cli/commands.c.o
LOAD CMakeFiles/uniproger.dir/src/platform/rp2040/rp2040_platform.c.o
LOAD CMakeFiles/uniproger.dir/src/platform/rp2040/rp2040_hal_gpio.c.o
LOAD CMakeFiles/uniproger.dir/src/platform/rp2040/rp2040_hal_spi.c.o
LOAD CMakeFiles/uniproger.dir/src/platform/rp2040/rp2040_hal_i2c.c.o
LOAD CMakeFiles/uniproger.dir/src/platform/rp2040/rp2040_hal_uart.c.o
LOAD CMakeFiles/uniproger.dir/src/platform/rp2040/rp2040_hal_timer.c.o
LOAD CMakeFiles/uniproger.dir/src/platform/rp2040/rp2040_hal_pio.c.o
LOAD CMakeFiles/uniproger.dir/home/wm/pico-sdk/src/rp2_common/pico_stdlib/stdlib.c.o
LOAD CMakeFiles/uniproger.dir/home/wm/pico-sdk/src/rp2_common/hardware_gpio/gpio.c.o
LOAD CMakeFiles/uniproger.dir/home/wm/pico-sdk/src/rp2040/pico_platform/platform.c.o
LOAD CMakeFiles/uniproger.dir/home/wm/pico-sdk/src/rp2_common/pico_platform_common/common.c.o
LOAD CMakeFiles/uniproger.dir/home/wm/pico-sdk/src/rp2_common/pico_platform_panic/panic.c.o
LOAD CMakeFiles/uniproger.dir/home/wm/pico-sdk/src/common/hardware_claim/claim.c.o
LOAD CMakeFiles/uniproger.dir/home/wm/pico-sdk/src/rp2_common/hardware_sync/sync.c.o
LOAD CMakeFiles/uniproger.dir/home/wm/pico-sdk/src/rp2_common/hardware_sync_spin_lock/sync_spin_lock.c.o
LOAD CMakeFiles/uniproger.dir/home/wm/pico-sdk/src/rp2_common/hardware_irq/irq.c.o
LOAD CMakeFiles/uniproger.dir/home/wm/pico-sdk/src/rp2_common/hardware_irq/irq_handler_chain.S.o
LOAD CMakeFiles/uniproger.dir/home/wm/pico-sdk/src/common/pico_sync/sem.c.o
LOAD CMakeFiles/uniproger.dir/home/wm/pico-sdk/src/common/pico_sync/lock_core.c.o
LOAD CMakeFiles/uniproger.dir/home/wm/pico-sdk/src/common/pico_sync/mutex.c.o
LOAD CMakeFiles/uniproger.dir/home/wm/pico-sdk/src/common/pico_sync/critical_section.c.o
LOAD CMakeFiles/uniproger.dir/home/wm/pico-sdk/src/common/pico_time/time.c.o
LOAD CMakeFiles/uniproger.dir/home/wm/pico-sdk/src/common/pico_time/timeout_helper.c.o
LOAD CMakeFiles/uniproger.dir/home/wm/pico-sdk/src/rp2_common/hardware_timer/timer.c.o
LOAD CMakeFiles/uniproger.dir/home/wm/pico-sdk/src/common/pico_util/datetime.c.o
LOAD CMakeFiles/uniproger.dir/home/wm/pico-sdk/src/common/pico_util/pheap.c.o
LOAD CMakeFiles/uniproger.dir/home/wm/pico-sdk/src/common/pico_util/queue.c.o
LOAD CMakeFiles/uniproger.dir/home/wm/pico-sdk/src/rp2_common/hardware_uart/uart.c.o
LOAD CMakeFiles/uniproger.dir/home/wm/pico-sdk/src/rp2_common/hardware_clocks/clocks.c.o
LOAD CMakeFiles/uniproger.dir/home/wm/pico-sdk/src/rp2_common/hardware_pll/pll.c.o
LOAD CMakeFiles/uniproger.dir/home/wm/pico-sdk/src/rp2_common/hardware_vreg/vreg.c.o
LOAD CMakeFiles/uniproger.dir/home/wm/pico-sdk/src/rp2_common/hardware_watchdog/watchdog.c.o
LOAD CMakeFiles/uniproger.dir/home/wm/pico-sdk/src/rp2_common/hardware_ticks/ticks.c.o
LOAD CMakeFiles/uniproger.dir/home/wm/pico-sdk/src/rp2_common/pico_bootrom/bootrom.c.o
LOAD CMakeFiles/uniproger.dir/home/wm/pico-sdk/src/rp2_common/pico_bootrom/bootrom_lock.c.o
LOAD CMakeFiles/uniproger.dir/home/wm/pico-sdk/src/rp2_common/hardware_boot_lock/boot_lock.c.o
LOAD CMakeFiles/uniproger.dir/home/wm/pico-sdk/src/rp2_common/pico_flash/flash.c.o
LOAD CMakeFiles/uniproger.dir/home/wm/pico-sdk/src/rp2_common/hardware_xosc/xosc.c.o
LOAD CMakeFiles/uniproger.dir/home/wm/pico-sdk/src/rp2_common/hardware_divider/divider.S.o
LOAD CMakeFiles/uniproger.dir/home/wm/pico-sdk/src/rp2_common/pico_runtime/runtime.c.o
LOAD CMakeFiles/uniproger.dir/home/wm/pico-sdk/src/rp2_common/pico_runtime_init/runtime_init.c.o
LOAD CMakeFiles/uniproger.dir/home/wm/pico-sdk/src/rp2_common/pico_runtime_init/runtime_init_clocks.c.o
LOAD CMakeFiles/uniproger.dir/home/wm/pico-sdk/src/rp2_common/pico_runtime_init/runtime_init_stack_guard.c.o
LOAD CMakeFiles/uniproger.dir/home/wm/pico-sdk/src/rp2_common/pico_bit_ops/bit_ops_aeabi.S.o
LOAD CMakeFiles/uniproger.dir/home/wm/pico-sdk/src/rp2_common/pico_divider/divider_hardware.S.o
LOAD CMakeFiles/uniproger.dir/home/wm/pico-sdk/src/rp2_common/pico_double/double_aeabi_rp2040.S.o
LOAD CMakeFiles/uniproger.dir/home/wm/pico-sdk/src/rp2_common/pico_double/double_init_rom_rp2040.c.o
LOAD CMakeFiles/uniproger.dir/home/wm/pico-sdk/src/rp2_common/pico_double/double_math.c.o
LOAD CMakeFiles/uniproger.dir/home/wm/pico-sdk/src/rp2_common/pico_double/double_v1_rom_shim_rp2040.S.o
LOAD CMakeFiles/uniproger.dir/home/wm/pico-sdk/src/rp2_common/pico_int64_ops/pico_int64_ops_aeabi.S.o
LOAD CMakeFiles/uniproger.dir/home/wm/pico-sdk/src/rp2_common/pico_float/float_aeabi_rp2040.S.o
LOAD CMakeFiles/uniproger.dir/home/wm/pico-sdk/src/rp2_common/pico_float/float_init_rom_rp2040.c.o
LOAD CMakeFiles/uniproger.dir/home/wm/pico-sdk/src/rp2_common/pico_float/float_math.c.o
LOAD CMakeFiles/uniproger.dir/home/wm/pico-sdk/src/rp2_common/pico_float/float_v1_rom_shim_rp2040.S.o
LOAD CMakeFiles/uniproger.dir/home/wm/pico-sdk/src/rp2_common/pico_malloc/malloc.c.o
LOAD CMakeFiles/uniproger.dir/home/wm/pico-sdk/src/rp2_common/pico_mem_ops/mem_ops_aeabi.S.o
LOAD CMakeFiles/uniproger.dir/home/wm/pico-sdk/src/rp2_common/pico_atomic/atomic.c.o
LOAD CMakeFiles/uniproger.dir/home/wm/pico-sdk/src/rp2_common/pico_cxx_options/new_delete.cpp.o
LOAD CMakeFiles/uniproger.dir/home/wm/pico-sdk/src/rp2_common/pico_standard_binary_info/standard_binary_info.c.o
LOAD CMakeFiles/uniproger.dir/home/wm/pico-sdk/src/rp2_common/pico_printf/printf.c.o
LOAD CMakeFiles/uniproger.dir/home/wm/pico-sdk/src/rp2_common/pico_crt0/crt0.S.o
LOAD CMakeFiles/uniproger.dir/home/wm/pico-sdk/src/rp2_common/pico_clib_interface/newlib_interface.c.o
LOAD CMakeFiles/uniproger.dir/home/wm/pico-sdk/src/rp2_common/pico_stdio/stdio.c.o
LOAD CMakeFiles/uniproger.dir/home/wm/pico-sdk/src/rp2_common/pico_stdio_usb/reset_interface.c.o
LOAD CMakeFiles/uniproger.dir/home/wm/pico-sdk/src/rp2_common/pico_stdio_usb/stdio_usb.c.o
LOAD CMakeFiles/uniproger.dir/home/wm/pico-sdk/src/rp2_common/pico_stdio_usb/stdio_usb_descriptors.c.o
LOAD CMakeFiles/uniproger.dir/home/wm/pico-sdk/src/rp2_common/pico_unique_id/unique_id.c.o
LOAD CMakeFiles/uniproger.dir/home/wm/pico-sdk/src/rp2_common/hardware_flash/flash.c.o
LOAD CMakeFiles/uniproger.dir/home/wm/pico-sdk/src/rp2_common/hardware_xip_cache/xip_cache.c.o
LOAD CMakeFiles/uniproger.dir/home/wm/pico-sdk/lib/tinyusb/src/portable/raspberrypi/rp2040/dcd_rp2040.c.o
LOAD CMakeFiles/uniproger.dir/home/wm/pico-sdk/lib/tinyusb/src/portable/raspberrypi/rp2040/rp2040_usb.c.o
LOAD CMakeFiles/uniproger.dir/home/wm/pico-sdk/lib/tinyusb/src/device/usbd.c.o
LOAD CMakeFiles/uniproger.dir/home/wm/pico-sdk/lib/tinyusb/src/device/usbd_control.c.o
LOAD CMakeFiles/uniproger.dir/home/wm/pico-sdk/lib/tinyusb/src/class/audio/audio_device.c.o
LOAD CMakeFiles/uniproger.dir/home/wm/pico-sdk/lib/tinyusb/src/class/cdc/cdc_device.c.o
LOAD CMakeFiles/uniproger.dir/home/wm/pico-sdk/lib/tinyusb/src/class/dfu/dfu_device.c.o
LOAD CMakeFiles/uniproger.dir/home/wm/pico-sdk/lib/tinyusb/src/class/dfu/dfu_rt_device.c.o
LOAD CMakeFiles/uniproger.dir/home/wm/pico-sdk/lib/tinyusb/src/class/hid/hid_device.c.o
LOAD CMakeFiles/uniproger.dir/home/wm/pico-sdk/lib/tinyusb/src/class/midi/midi_device.c.o
LOAD CMakeFiles/uniproger.dir/home/wm/pico-sdk/lib/tinyusb/src/class/msc/msc_device.c.o
LOAD CMakeFiles/uniproger.dir/home/wm/pico-sdk/lib/tinyusb/src/class/net/ecm_rndis_device.c.o
LOAD CMakeFiles/uniproger.dir/home/wm/pico-sdk/lib/tinyusb/src/class/net/ncm_device.c.o
LOAD CMakeFiles/uniproger.dir/home/wm/pico-sdk/lib/tinyusb/src/class/usbtmc/usbtmc_device.c.o
LOAD CMakeFiles/uniproger.dir/home/wm/pico-sdk/lib/tinyusb/src/class/vendor/vendor_device.c.o
LOAD CMakeFiles/uniproger.dir/home/wm/pico-sdk/lib/tinyusb/src/class/video/video_device.c.o
LOAD CMakeFiles/uniproger.dir/home/wm/pico-sdk/lib/tinyusb/src/tusb.c.o
LOAD CMakeFiles/uniproger.dir/home/wm/pico-sdk/lib/tinyusb/src/common/tusb_fifo.c.o
LOAD CMakeFiles/uniproger.dir/home/wm/pico-sdk/src/rp2_common/pico_fix/rp2040_usb_device_enumeration/rp2040_usb_device_enumeration.c.o
LOAD CMakeFiles/uniproger.dir/home/wm/pico-sdk/src/rp2_common/hardware_spi/spi.c.o
LOAD CMakeFiles/uniproger.dir/home/wm/pico-sdk/src/rp2_common/hardware_i2c/i2c.c.o
LOAD CMakeFiles/uniproger.dir/home/wm/pico-sdk/src/rp2_common/hardware_dma/dma.c.o
LOAD CMakeFiles/uniproger.dir/home/wm/pico-sdk/src/rp2_common/hardware_pio/pio.c.o
LOAD CMakeFiles/uniproger.dir/home/wm/pico-sdk/lib/tinyusb/hw/bsp/rp2040/family.c.o
LOAD pico-sdk/src/rp2040/boot_stage2/CMakeFiles/bs2_default_library.dir/bs2_default_padded_checksummed.S.o
LOAD /home/wm/.local/opt/gcc-arm-none-eabi-10.3-2021.10/bin/../lib/gcc/arm-none-eabi/10.3.1/../../../../arm-none-eabi/lib/thumb/v6-m/nofp/libstdc++.a
LOAD /home/wm/.local/opt/gcc-arm-none-eabi-10.3-2021.10/bin/../lib/gcc/arm-none-eabi/10.3.1/../../../../arm-none-eabi/lib/thumb/v6-m/nofp/libm.a
START GROUP
LOAD /home/wm/.local/opt/gcc-arm-none-eabi-10.3-2021.10/bin/../lib/gcc/arm-none-eabi/10.3.1/thumb/v6-m/nofp/libgcc.a
LOAD /home/wm/.local/opt/gcc-arm-none-eabi-10.3-2021.10/bin/../lib/gcc/arm-none-eabi/10.3.1/../../../../arm-none-eabi/lib/thumb/v6-m/nofp/libg.a
LOAD /home/wm/.local/opt/gcc-arm-none-eabi-10.3-2021.10/bin/../lib/gcc/arm-none-eabi/10.3.1/../../../../arm-none-eabi/lib/thumb/v6-m/nofp/libc.a
END GROUP
START GROUP
LOAD /home/wm/.local/opt/gcc-arm-none-eabi-10.3-2021.10/bin/../lib/gcc/arm-none-eabi/10.3.1/thumb/v6-m/nofp/libgcc.a
LOAD /home/wm/.local/opt/gcc-arm-none-eabi-10.3-2021.10/bin/../lib/gcc/arm-none-eabi/10.3.1/../../../../arm-none-eabi/lib/thumb/v6-m/nofp/libc.a
LOAD /home/wm/.local/opt/gcc-arm-none-eabi-10.3-2021.10/bin/../lib/gcc/arm-none-eabi/10.3.1/../../../../arm-none-eabi/lib/thumb/v6-m/nofp/libnosys.a
END GROUP
LOAD /home/wm/.local/opt/gcc-arm-none-eabi-10.3-2021.10/bin/../lib/gcc/arm-none-eabi/10.3.1/thumb/v6-m/nofp/crtend.o
LOAD /home/wm/.local/opt/gcc-arm-none-eabi-10.3-2021.10/bin/../lib/gcc/arm-none-eabi/10.3.1/thumb/v6-m/nofp/crtn.o
OUTPUT(uniproger.elf elf32-littlearm)
LOAD linker stubs

.ARM.attributes
                0x0000000000000000       0x28
 .ARM.attributes
                0x0000000000000000       0x1e /home/wm/.local/opt/gcc-arm-none-eabi-10.3-2021.10/bin/../lib/gcc/arm-none-eabi/10.3.1/thumb/v6-m/nofp/crti.o
 .ARM.attributes
                0x000000000000001e       0x2c /home/wm/.local/opt/gcc-arm-none-eabi-10.3-2021.10/bin/../lib/gcc/arm-none-eabi/10.3.1/thumb/v6-m/nofp/crtbegin.o
 .ARM.attributes
                0x000000000000004a       0x2c CMakeFiles/uniproger.dir/src/main.c.o
 .ARM.attributes
                0x0000000000000076       0x2c CMakeFiles/uniproger.dir/src/core/device/device_registry.c.o
 .ARM.attributes
                0x00000000000000a2       0x2c CMakeFiles/uniproger.dir/src/core/device/memory/spi_flash.c.o
 .ARM.attributes
                0x00000000000000ce       0x2c CMakeFiles/uniproger.dir/src/core/device/memory/i2c_eeprom.c.o
 .ARM.attributes
                0x00000000000000fa       0x2c CMakeFiles/uniproger.dir/src/core/device/mcu/avr_isp.c.o
 .ARM.attributes
                0x0000000000000126       0x2c CMakeFiles/uniproger.dir/src/core/device/mcu/stm32_swd.c.o
 .ARM.attributes
                0x0000000000000152       0x2c CMakeFiles/uniproger.dir/src/core/utils/log.c.o
 .ARM.attributes
                0x000000000000017e       0x2c CMakeFiles/uniproger.dir/src/cli/cli.c.o
 .ARM.attributes
                0x00000000000001aa       0x2c CMakeFiles/uniproger.dir/src/cli/commands.c.o
 .ARM.attributes
                0x00000000000001d6       0x2c CMakeFiles/uniproger.dir/src/platform/rp2040/rp2040_platform.c.o
 .ARM.attributes
                0x0000000000000202       0x2c CMakeFiles/uniproger.dir/src/platform/rp2040/rp2040_hal_gpio.c.o
 .ARM.attributes
                0x000000000000022e       0x2c CMakeFiles/uniproger.dir/src/platform/rp2040/rp2040_hal_spi.c.o
 .ARM.attributes
                0x000000000000025a       0x2c CMakeFiles/uniproger.dir/src/platform/rp2040/rp2040_hal_timer.c.o
 .ARM.attributes
                0x0000000000000286       0x2c CMakeFiles/uniproger.dir/home/wm/pico-sdk/src/rp2_common/hardware_gpio/gpio.c.o
 .ARM.attributes
                0x00000000000002b2       0x2c CMakeFiles/uniproger.dir/home/wm/pico-sdk/src/rp2_common/pico_platform_panic/panic.c.o
 .ARM.attributes
                0x00000000000002de       0x2c CMakeFiles/uniproger.dir/home/wm/pico-sdk/src/common/hardware_claim/claim.c.o
 .ARM.attributes
                0x000000000000030a       0x2c CMakeFiles/uniproger.dir/home/wm/pico-sdk/src/rp2_common/hardware_sync/sync.c.o
 .ARM.attributes
                0x0000000000000336       0x2c CMakeFiles/uniproger.dir/home/wm/pico-sdk/src/rp2_common/hardware_sync_spin_lock/sync_spin_lock.c.o
 .ARM.attributes
                0x0000000000000362       0x2c CMakeFiles/uniproger.dir/home/wm/pico-sdk/src/rp2_common/hardware_irq/irq.c.o
 .ARM.attributes
                0x000000000000038e       0x2c CMakeFiles/uniproger.dir/home/wm/pico-sdk/src/common/pico_sync/lock_core.c.o
 .ARM.attributes
                0x00000000000003ba       0x2c CMakeFiles/uniproger.dir/home/wm/pico-sdk/src/common/pico_sync/mutex.c.o
 .ARM.attributes
                0x00000000000003e6       0x2c CMakeFiles/uniproger.dir/home/wm/pico-sdk/src/common/pico_time/time.c.o
 .ARM.attributes
                0x0000000000000412       0x2c CMakeFiles/uniproger.dir/home/wm/pico-sdk/src/rp2_common/hardware_timer/timer.c.o
 .ARM.attributes
                0x000000000000043e       0x2c CMakeFiles/uniproger.dir/home/wm/pico-sdk/src/rp2_common/hardware_clocks/clocks.c.o
 .ARM.attributes
                0x000000000000046a       0x2c CMakeFiles/uniproger.dir/home/wm/pico-sdk/src/rp2_common/hardware_pll/pll.c.o
 .ARM.attributes
                0x0000000000000496       0x2c CMakeFiles/uniproger.dir/home/wm/pico-sdk/src/rp2_common/hardware_watchdog/watchdog.c.o
 .ARM.attributes
                0x00000000000004c2       0x2c CMakeFiles/uniproger.dir/home/wm/pico-sdk/src/rp2_common/hardware_ticks/ticks.c.o
 .ARM.attributes
                0x00000000000004ee       0x2c CMakeFiles/uniproger.dir/home/wm/pico-sdk/src/rp2_common/pico_bootrom/bootrom.c.o
 .ARM.attributes
                0x000000000000051a       0x2c CMakeFiles/uniproger.dir/home/wm/pico-sdk/src/rp2_common/hardware_xosc/xosc.c.o
 .ARM.attributes
                0x0000000000000546       0x2c CMakeFiles/uniproger.dir/home/wm/pico-sdk/src/rp2_common/pico_runtime/runtime.c.o
 .ARM.attributes
                0x0000000000000572       0x2c CMakeFiles/uniproger.dir/home/wm/pico-sdk/src/rp2_common/pico_runtime_init/runtime_init.c.o
 .ARM.attributes
                0x000000000000059e       0x2c CMakeFiles/uniproger.dir/home/wm/pico-sdk/src/rp2_common/pico_runtime_init/runtime_init_clocks.c.o
 .ARM.attributes
                0x00000000000005ca       0x22 CMakeFiles/uniproger.dir/home/wm/pico-sdk/src/rp2_common/pico_bit_ops/bit_ops_aeabi.S.o
 .ARM.attributes
                0x00000000000005ec       0x22 CMakeFiles/uniproger.dir/home/wm/pico-sdk/src/rp2_common/pico_divider/divider_hardware.S.o
 .ARM.attributes
                0x000000000000060e       0x22 CMakeFiles/uniproger.dir/home/wm/pico-sdk/src/rp2_common/pico_double/double_aeabi_rp2040.S.o
 .ARM.attributes
                0x0000000000000630       0x2c CMakeFiles/uniproger.dir/home/wm/pico-sdk/src/rp2_common/pico_double/double_init_rom_rp2040.c.o
 .ARM.attributes
                0x000000000000065c       0x22 CMakeFiles/uniproger.dir/home/wm/pico-sdk/src/rp2_common/pico_double/double_v1_rom_shim_rp2040.S.o
 .ARM.attributes
                0x000000000000067e       0x22 CMakeFiles/uniproger.dir/home/wm/pico-sdk/src/rp2_common/pico_int64_ops/pico_int64_ops_aeabi.S.o
 .ARM.attributes
                0x00000000000006a0       0x22 CMakeFiles/uniproger.dir/home/wm/pico-sdk/src/rp2_common/pico_float/float_aeabi_rp2040.S.o
 .ARM.attributes
                0x00000000000006c2       0x2c CMakeFiles/uniproger.dir/home/wm/pico-sdk/src/rp2_common/pico_float/float_init_rom_rp2040.c.o
 .ARM.attributes
                0x00000000000006ee       0x22 CMakeFiles/uniproger.dir/home/wm/pico-sdk/src/rp2_common/pico_float/float_v1_rom_shim_rp2040.S.o
 .ARM.attributes
                0x0000000000000710       0x22 CMakeFiles/uniproger.dir/home/wm/pico-sdk/src/rp2_common/pico_mem_ops/mem_ops_aeabi.S.o
 .ARM.attributes
                0x0000000000000732       0x2c CMakeFiles/uniproger.dir/home/wm/pico-sdk/src/rp2_common/pico_standard_binary_info/standard_binary_info.c.o
 .ARM.attributes
                0x000000000000075e       0x2c CMakeFiles/uniproger.dir/home/wm/pico-sdk/src/rp2_common/pico_printf/printf.c.o
 .ARM.attributes
                0x000000000000078a       0x22 CMakeFiles/uniproger.dir/home/wm/pico-sdk/src/rp2_common/pico_crt0/crt0.S.o
 .ARM.attributes
                0x00000000000007ac       0x2c CMakeFiles/uniproger.dir/home/wm/pico-sdk/src/rp2_common/pico_clib_interface/newlib_interface.c.o
 .ARM.attributes
                0x00000000000007d8       0x2c CMakeFiles/uniproger.dir/home/wm/pico-sdk/src/rp2_common/pico_stdio/stdio.c.o
 .ARM.attributes
                0x0000000000000804       0x2c CMakeFiles/uniproger.dir/home/wm/pico-sdk/src/rp2_common/pico_stdio_usb/stdio_usb.c.o
 .ARM.attributes
                0x0000000000000830       0x2c CMakeFiles/uniproger.dir/home/wm/pico-sdk/src/rp2_common/pico_unique_id/unique_id.c.o
 .ARM.attributes
                0x000000000000085c       0x2c CMakeFiles/uniproger.dir/home/wm/pico-sdk/src/rp2_common/hardware_flash/flash.c.o
 .ARM.attributes
                0x0000000000000888       0x2c CMakeFiles/uniproger.dir/home/wm/pico-sdk/src/rp2_common/hardware_spi/spi.c.o
 .ARM.attributes
                0x00000000000008b4       0x2c CMakeFiles/uniproger.dir/home/wm/pico-sdk/lib/tinyusb/hw/bsp/rp2040/family.c.o
 .ARM.attributes
                0x00000000000008e0       0x22 pico-sdk/src/rp2040/boot_stage2/CMakeFiles/bs2_default_library.dir/bs2_default_padded_checksummed.S.o
 .ARM.attributes
                0x0000000000000902       0x1e /home/wm/.local/opt/gcc-arm-none-eabi-10.3-2021.10/bin/../lib/gcc/arm-none-eabi/10.3.1/thumb/v6-m/nofp/libgcc.a(_dvmd_tls.o)
 .ARM.attributes
                0x0000000000000920       0x2c /home/wm/.local/opt/gcc-arm-none-eabi-10.3-2021.10/bin/../lib/gcc/arm-none-eabi/10.3.1/../../../../arm-none-eabi/lib/thumb/v6-m/nofp/libg.a(lib_a-atoi.o)
 .ARM.attributes
                0x000000000000094c       0x2c /home/wm/.local/opt/gcc-arm-none-eabi-10.3-2021.10/bin/../lib/gcc/arm-none-eabi/10.3.1/../../../../arm-none-eabi/lib/thumb/v6-m/nofp/libg.a(lib_a-errno.o)
 .ARM.attributes
                0x0000000000000978       0x2c /home/wm/.local/opt/gcc-arm-none-eabi-10.3-2021.10/bin/../lib/gcc/arm-none-eabi/10.3.1/../../../../arm-none-eabi/lib/thumb/v6-m/nofp/libg.a(lib_a-impure.o)
 .ARM.attributes
                0x00000000000009a4       0x2c /home/wm/.local/opt/gcc-arm-none-eabi-10.3-2021.10/bin/../lib/gcc/arm-none-eabi/10.3.1/../../../../arm-none-eabi/lib/thumb/v6-m/nofp/libg.a(lib_a-memcmp.o)
 .ARM.attributes
                0x00000000000009d0       0x1b /home/wm/.local/opt/gcc-arm-none-eabi-10.3-2021.10/bin/../lib/gcc/arm-none-eabi/10.3.1/../../../../arm-none-eabi/lib/thumb/v6-m/nofp/libg.a(lib_a-strcmp.o)
 .ARM.attributes
                0x00000000000009eb       0x2c /home/wm/.local/opt/gcc-arm-none-eabi-10.3-2021.10/bin/../lib/gcc/arm-none-eabi/10.3.1/../../../../arm-none-eabi/lib/thumb/v6-m/nofp/libg.a(lib_a-strlen-stub.o)
 .ARM.attributes